{
    "$defs": {
        "חודש שכר": {
            "properties": {
                "החודש": {
                    "type": "number"
                },
                "השנה": {
                    "type": "number"
                }
            },
            "required": [
                "החודש",
                "השנה"
            ],
            "type": "object"
        },
        "נתוני תלוש": {
            "properties": {
                "הוותק לעניין מענק יובל": {
                    "type": "number"
                },
                "היקף המשרה": {
                    "type": "number"
                },
                "המורה": {
                    "$ref": "#/$defs/מורה"
                },
                "השכר החודשי הרגיל": {
                    "$ref": "#/$defs/שכר חודשי רגיל"
                },
                "חודש השכר": {
                    "$ref": "#/$defs/חודש שכר"
                },
                "חל עליו הסכם קיבוצי מאושר": {
                    "type": "boolean"
                },
                "חלקיות תקופת ההעסקה בשנה": {
                    "type": "number"
                },
                "מספר הילדים עד גיל 5": {
                    "type": "number"
                },
                "סכום קצובת הביגוד לרמה 4": {
                    "type": "number"
                }
            },
            "required": [
                "המורה",
                "חודש השכר",
                "היקף המשרה",
                "השכר החודשי הרגיל",
                "חלקיות תקופת ההעסקה בשנה",
                "הוותק לעניין מענק יובל",
                "מספר הילדים עד גיל 5",
                "סכום קצובת הביגוד לרמה 4",
                "חל עליו הסכם קיבוצי מאושר"
            ],
            "type": "object"
        },
        "שכר חודשי רגיל": {
            "properties": {
                "סכום גמול ליווי טיולים": {
                    "type": "number"
                },
                "סכום גמולי התפקיד": {
                    "type": "number"
                },
                "סכום השכר המשולב": {
                    "type": "number"
                },
                "סכום התוספת השקלית 2016": {
                    "type": "number"
                },
                "סכום התמורות לפי שעה": {
                    "type": "number"
                },
                "סכום תוספת אופק 2022": {
                    "type": "number"
                },
                "סכום תוספת התואר השלישי": {
                    "type": "number"
                }
            },
            "required": [
                "סכום השכר המשולב",
                "סכום תוספת אופק 2022",
                "סכום התוספת השקלית 2016",
                "סכום תוספת התואר השלישי",
                "סכום גמולי התפקיד",
                "סכום התמורות לפי שעה",
                "סכום גמול ליווי טיולים"
            ],
            "type": "object"
        }
    },
    "$schema": "https://json-schema.org/draft/2020-12/schema",
    "description": "הברוטו החודשי של מורה באופק חדש — סך שורות התלוש לאותו חודש, לאחר הפחתת השכר הסטטוטורית",
    "properties": {
        "נתוני התלוש": {
            "$ref": "#/$defs/נתוני תלוש",
            "description": "נתוני התלוש: המורה, החודש, היקף המשרה והרכיבים החוזרים"
        }
    },
    "required": [
        "נתוני התלוש"
    ],
    "title": "ברוטו חודשי של",
    "type": "object"
}
