`ימי הבראה לפי ותק של` with 3 is equal to 7
`ימי הבראה לפי ותק של` with 10 is equal to 9
`ימי הבראה לפי ותק של` with 15 is equal to 10
`ימי הבראה לפי ותק של` with 17 is equal to 11
`ימי הבראה לפי ותק של` with 19 is equal to 11
`ימי הבראה לפי ותק של` with 24 is equal to 12
`ימי הבראה לפי ותק של` with 25 is equal to 13
`ימי הבראה לפי ותק של` with 40 is equal to 13
`דמי הבראה של` with `תלוש יוני של מורה ביסודי ותק 17` is equal to 5627.6
`דמי הבראה של` with `תלוש חצי משרה ביוני` is equal to 2813.8
`סף הוותק למענק יובל בשלב` with חטיבת ביניים is equal to 25
`סף הוותק למענק יובל בשלב` with בית ספר יסודי is equal to 30
`זכאי למענק יובל` with `תלוש יוני של מורה בחטיבת ביניים ותק 26`
not `זכאי למענק יובל` with `תלוש יוני של מורה ביסודי ותק 26`
not `זכאי למענק יובל` with `תלוש יוני של מורה ביסודי ותק 17`
`מענק יובל של` with `תלוש יוני של מורה ביסודי ותק 17` is equal to 0
`משכורת קובעת לפנסיה לפי` with `שכר C3` is equal to 10124.19
`מענק יובל של` with `תלוש יוני של מורה בחטיבת ביניים ותק 26` is equal to 6074.514
`תוספת מעונות בעד` with 0 is equal to 0
`תוספת מעונות בעד` with 1 is equal to 372
`תוספת מעונות בעד` with 2 is equal to 623
the following must refuse: `תוספת מעונות בעד` with 3
the following must refuse: `אין בקורפוס תעריף תוספת מעונות בעד ילד שלישי ואילך`
`קצובת ביגוד של` with `תלוש יולי 2026 של מורה ביסודי ותק 17` is equal to 2118
the following must refuse: `קצובת הביגוד הנוספת למורה לחינוך גופני ולחינוך הטכנולוגי אינה מקודדת`
the following must refuse: `אין בקורפוס נתוני קצובת ביגוד לתשפ"ה ולכן הפחתת קצובת ביגוד 2025 אינה מחושבת`
`שיעור הפחתת השכר בעד` with `חודש שכר` with 3 and 2025 and `TRUE` is equal to 0
`שיעור הפחתת השכר בעד` with `אפריל 2025` and `TRUE` is equal to 0.03307
`שיעור הפחתת השכר בעד` with `אפריל 2025` and `FALSE` is equal to 0.03307
`שיעור הפחתת השכר בעד` with `מאי 2025` and `TRUE` is equal to 0.0095
`שיעור הפחתת השכר בעד` with `מאי 2025` and `FALSE` is equal to 0.03307
`שיעור הפחתת השכר בעד` with `דצמבר 2025` and `TRUE` is equal to 0.0095
`שיעור הפחתת השכר בעד` with `חודש שכר` with 1 and 2026 and `TRUE` is equal to 0.012
`שיעור הפחתת השכר בעד` with `דצמבר 2026` and `FALSE` is equal to 0.012
`שיעור הפחתת השכר בעד` with `חודש שכר` with 1 and 2027 and `TRUE` is equal to 0
`נכלל בבסיס הקובע` with שכר משולב לפי טבלת השכר
`נכלל בבסיס הקובע` with תמורה בעד פעילות בית ספרית
`נכלל בבסיס הקובע` with תוספת מעונות
not `נכלל בבסיס הקובע` with דמי הבראה
not `נכלל בבסיס הקובע` with קצובת ביגוד
not `נכלל בבסיס הקובע` with מענק יובל
`הבסיס הקובע לפי` with `שורות התלוש לפני ההפחתה של` with `תלוש יוני של מורה ביסודי ותק 17` is equal to `הבסיס הקובע לפי` with `שורות התלוש לפני ההפחתה של` with `תלוש מרץ 2026 של מורה ביסודי ותק 17`
`הבסיס הקובע לפי` with `שורות התלוש לפני ההפחתה של` with `תלוש יולי 2026 של מורה ביסודי ותק 17` is equal to `הבסיס הקובע לפי` with `שורות התלוש לפני ההפחתה של` with `תלוש מרץ 2026 של מורה ביסודי ותק 17`
`הבסיס הקובע לפי` with `שורות התלוש לפני ההפחתה של` with `תלוש מרץ 2026 של מורה ביסודי ותק 17` is equal to 11073.22
`count` with `שורות התלוש של` with `תלוש מרץ 2026 של מורה ביסודי ותק 17` is equal to 9
`count` with `שורות התלוש של` with `תלוש יוני של מורה ביסודי ותק 17` is equal to 11
`count` with `שורות התלוש של` with `תלוש יולי 2026 של מורה ביסודי ותק 17` is equal to 10
`ברוטו חודשי של` with `תלוש מרץ 2026 של מורה ביסודי ותק 17` is equal to 10940.34136
`ברוטו חודשי של` with `תלוש מאי 2025 של מורה ביסודי ותק 17` is equal to 10968.02441
`ברוטו חודשי של` with `תלוש יוני של מורה ביסודי ותק 17` is equal to the sum of `ברוטו חודשי של` with `תלוש מרץ 2026 של מורה ביסודי ותק 17` and 5627.6
`משולם מעבר להסדר התמורה הכולל` with גמול ליווי טיולים
not `משולם מעבר להסדר התמורה הכולל` with תמורה בעד מילוי מקום
not `משולם מעבר להסדר התמורה הכולל` with תמורה בעד פעילות בית ספרית
