@lang he

IMPORT prelude
IMPORT `he-domain`
IMPORT `he-tavlaot`
IMPORT `he-mishra`
IMPORT `he-sachar-meshulav`
IMPORT `he-gmulim`

§ `אופק חדש — הרכבת התלוש החודשי`

-- ===========================================================================
-- מה יש במודול הזה. התלוש: הסכום החודשי, הרכיבים המופיעים בחודשים מסוימים
-- בלבד (הבראה ומענק יובל ביוני, קצובת ביגוד ביולי, תוספת מעונות מדי חודש),
-- והפחתת השכר הסטטוטורית. זהו המודול היחיד בקידוד היודע איזה חודש עכשיו.
--
-- מה אין במודול הזה. אין כאן טבלת שכר, אין חישוב היקף משרה ואין שיעור גמול.
-- הרכיבים החוזרים מדי חודש נכנסים לכאן כנתון, ברשומה `שכר חודשי רגיל`,
-- ומי שמחשב אותם הם `he-tavlaot`, `he-mishra`, `he-sachar-meshulav`
-- ו-`he-gmulim`.
--
-- הערת חיווט, 19.9.2026. ארבעת המודולים האלה נכתבים במקביל וטרם קיימים
-- בעת כתיבת שורות אלה, ולכן המודול הזה מייבא את `he-domain` בלבד ומקבל את
-- תוצריהם כשדות ברשומה. החיווט הוא עריכה אחת: להחליף כל שדה ב-`שכר חודשי
-- רגיל` בקריאה לפונקציה המתאימה, ואת השדה `היקף המשרה` בקריאה ל-`he-mishra`.
-- מבנה הכללים עצמם אינו משתנה.
--
-- קו החיתוך. אלה הכללים היחידים בקידוד שתשובתם משתנה עם חודש הלוח ולא עם
-- המורה. השארתם בנפרד היא שמאפשרת לברוטו החוזר מדי חודש להיות ערך שמערכת
-- שכר יכולה להשתמש בו כמות שהוא, ולקפיצות של יוני ושל יולי להיות תוספתיות
-- וגלויות לעין.
--
-- מקורות: חוזר לבעלויות תשפ"ו/7 מיום 22.6.2026 (הבראה, מענק יובל); חוזר
-- לבעלויות תשע"ח/7 (קצובת ביגוד); חוזר שכר 2026-4-2 מיום 20.1.2026 (תוספת
-- מעונות); הסכם קיבוצי מאושר מיום 29.6.2026, סעיפים 8 עד 13 ו-20; חוק
-- להשגת יעדי התקציב לשנת 2025 מיום 27.3.2025, פרק ט', סעיפים 1 ו-3;
-- הסכם הבסיס מיום 25.12.2008, סעיף 32.
--
-- כתיב. אותן שלוש צורות של `he-domain`: טיפוס בצורת הציטוט, שדה בצורה
-- המיודעת, פרמטר בצורת הסמיכות. לשדה הנושא סכום כסף נבחרה כאן הצורה
-- "סכום ה־..." — `סכום השכר המשולב` ולא `שכר משולב` — כדי שלא יתנגש בשם
-- חבר המנייה `רכיב שכר` שב-`he-domain` הנושא בדיוק את אותו מונח.
-- ===========================================================================


§§ `חודש השכר`

-- שלושה מכשירים כאן קושרים תשלום לחודש לוח מפורש: חוזר תשפ"ו/7 סעיף 1.א
-- ("במשכורת חודש יוני 2026"), סעיף 2.א (אותו חודש), וחוזר תשע"ח/7 סעיף 1.א
-- ("במשכורת חודש יולי"). הסכם ההפחתה, לעומתם, קושר את עצמו לתקופות
-- קלנדריות בנות חודשים רבים. לכן החודש הוא זוג (חודש, שנה) ולא שם של חודש.

@ref חוזר לבעלויות תשפ"ו/7 סעיף 1.א ו־2.א; חוזר לבעלויות תשע"ח/7 סעיף 1.א
DECLARE `חודש שכר` HAS
    `החודש`   IS A NUMBER   @nlg:he מספר החודש בשנה, 1 עד 12
    `השנה`    IS A NUMBER   @nlg:he השנה הקלנדרית

-- מספר רץ של חודשים, כדי שהשוואת "בתקופה שמיום ... ועד יום ..." תהיה
-- השוואת מספרים אחת ולא השוואה מקוננת של שנה ואחריה חודש. אין לו מקור
-- במכשיר; זהו אמצעי חישוב.
GIVEN `חודש השכר` IS A `חודש שכר`
GIVETH A NUMBER
`מספר החודש הרציף של` `חודש השכר` MEANS
    (`חודש השכר`'s `השנה` TIMES 12) PLUS `חודש השכר`'s `החודש`

`אפריל 2025` MEANS `חודש שכר` OF 4, 2025
`מאי 2025`   MEANS `חודש שכר` OF 5, 2025
`דצמבר 2025` MEANS `חודש שכר` OF 12, 2025
`דצמבר 2026` MEANS `חודש שכר` OF 12, 2026

GIVEN `חודש השכר` IS A `חודש שכר`
GIVETH A BOOLEAN
`החודש הוא יוני` `חודש השכר` MEANS `חודש השכר`'s `החודש` EQUALS 6

GIVEN `חודש השכר` IS A `חודש שכר`
GIVETH A BOOLEAN
`החודש הוא יולי` `חודש השכר` MEANS `חודש השכר`'s `החודש` EQUALS 7


§§ `הרכיבים החוזרים מדי חודש — מה שהמודולים שמעל מספקים`

-- שבעה סכומים, אחד לכל רכיב חוזר שהטקסונומיה של `he-domain` מונה ושאינו
-- תלוי בחודש. הם מגיעים לכאן מחושבים ומשוערכים כבר להיקף המשרה; המודול
-- הזה אינו משערך אותם שנית. גמול ליווי טיולים יושב בשדה משלו ולא בתוך
-- `סכום התמורות לפי שעה`, משום שסעיף 32 להסכם הבסיס מוציא אותו במפורש
-- מהסדר התמורה הכולל — ההבחנה הזאת היא של המכשיר, לא שלנו.

@ref תקנון שירות עובדי הוראה סעיף 1.1; הסכם הבסיס סעיפים 29 עד 41; הסכם 19.10.2022
DECLARE `שכר חודשי רגיל` HAS
    `סכום השכר המשולב`          IS A NUMBER   @nlg:he השכר המשולב לפי טבלת השכר
    `סכום תוספת אופק 2022`      IS A NUMBER   @nlg:he תוספת אופק 2022
    `סכום התוספת השקלית 2016`   IS A NUMBER   @nlg:he התוספת השקלית 2016
    `סכום תוספת התואר השלישי`   IS A NUMBER   @nlg:he התוספת בעד תואר שלישי
    `סכום גמולי התפקיד`         IS A NUMBER   @nlg:he סך גמולי התפקיד
    `סכום התמורות לפי שעה`      IS A NUMBER   @nlg:he סך התמורות המשולמות לפי שעה
    `סכום גמול ליווי טיולים`    IS A NUMBER   @nlg:he גמול ליווי טיולים


§§ `נתוני התלוש`

-- רשומת הקלט של המודול. היא מרכיבה את המורה מ-`he-domain` יחד עם החודש,
-- עם היקף המשרה (שמקורו ב-`he-mishra`) ועם שלוש עובדות שרק החוזרים
-- שואלים עליהן.
--
-- `הוותק לעניין מענק יובל` הוא שדה נפרד מ-`הוותק המוכר` שברשומת המורה,
-- ובכוונה: סעיף 2.ד לחוזר תשפ"ו/7 קובע שמענק יובל ניתן לפי הוותק שנקבע
-- לעובד ההוראה בספטמבר בשנה שקדמה לתשלום, ואילו דמי ההבראה נמדדים לפי
-- הוותק בהוראה כפשוטו (סעיף 1.ג). שני מספרים שאינם חייבים להיות שווים,
-- ושתי שורות תלוש נפרדות.
--
-- `סכום קצובת הביגוד לרמה 4` הוא קלט ולא קבוע — ראה את ההערה בסעיף
-- קצובת הביגוד למטה.

@ref חוזר לבעלויות תשפ"ו/7 סעיפים 1.ד, 2.ד ו־2.ה.4; חוזר שכר 2026-4-2; הסכם מאושר 29.6.2026 סעיף 2
DECLARE `נתוני תלוש` HAS
    `המורה`                       IS A `מורה`        @nlg:he המורה שהתלוש שלו
    `חודש השכר`                   IS A `חודש שכר`    @nlg:he החודש שבעדו משולמת המשכורת
    `היקף המשרה`                  IS A NUMBER        @nlg:he היקף המשרה, כאשר 1 הוא משרה מלאה
    `השכר החודשי הרגיל`           IS A `שכר חודשי רגיל`  @nlg:he הרכיבים החוזרים מדי חודש
    `חלקיות תקופת ההעסקה בשנה`    IS A NUMBER        @nlg:he חלקיות תקופת ההעסקה באותה שנה, כאשר 1 היא שנה מלאה
    `הוותק לעניין מענק יובל`      IS A NUMBER        @nlg:he הוותק המצטבר שנקבע בספטמבר שקדם לתשלום
    `מספר הילדים עד גיל 5`        IS A NUMBER        @nlg:he מספר הילדים עד גיל 5 המזכים בתוספת מעונות
    `סכום קצובת הביגוד לרמה 4`    IS A NUMBER        @nlg:he סכום קצובת הביגוד לרמה 4 החל באותה שנת לימודים
    `חל עליו הסכם קיבוצי מאושר`   IS A BOOLEAN       @nlg:he האם חל עליו הסכם קיבוצי מאושר לעניין חוק ההפחתה

-- חלקיות המשרה לעניין הקצובות השנתיות, חסומה במשרה אחת. שלושת המכשירים
-- אומרים זאת באותן מילים: חוזר תשפ"ו/7 סעיף 1.ה ("זכאי לקצובת הבראה
-- הניתנת למועסק במשרה שלמה אחת בלבד"), אותו חוזר סעיף 2.ה.4 ("עד למשרה
-- אחת בלבד"), וחוזר תשע"ח/7 סעיף 1.ד ("ולא יותר ממשרה אחת מלאה").
@ref חוזר לבעלויות תשפ"ו/7 סעיפים 1.ה ו־2.ה.4; חוזר לבעלויות תשע"ח/7 סעיף 1.ד
GIVEN `נתוני התלוש` IS A `נתוני תלוש`
GIVETH A NUMBER
`חלקיות המשרה עד משרה אחת של` `נתוני התלוש` MEANS
    min (`נתוני התלוש`'s `היקף המשרה`) 1


§§ `סעיף 32 להסכם הבסיס — הסדר תמורה כולל`

-- סעיף 32 סיפה: "התמורה בגין עבודתו של עובד ההוראה בשעות עבודתו הרגילות,
-- במילוי מקום ובפעילויות בית ספריות ... מהווה הסדר תמורה כולל בגין כל
-- עבודתו של עובד ההוראה בתנאי הרפורמה, למעט תשלום גמול עבור ליווי טיולים
-- כמפורט בסעיף 40". זה כלל עם תשובה, ולכן הוא כלל ולא סירוב: רכיב אחד
-- בלבד יוצא מן ההסדר.
--
-- הסיפה השלישית ("אין באמור בסעיף זה כדי לגרוע מהזכויות של עובד ההוראה
-- על-פי דין") אינה מקודדת: היא מפנה אל כל הדין הישראלי, שאינו בקורפוס.

@ref הסכם הבסיס 25.12.2008, סעיף 32 — הסדר כולל
GIVEN `הרכיב` IS A `רכיב שכר`
GIVETH A BOOLEAN
`משולם מעבר להסדר התמורה הכולל` `הרכיב` MEANS
    CONSIDER `הרכיב`
    WHEN `גמול ליווי טיולים` THEN TRUE
    OTHERWISE                     FALSE


§§ `דמי הבראה — חוזר לבעלויות תשפ"ו/7 סעיף 1`

-- סעיף 1.ב: "ערך יום הבראה עודכן ל-511.6 ₪". הערך עצמו יושב ב-`he-tavlaot`,
-- שהוא הבעלים של הסכומים המודפסים (תכנית §3.3); כאן נשאר רק השם המקומי,
-- כדי שקוראי המודול הזה ימשיכו לקרוא לו בשמו — אמת אחת, שני שמות.
@ref חוזר לבעלויות תשפ"ו/7, סעיף 1.ב — הערך ב-`he-tavlaot`
`ערך יום הבראה בשנת תשפ"ו` MEANS `ערך יום הבראה`

-- סעיף 1.ג, טבלת ימי ההבראה לפי ותק עובד ההוראה, כסדר שורותיה בחוזר.
--
-- פיצול F-B1 (ראה את סיכום הפיצולים בתחתית הקובץ): הטבלה מדלגת מן השורה
-- "3 שנים ראשונות" אל השורה "4-10 שנים", ואינה אומרת דבר על ותק שבין 3
-- ל-4. הקריאה שנלקחה כאן היא שהטבלה ערוכה בשנים שלמות ושכל ותק שמעל 3
-- ומתחת ל-11 מזכה ב-9 ימים.
-- הטבלה עצמה יושבת ב-`he-tavlaot` (תכנית §3.3), והשם המקומי כאן מפנה
-- אליה. שתי ההעתקות נכתבו בנפרד והושוו: אותן שש רצועות, אותם ערכים.
@ref חוזר לבעלויות תשפ"ו/7, סעיף 1.ג — הטבלה ב-`he-tavlaot`
GIVEN `ותק המורה` IS A NUMBER
GIVETH A NUMBER
`ימי הבראה לפי ותק של` `ותק המורה` MEANS
    `ימי הבראה לפי ותק` `ותק המורה`

-- סעיף 1.ד: "עובד הוראה במשרה חלקית זכאי לקצובת הבראה בשיעור יחסי
-- לחלקיות משרתו באותה שנה (1/10 לכל חודש עבודה)". שתי שערוכים ולא אחד:
-- לחלקיות המשרה, ולחלקיות תקופת ההעסקה. הסוגריים הם שמגדירים את השני.
@ref חוזר לבעלויות תשפ"ו/7, סעיפים 1.ב, 1.ג, 1.ד ו־1.ה
GIVEN `נתוני התלוש` IS A `נתוני תלוש`
GIVETH A NUMBER
`דמי הבראה של` `נתוני התלוש` MEANS
          `ימי הבראה לפי ותק של` (`נתוני התלוש`'s `המורה`'s `הוותק המוכר`)
    TIMES `ערך יום הבראה בשנת תשפ"ו`
    TIMES `חלקיות המשרה עד משרה אחת של` `נתוני התלוש`
    TIMES `נתוני התלוש`'s `חלקיות תקופת ההעסקה בשנה`


§§ `מענק יובל — חוזר לבעלויות תשפ"ו/7 סעיף 2`

-- סעיף 2.ה.3 מותח את קו הזכאות לפי שלב החינוך: 25 שנה לחטיבת ביניים,
-- לחטיבה עליונה, לחינוך מיוחד מוכר שאינו רשמי באופק חדש ולמכללות
-- האקדמאיות להכשרת עובדי הוראה; 30 שנה לגני ילדים, ליסודי ולמכללות
-- להכשרת עובדי הוראה.
--
-- שתי הערות על הסעיף הזה, שתיהן פגמים במכשיר ולא בקידוד:
-- (1) המכללות מופיעות בשני צדי המשפט — פעם ברשימת ה-25 ופעם ברשימת ה-30.
--     זו סתירה פנימית בחוזר. היא אינה נוגעת לקידוד הזה, שהמורה שבו מלמד
--     בבית ספר יסודי או בחטיבת ביניים בלבד, ונרשמת כאן כדי שלא תיעלם.
-- (2) הסכם מיום 27.8.2008 נושא בקורפוס את הכותרת "ותק לעניין מענק יובל:
--     25 שנה במקום 30". הוא מעמיד קריאה מתחרה — 25 לכולם משנת 2008,
--     והבחנת שלבי החינוך שבחוזר היא שריד מת. הקריאה שנלקחה כאן היא
--     החוזר: הוא המאוחר, המפורט, והמופנה אל הבעלויות המשלמות בפועל.
--
-- לימבת "חינוך מיוחד מוכר שאינו רשמי" אינה יכולה לקום בקידוד הזה: תחולתו
-- היא מוסדות חינוך בשירות המדינה (סעיף 3 להסכם הבסיס), ומוסד מוכר שאינו
-- רשמי אינו כזה.

@ref חוזר לבעלויות תשפ"ו/7, סעיף 2.ה.3
GIVEN `שלב חינוך המורה` IS A `שלב חינוך`
GIVETH A NUMBER
`סף הוותק למענק יובל בשלב` `שלב חינוך המורה` MEANS
    CONSIDER `שלב חינוך המורה`
    WHEN `חטיבת ביניים`  THEN 25
    WHEN `בית ספר יסודי` THEN 30

-- סעיף 2.ב: "מענק יובל ישולם לעובד הוראה בעל ותק מצטבר בהוראה של 25 או 30
-- שנה ומעלה"; סעיף 2.ד: לפי הוותק שנקבע בספטמבר שקדם לתשלום.
@ref חוזר לבעלויות תשפ"ו/7, סעיפים 2.ב ו־2.ד
GIVEN `נתוני התלוש` IS A `נתוני תלוש`
GIVETH A BOOLEAN
DECIDE `זכאי למענק יובל` `נתוני התלוש` IF
        `נתוני התלוש`'s `הוותק לעניין מענק יובל`
    AT LEAST
        `סף הוותק למענק יובל בשלב` (`נתוני התלוש`'s `המורה`'s `ההעסקה`'s `שלב החינוך`)

-- סעיף 2.ג: "מענק יובל יהיה בשיעור 60% מהמשכורת הקובעת לפנסיה ולפיצויי
-- פיטורין, להוציא תשלומים חד-שנתיים, כגון ביגוד והבראה."
@ref חוזר לבעלויות תשפ"ו/7, סעיף 2.ג
`שיעור מענק היובל` MEANS 60%

-- פיצול F10 של התכנית, שבבעלות המודול הזה. המשכורת הקובעת לפנסיה אינה
-- מוגדרת בקורפוס עבור מורה ברפורמה אלא בהפניה: סעיף 150 להסכם הבסיס מפנה
-- להסכם קיבוצי מיום 31.8.2008 שאינו בקורפוס (פער G1), וסעיף 5.5 להסכם מיום
-- 19.10.2022 אומר רק שתוספת אופק 2022 בתוכה. הקריאה שנלקחה: שכר משולב,
-- תוספת אופק 2022 וגמולי התפקיד. הקריאה המתחרה מוסיפה גם את התוספת
-- השקלית 2016, ונדחתה מאותו טעם שבפיצול F2 — סעיף 5.5 ידע לומר זאת על
-- תוספת אופק ולא אמר זאת על התוספת השקלית.
--
-- הסיפה של סעיף 2.ג ("להוציא תשלומים חד-שנתיים, כגון ביגוד והבראה")
-- מתקיימת כאן מאליה: אף אחד משלושת הרכיבים אינו חד-שנתי.
@ref חוזר לבעלויות תשפ"ו/7 סעיף 2.ג; הסכם 19.10.2022 סעיף 5.5; הסכם הבסיס סעיף 150 (מפנה להסכם 31.8.2008 שאינו בקורפוס)
GIVEN `השכר החודשי הרגיל` IS A `שכר חודשי רגיל`
GIVETH A NUMBER
`משכורת קובעת לפנסיה לפי` `השכר החודשי הרגיל` MEANS
         `השכר החודשי הרגיל`'s `סכום השכר המשולב`
    PLUS `השכר החודשי הרגיל`'s `סכום תוספת אופק 2022`
    PLUS `השכר החודשי הרגיל`'s `סכום גמולי התפקיד`

-- סעיף 2.ה.4: "מענק יובל ישולם לעובד הוראה בהתאם לחלקיות משרתו באותה שנה
-- עד למשרה אחת בלבד, ובהתאם לחלקיות תקופת העסקה." אותם שני שערוכים כמו
-- בדמי ההבראה.
@ref חוזר לבעלויות תשפ"ו/7, סעיפים 2.ג ו־2.ה.4
GIVEN `נתוני התלוש` IS A `נתוני תלוש`
GIVETH A NUMBER
`מענק יובל של` `נתוני התלוש` MEANS
    IF   `זכאי למענק יובל` `נתוני התלוש`
    THEN       `שיעור מענק היובל`
         TIMES `משכורת קובעת לפנסיה לפי` (`נתוני התלוש`'s `השכר החודשי הרגיל`)
         TIMES `חלקיות המשרה עד משרה אחת של` `נתוני התלוש`
         TIMES `נתוני התלוש`'s `חלקיות תקופת ההעסקה בשנה`
    ELSE 0


§§ `קצובת ביגוד — חוזר לבעלויות תשע"ח/7`

-- סעיף 1.א: "יש לשלמה במלואה במשכורת חודש יולי". סעיף 1.ג: "התשלום יהיה
-- לפי רמה 4, קרי 2118 ₪". סעיף 1.ד: "קצובת הביגוד תשולם יחסית להיקף
-- המשרה של העובד ולא יותר ממשרה אחת מלאה (100%)".
--
-- פער G4. החוזר האחרון בעניין קצובת ביגוד שיש בקורפוס הוא תשע"ח/7 משנת
-- 2018, ושמונה עדכונים שנתיים חסרים ממנו. לכן הסכום הוא שדה קלט
-- (`סכום קצובת הביגוד לרמה 4`) ולא קבוע שהמודול מחזיר, והקבוע שלמטה נושא
-- בשמו את שנת הלימודים שאליה הוא שייך. מי שמריץ את הקידוד על תשפ"ו ואינו
-- מחליף את הערך — מקבל מספר בן שמונה שנים, והשם אומר לו זאת.
@ref חוזר לבעלויות תשע"ח/7, סעיף 1.ג
`קצובת ביגוד לרמה 4 בשנת תשע"ח` MEANS 2118

@ref חוזר לבעלויות תשע"ח/7, סעיפים 1.ג ו־1.ד
GIVEN `נתוני התלוש` IS A `נתוני תלוש`
GIVETH A NUMBER
`קצובת ביגוד של` `נתוני התלוש` MEANS
          `נתוני התלוש`'s `סכום קצובת הביגוד לרמה 4`
    TIMES `חלקיות המשרה עד משרה אחת של` `נתוני התלוש`

-- סעיפים 2 ו-3 לאותו חוזר — קצובת ביגוד נוספת למורה לחינוך גופני, וקצובה
-- לעובד הוראה בחינוך הטכנולוגי — אינן מקודדות. שתי סיבות, ושתיהן ראויות
-- להיאמר: `he-domain` אינו נושא שדה שממנו אפשר לדעת שהמורה מלמד חינוך
-- גופני או מקצוע טכנולוגי, וטבלת הסכומים שבסעיף 2 הגיעה משובשת בתעתיק
-- הקורפוס (שלוש רצועות העסקה ושני סכומים, 676 ו-1349, בלי שאפשר לומר
-- בוודאות איזה סכום שייך לאיזו רצועה).
@ref חוזר לבעלויות תשע"ח/7, סעיפים 2 ו־3
GIVETH A NUMBER
`קצובת הביגוד הנוספת למורה לחינוך גופני ולחינוך הטכנולוגי אינה מקודדת` MEANS
    REFUSE "קצובת הביגוד הנוספת למורה לחינוך גופני ולחינוך הטכנולוגי אינה מקודדת"

-- סעיף 20 להסכם המאושר מיום 29.6.2026 מטיל הפחתה חד-פעמית מן המשכורת שבה
-- משולמת קצובת הביגוד בעד שנת הלימודים תשפ"ה בלבד: סך ההפרש בין הקצובה
-- הצמודה למדד לבין הקצובה הלא-צמודה, ועוד 91 ₪, יחסית לחלקיות המשרה.
-- האיבר הראשון אינו ניתן לחישוב מן הקורפוס — הקורפוס אינו נושא את סכום
-- הקצובה לתשפ"ה כלל, לא צמוד ולא שאינו צמוד (אותו פער G4) — ולכן סירוב.
@ref הסכם קיבוצי מאושר 29.6.2026, סעיף 20.א(1)(א) ו־(ב)
GIVETH A NUMBER
`אין בקורפוס נתוני קצובת ביגוד לתשפ"ה ולכן הפחתת קצובת ביגוד 2025 אינה מחושבת` MEANS
    REFUSE "אין בקורפוס נתוני קצובת ביגוד לתשפ״ה ולכן הפחתת קצובת ביגוד 2025 אינה מחושבת"


§§ `תוספת מעונות — חוזר שכר 2026-4-2 מיום 20.1.2026`

-- החוזר: "על פי הקבוע בסעיף 11 להסכם המסגרת מיום 12.1.2011, סכום תוספת
-- מעונות (זכויות הוריות) עד גיל 5 תעודכן החל מיום 1.1.2026, בהתאם לשיעור
-- השינוי במדד (2.644%) כדלקמן: בעד ילד אחד / ילד ראשון - 372 ש"ח לחודש.
-- בעד ילד שני - 251 ש"ח לחודש."
--
-- החוזר הוא חוזר תעריפים בלבד: הוא מעדכן סכומים ואינו קובע תנאי זכאות ולא
-- אופן שערוך. תנאי הזכאות יושבים בסעיף 11 להסכם המסגרת מיום 12.1.2011,
-- שאינו בקורפוס — פער. לכן המודול מקבל את מספר הילדים המזכים כנתון ואינו
-- בודק דבר לגביהם, והתוספת אינה משוערכת להיקף המשרה: החוזר אומר "לחודש"
-- ולא אומר "יחסית לחלקיות המשרה", ו-`he-domain` מונה אותה תחת אופן השערוך
-- `לפי ילד`.
@ref חוזר שכר 2026-4-2 מיום 20.1.2026
`תוספת מעונות בעד ילד ראשון` MEANS 372

@ref חוזר שכר 2026-4-2 מיום 20.1.2026
`תוספת מעונות בעד ילד שני` MEANS 251

-- החוזר נוקב בשני תעריפים ועוצר. אין בו תעריף לילד שלישי, ואין בקורפוס
-- מכשיר אחר שנוקב באחד. זה חסר בדין ולא באג במודול, ולכן סירוב ולא אפס.
@ref חוזר שכר 2026-4-2 מיום 20.1.2026 — נוקב בתעריף לילד ראשון ולילד שני בלבד
GIVETH A NUMBER
`אין בקורפוס תעריף תוספת מעונות בעד ילד שלישי ואילך` MEANS
    REFUSE "אין בקורפוס תעריף תוספת מעונות בעד ילד שלישי ואילך"

@ref חוזר שכר 2026-4-2 מיום 20.1.2026
GIVEN `מספר הילדים` IS A NUMBER
GIVETH A NUMBER
`תוספת מעונות בעד` `מספר הילדים` MEANS
    BRANCH IF `מספר הילדים` AT MOST 0 THEN 0
           IF `מספר הילדים` EQUALS 1 THEN `תוספת מעונות בעד ילד ראשון`
           IF `מספר הילדים` EQUALS 2 THEN `תוספת מעונות בעד ילד ראשון` PLUS `תוספת מעונות בעד ילד שני`
           OTHERWISE                      `אין בקורפוס תעריף תוספת מעונות בעד ילד שלישי ואילך`


§§ `הפחתת שכר 2025—2026 — הסכם מאושר 29.6.2026 סעיפים 8 עד 13; חוק 27.3.2025 פרק ט'`

-- סעיף 8 מגדיר את "הבסיס הקובע" בדרך השלילה ולא בדרך המניין: "משכורת,
-- למעט כל אחד מאלה: (א) תשלומים שאינם משולמים על בסיס חודשי, שבועי או
-- יומי ואינם מחושבים על בסיס רכיבי שכר אחרים; (ב) דמי הבראה וקצובת ביגוד
-- או תשלומים אחרים הדומים להם במהותם אף אם כינויים שונה; (ג) החזר הוצאות;
-- (ד) גילום חלק מהמס החל על העובד אשר משולם בידי המעסיק."
--
-- הכלל שלמטה הוא בדיוק מבחן ההוצאה הזה, מוחל על כל אחד מששה-עשר רכיבי
-- הטקסונומיה של `he-domain`, ולכן הוא מנייה שלמה ולא רשימת חריגים.
-- שימו לב לצורת סעיף (א): הוא מוציא רק תשלום שגם אינו חודשי וגם אינו
-- מחושב מרכיבי שכר אחרים — צירוף "וגם", לא "או". תמורת מילוי מקום אינה
-- חודשית אך מחושבת מערך שעה, שהוא עצמו נגזר מן השכר המשולב, ולכן היא
-- בפנים.
--
-- פיצול F-B2: האם תוספת מעונות היא "החזר הוצאות" לפי סעיף (ג)? הקריאה
-- המתחרה אומרת שכן — שמה מפנה למעונות. הקריאה שנלקחה כאן אומרת שלא: היא
-- סכום חודשי קצוב לפי מספר ילדים, אינה נדרשת לקבלה ואינה מוחזרת כנגד
-- הוצאה שהוצאה בפועל, והחוזר קורא לה "תוספת". לכן היא בתוך הבסיס.
--
-- פיצול F9 של התכנית: תשלום עבור פעילויות בית ספריות בתוך הבסיס. סעיף 8
-- טורח להגדיר את המונח ואינו משתמש בו באף סעיף מבצע בתעתיק שבקורפוס.
-- הגדרה בלא שימוש היא חתימתו של סעיף שהתעתיק אינו נושא; עד שיימצא, אין
-- סעיף מבצע שמוציא אותו, ולכן הוא בפנים.
@ref הסכם קיבוצי מאושר 29.6.2026, סעיף 8 — הגדרת "הבסיס הקובע"
GIVEN `הרכיב` IS A `רכיב שכר`
GIVETH A BOOLEAN
`נכלל בבסיס הקובע` `הרכיב` MEANS
    CONSIDER `הרכיב`
    WHEN `שכר משולב`               THEN TRUE
    WHEN `תוספת אופק 2022`         THEN TRUE
    WHEN `תוספת שקלית 2016`        THEN TRUE
    WHEN `תוספת תואר שלישי`        THEN TRUE
    WHEN `גמול תפקיד`              THEN TRUE
    WHEN `גמול חינוך מיוחד`        THEN TRUE
    WHEN `גמול מחוננים`            THEN TRUE
    WHEN `גמול ליווי טיולים`       THEN TRUE
    WHEN `תמורת מילוי מקום`        THEN TRUE
    WHEN `תמורת פעילות בית ספרית`  THEN TRUE
    WHEN `תמורה מעל 100% משרה`     THEN TRUE
    WHEN `תוספת מעונות`            THEN TRUE
    WHEN `דמי הבראה`               THEN FALSE
    WHEN `קצובת ביגוד`             THEN FALSE
    WHEN `מענק יובל`               THEN FALSE
    WHEN `הפחתת שכר 2025—2026`     THEN FALSE

@ref הסכם קיבוצי מאושר 29.6.2026, סעיף 8
GIVEN `שורות התלוש` IS A LIST OF `שורת תשלום`
GIVETH A NUMBER
`הבסיס הקובע לפי` `שורות התלוש` MEANS
    sum (map (GIVEN `שורה` YIELD `שורה`'s `הסכום`)
             (filter (GIVEN `שורה` YIELD `נכלל בבסיס הקובע` (`שורה`'s `הרכיב`))
                     `שורות התלוש`))

-- סעיף 3 לחוק מיום 27.3.2025 קובע את השיעורים החלים על עובד שלא חל עליו
-- הסכם קיבוצי מאושר: 3.307% בתקופה הקובעת הראשונה (1.4.2025 עד 31.12.2025)
-- ו-1.2% בתקופה הקובעת השנייה (1.1.2026 עד 31.12.2026).
@ref חוק 27.3.2025, פרק ט', סעיף 3(1) ו־3(2); ההגדרות בסעיף 1
`שיעור ההפחתה לפי חוק בתקופה הראשונה` MEANS 3.307%
`שיעור ההפחתה לפי חוק בתקופה השנייה`   MEANS 1.2%

-- סעיף 9 להסכם המאושר קובע את השיעורים המוסכמים: 0.95% מיום 1.5.2025 עד
-- 31.12.2025, ו-1.2% מיום 1.1.2026 עד 31.12.2026.
@ref הסכם קיבוצי מאושר 29.6.2026, סעיף 9.א ו־9.ב
`שיעור ההפחתה המוסכם בתקופה הראשונה` MEANS 0.95%
`שיעור ההפחתה המוסכם בתקופה השנייה`   MEANS 1.2%

-- סדר הזרועות הוא סדר המכשירים, וההכרעה היא הכרעת ההתאמה הראשונה:
--
--   לפני אפריל 2025   — אין הפחתה. סעיף 13 רישה: ההפחתה שבסעיף 9 לא תחול
--                        על סכומים המשולמים בעד תקופה שקדמה לחודש מאי 2025;
--                        וסעיף 1 לחוק פותח את התקופה הקובעת הראשונה רק
--                        ב-1.4.2025.
--   אפריל 2025        — שיעור החוק, לכל עובד. סעיף 13 סיפה אומר זאת
--                        במפורש: "לגבי תשלומים ... בעד חודש אפריל 2025,
--                        תחול ההפחתה הקבועה בסעיף 3 לחוק".
--   מאי עד דצמבר 2025 — 0.95% למי שחל עליו הסכם מאושר, 3.307% לאחר.
--   שנת 2026          — 1.2%, ובשני המסלולים אותו שיעור.
--   אחרי דצמבר 2026   — אין הפחתה: פרק ט' לחוק הוא הוראת שעה, ושתי
--                        התקופות הקובעות שבסעיף 1 מסתיימות ב-31.12.2026.
--                        זהו האפס של המכשיר עצמו ולא ברירת מחדל שהומצאה.
--
-- סעיף 11 (מורה שהעסקתו החלה לאחר מאי 2025 — ההפחתה מתחילת העסקתו) נופל
-- מכאן מאליו: החישוב הוא לפי החודש שבעדו משולמת המשכורת, וחודש שלפני
-- תחילת ההעסקה אינו מגיע לכאן כלל.
@ref הסכם קיבוצי מאושר 29.6.2026, סעיפים 9, 11 ו־13; חוק 27.3.2025 סעיפים 1 ו־3
GIVEN `חודש השכר` IS A `חודש שכר`, `חל הסכם מאושר` IS A BOOLEAN
GIVETH A NUMBER
`שיעור הפחתת השכר בעד` `חודש השכר` `חל הסכם מאושר` MEANS
    BRANCH IF `סדר החודש` BELOW  `סדר אפריל 2025`                  THEN 0
           IF `סדר החודש` EQUALS `סדר אפריל 2025`                  THEN `שיעור ההפחתה לפי חוק בתקופה הראשונה`
           IF `סדר החודש` AT MOST `סדר דצמבר 2025` AND `חל הסכם מאושר` THEN `שיעור ההפחתה המוסכם בתקופה הראשונה`
           IF `סדר החודש` AT MOST `סדר דצמבר 2025`                  THEN `שיעור ההפחתה לפי חוק בתקופה הראשונה`
           IF `סדר החודש` AT MOST `סדר דצמבר 2026` AND `חל הסכם מאושר` THEN `שיעור ההפחתה המוסכם בתקופה השנייה`
           IF `סדר החודש` AT MOST `סדר דצמבר 2026`                  THEN `שיעור ההפחתה לפי חוק בתקופה השנייה`
           OTHERWISE                                                     0
    WHERE
        `סדר החודש`      MEANS `מספר החודש הרציף של` `חודש השכר`
        `סדר אפריל 2025` MEANS `מספר החודש הרציף של` `אפריל 2025`
        `סדר דצמבר 2025` MEANS `מספר החודש הרציף של` `דצמבר 2025`
        `סדר דצמבר 2026` MEANS `מספר החודש הרציף של` `דצמבר 2026`

-- סעיף 12 (הפחתת הבסיס לחישוב ההפרשות לקרן השתלמות באותו שיעור) אינו
-- מקודד: הקידוד אינו נושא הפרשות לקרן השתלמות כשורת תלוש, והוא נרשם כאן
-- כדי שקורא יידע שהסעיף נקרא ונשקל.
--
-- סעיף 17: "הסכום הכולל של ההפחתות המפורטות בסעיפים 9 עד 16 יופיע בשורה
-- אחת בתלוש המשכורת של עובד ההוראה, ויכונה 'חוק הת. כלכלית אופק'". לכן
-- שורה אחת בסימן שלילי, ולא הפחתה המפוזרת על פני הרכיבים.
@ref הסכם קיבוצי מאושר 29.6.2026, סעיפים 9 ו־17
GIVEN `נתוני התלוש` IS A `נתוני תלוש`, `שורות התלוש` IS A LIST OF `שורת תשלום`
GIVETH A NUMBER
`הפחתת השכר של` `נתוני התלוש` `שורות התלוש` MEANS
    0 MINUS (      `שיעור הפחתת השכר בעד`
                       (`נתוני התלוש`'s `חודש השכר`)
                       (`נתוני התלוש`'s `חל עליו הסכם קיבוצי מאושר`)
             TIMES `הבסיס הקובע לפי` `שורות התלוש`)

-- סעיף 18: ההפחתות אינן באות בחשבון לעניין תשלום חד-פעמי עקב סיום עבודה,
-- הפרשות לקופת גמל לקצבה, המשכורת הקובעת לפנסיה תקציבית, תשלומי פנסיה
-- תקציבית ותשלומי גישור — ואלה ישולמו כאילו לא הופחתו. אף אחד מחמשת
-- העניינים אינו שורת תלוש חודשית בקידוד הזה, ולכן אין לו כלל; הוא נרשם
-- כדי שמי שיוסיף בעתיד מודול פנסיה יידע שהסעיף ממתין לו.


§§ `הרכבת התלוש`

-- שורות השכר החוזרות מדי חודש, כסדר הטקסונומיה של `he-domain`. תוספת
-- המעונות בתוכן: היא חודשית, ואינה תלויה בחודש הלוח.
-- שורה אחת בתלוש: רכיב וסכומו. הפונקציה קיימת משום שצורת ה-OF הישירה
-- (`שורת תשלום` OF `שכר משולב`, 100) נושאת פסיק משלה, והוא מתנגש בפסיקי
-- ה-LIST שסביבה. נמדד: הרשימה שלמטה, כתובה בצורת OF, נדחית בשגיאת פריסה.
GIVEN `הרכיב` IS A `רכיב שכר`, `הסכום` IS A NUMBER
GIVETH A `שורת תשלום`
`שורה בעד` `הרכיב` `הסכום` MEANS `שורת תשלום` OF `הרכיב`, `הסכום`

@ref תקנון שירות עובדי הוראה סעיף 1.1; חוזר שכר 2026-4-2
GIVEN `נתוני התלוש` IS A `נתוני תלוש`
GIVETH A LIST OF `שורת תשלום`
`השורות החוזרות מדי חודש של` `נתוני התלוש` MEANS
    --             הרכיב                      הסכום
    LIST `שורה בעד` `שכר משולב`              (`הרגיל`'s `סכום השכר המשולב`)
       , `שורה בעד` `תוספת אופק 2022`        (`הרגיל`'s `סכום תוספת אופק 2022`)
       , `שורה בעד` `תוספת שקלית 2016`       (`הרגיל`'s `סכום התוספת השקלית 2016`)
       , `שורה בעד` `תוספת תואר שלישי`       (`הרגיל`'s `סכום תוספת התואר השלישי`)
       , `שורה בעד` `גמול תפקיד`             (`הרגיל`'s `סכום גמולי התפקיד`)
       , `שורה בעד` `תמורת מילוי מקום`       (`הרגיל`'s `סכום התמורות לפי שעה`)
       , `שורה בעד` `גמול ליווי טיולים`      (`הרגיל`'s `סכום גמול ליווי טיולים`)
       , `שורה בעד` `תוספת מעונות`           (`תוספת מעונות בעד` (`נתוני התלוש`'s `מספר הילדים עד גיל 5`))
    WHERE
        `הרגיל` MEANS `נתוני התלוש`'s `השכר החודשי הרגיל`

-- שתי השורות שיוני מוסיף, ושורת יולי האחת. חוזר תשפ"ו/7 סעיפים 1.א ו-2.א
-- קובעים את יוני; חוזר תשע"ח/7 סעיף 1.א קובע את יולי.
@ref חוזר לבעלויות תשפ"ו/7 סעיפים 1.א ו־2.א
GIVEN `נתוני התלוש` IS A `נתוני תלוש`
GIVETH A LIST OF `שורת תשלום`
`שורות חודש יוני של` `נתוני התלוש` MEANS
    IF   `החודש הוא יוני` (`נתוני התלוש`'s `חודש השכר`)
    THEN LIST `שורה בעד` `דמי הבראה` (`דמי הבראה של` `נתוני התלוש`)
            , `שורה בעד` `מענק יובל` (`מענק יובל של` `נתוני התלוש`)
    ELSE EMPTY

@ref חוזר לבעלויות תשע"ח/7, סעיף 1.א
GIVEN `נתוני התלוש` IS A `נתוני תלוש`
GIVETH A LIST OF `שורת תשלום`
`שורות חודש יולי של` `נתוני התלוש` MEANS
    IF   `החודש הוא יולי` (`נתוני התלוש`'s `חודש השכר`)
    THEN LIST `שורה בעד` `קצובת ביגוד` (`קצובת ביגוד של` `נתוני התלוש`)
    ELSE EMPTY

-- התלוש לפני ההפחתה. סדר השורות הוא סדר המכשירים: הרכיבים החוזרים, ואחר
-- כך מה שהחודש מוסיף.
@ref חוזר לבעלויות תשפ"ו/7; חוזר לבעלויות תשע"ח/7; תקנון שירות עובדי הוראה סעיף 1.1
GIVEN `נתוני התלוש` IS A `נתוני תלוש`
GIVETH A LIST OF `שורת תשלום`
`שורות התלוש לפני ההפחתה של` `נתוני התלוש` MEANS
    concat (LIST `השורות החוזרות מדי חודש של` `נתוני התלוש`
              , `שורות חודש יוני של` `נתוני התלוש`
              , `שורות חודש יולי של` `נתוני התלוש`)

-- התלוש המלא: כל האמור לעיל, ושורת ההפחתה האחת שסעיף 17 מצווה עליה.
-- ההפחתה מחושבת על הבסיס הקובע, שאינו כולל את דמי ההבראה ואת קצובת
-- הביגוד — ולכן שורות יוני ויולי נכנסות לסכום התלוש אך לא לבסיס ההפחתה.
@ref הסכם קיבוצי מאושר 29.6.2026, סעיפים 8, 9 ו־17
GIVEN `נתוני התלוש` IS A `נתוני תלוש`
GIVETH A LIST OF `שורת תשלום`
`שורות התלוש של` `נתוני התלוש` MEANS
    append `הלפני`
           (LIST `שורה בעד` `הפחתת שכר 2025—2026` (`הפחתת השכר של` `נתוני התלוש` `הלפני`))
    WHERE
        `הלפני` MEANS `שורות התלוש לפני ההפחתה של` `נתוני התלוש`

@export הברוטו החודשי של מורה באופק חדש — סך שורות התלוש לאותו חודש, לאחר הפחתת השכר הסטטוטורית
@ref הסכם הבסיס סעיף 32; חוזר תשפ"ו/7; חוזר תשע"ח/7; הסכם מאושר 29.6.2026
GIVEN `נתוני התלוש` IS A `נתוני תלוש`   @desc נתוני התלוש: המורה, החודש, היקף המשרה והרכיבים החוזרים
GIVETH A NUMBER
`ברוטו חודשי של` `נתוני התלוש` MEANS
    sum (map (GIVEN `שורה` YIELD `שורה`'s `הסכום`)
             (`שורות התלוש של` `נתוני התלוש`))


§§ `מקרי בוחן`

-- הפיקסטורות. המספרים ברשומת `שכר חודשי רגיל` הם של מקרה C3 שבתכנית —
-- מורה בעל תואר ראשון, יסודי, משרה מלאה, דרגה 3, ותק 6: שכר משולב
-- 8,038.19, תוספת אופק 1,086, תוספת שקלית 949.03, וגמול חינוך 1,000
-- (רצפת סעיף 10.1 להסכם 19.10.2022 גוברת על זרוע האחוזים). הם נכתבים כאן
-- כמספרים משום ש-`he-tavlaot` ו-`he-sachar-meshulav` טרם קיימים; משיהיו,
-- הם יגיעו משם ולא ישתנה דבר בכללים שלמעלה.

`שבוע עבודה יסודי` MEANS `שבוע עבודה` OF 26, 5, 5

`העסקה ביסודי` MEANS `העסקה` WITH
    `שלב החינוך`    IS `בית ספר יסודי`
    `סוג המוסד`     IS `בית ספר רגיל`
    `סוג ההוראה`    IS `הוראה רגילה`
    `בסיס המשרה`    IS `בסיס משרה של בית ספר יסודי`
    `שבוע העבודה`   IS `שבוע עבודה יסודי`
    `התפקידים`      IS LIST `מחנך כיתה`

`העסקה בחטיבת ביניים` MEANS `העסקה` WITH
    `שלב החינוך`    IS `חטיבת ביניים`
    `סוג המוסד`     IS `בית ספר רגיל`
    `סוג ההוראה`    IS `הוראה רגילה`
    `בסיס המשרה`    IS `בסיס משרה של חטיבת ביניים`
    `שבוע העבודה`   IS `שבוע עבודה` OF 23, 4, 9
    `התפקידים`      IS LIST `ממונה שכבה`

`מורה ביסודי ותק 17` MEANS `מורה` WITH
    `המעמד ברפורמה`    IS `מורה קיים`
    `מעמד ההשכלה`      IS `בעל תואר ראשון`
    `בעל תואר שלישי`   IS FALSE
    `רצועת הגיל`       IS `מתחת לגיל 50`
    `הדרגה`            IS `דרגה 3`
    `הוותק המוכר`      IS 17
    `היא מורה אם`      IS FALSE
    `ההעסקה`           IS `העסקה ביסודי`

`מורה ביסודי ותק 26` MEANS `מורה` WITH
    `המעמד ברפורמה`    IS `מורה קיים`
    `מעמד ההשכלה`      IS `בעל תואר ראשון`
    `בעל תואר שלישי`   IS FALSE
    `רצועת הגיל`       IS `גיל 50 עד 54`
    `הדרגה`            IS `דרגה 5`
    `הוותק המוכר`      IS 26
    `היא מורה אם`      IS FALSE
    `ההעסקה`           IS `העסקה ביסודי`

`מורה בחטיבת ביניים ותק 26` MEANS `מורה` WITH
    `המעמד ברפורמה`    IS `מורה קיים`
    `מעמד ההשכלה`      IS `בעל תואר ראשון`
    `בעל תואר שלישי`   IS FALSE
    `רצועת הגיל`       IS `גיל 50 עד 54`
    `הדרגה`            IS `דרגה 5`
    `הוותק המוכר`      IS 26
    `היא מורה אם`      IS FALSE
    `ההעסקה`           IS `העסקה בחטיבת ביניים`

`שכר C3` MEANS `שכר חודשי רגיל` WITH
    `סכום השכר המשולב`          IS 8038.19
    `סכום תוספת אופק 2022`      IS 1086
    `סכום התוספת השקלית 2016`   IS 949.03
    `סכום תוספת התואר השלישי`   IS 0
    `סכום גמולי התפקיד`         IS 1000
    `סכום התמורות לפי שעה`      IS 0
    `סכום גמול ליווי טיולים`    IS 0

-- מקרה C14 שבתכנית: תלוש חודש יוני של מורת C3, בוותק 17.
`תלוש יוני של מורה ביסודי ותק 17` MEANS `נתוני תלוש` WITH
    `המורה`                       IS `מורה ביסודי ותק 17`
    `חודש השכר`                   IS `חודש שכר` OF 6, 2026
    `היקף המשרה`                  IS 1
    `השכר החודשי הרגיל`           IS `שכר C3`
    `חלקיות תקופת ההעסקה בשנה`    IS 1
    `הוותק לעניין מענק יובל`      IS 17
    `מספר הילדים עד גיל 5`        IS 0
    `סכום קצובת הביגוד לרמה 4`    IS `קצובת ביגוד לרמה 4 בשנת תשע"ח`
    `חל עליו הסכם קיבוצי מאושר`   IS TRUE

-- מקרה C15: אותו חודש, ותק 26, בחטיבת ביניים מזה וביסודי מזה.
`תלוש יוני של מורה בחטיבת ביניים ותק 26` MEANS `נתוני תלוש` WITH
    `המורה`                       IS `מורה בחטיבת ביניים ותק 26`
    `חודש השכר`                   IS `חודש שכר` OF 6, 2026
    `היקף המשרה`                  IS 1
    `השכר החודשי הרגיל`           IS `שכר C3`
    `חלקיות תקופת ההעסקה בשנה`    IS 1
    `הוותק לעניין מענק יובל`      IS 26
    `מספר הילדים עד גיל 5`        IS 0
    `סכום קצובת הביגוד לרמה 4`    IS `קצובת ביגוד לרמה 4 בשנת תשע"ח`
    `חל עליו הסכם קיבוצי מאושר`   IS TRUE

`תלוש יוני של מורה ביסודי ותק 26` MEANS `נתוני תלוש` WITH
    `המורה`                       IS `מורה ביסודי ותק 26`
    `חודש השכר`                   IS `חודש שכר` OF 6, 2026
    `היקף המשרה`                  IS 1
    `השכר החודשי הרגיל`           IS `שכר C3`
    `חלקיות תקופת ההעסקה בשנה`    IS 1
    `הוותק לעניין מענק יובל`      IS 26
    `מספר הילדים עד גיל 5`        IS 0
    `סכום קצובת הביגוד לרמה 4`    IS `קצובת ביגוד לרמה 4 בשנת תשע"ח`
    `חל עליו הסכם קיבוצי מאושר`   IS TRUE

-- מקרה C16: אותה מורה בחודש רגיל, ובחודש יולי.
`תלוש מרץ 2026 של מורה ביסודי ותק 17` MEANS `נתוני תלוש` WITH
    `המורה`                       IS `מורה ביסודי ותק 17`
    `חודש השכר`                   IS `חודש שכר` OF 3, 2026
    `היקף המשרה`                  IS 1
    `השכר החודשי הרגיל`           IS `שכר C3`
    `חלקיות תקופת ההעסקה בשנה`    IS 1
    `הוותק לעניין מענק יובל`      IS 17
    `מספר הילדים עד גיל 5`        IS 0
    `סכום קצובת הביגוד לרמה 4`    IS `קצובת ביגוד לרמה 4 בשנת תשע"ח`
    `חל עליו הסכם קיבוצי מאושר`   IS TRUE

`תלוש יולי 2026 של מורה ביסודי ותק 17` MEANS `נתוני תלוש` WITH
    `המורה`                       IS `מורה ביסודי ותק 17`
    `חודש השכר`                   IS `חודש שכר` OF 7, 2026
    `היקף המשרה`                  IS 1
    `השכר החודשי הרגיל`           IS `שכר C3`
    `חלקיות תקופת ההעסקה בשנה`    IS 1
    `הוותק לעניין מענק יובל`      IS 17
    `מספר הילדים עד גיל 5`        IS 0
    `סכום קצובת הביגוד לרמה 4`    IS `קצובת ביגוד לרמה 4 בשנת תשע"ח`
    `חל עליו הסכם קיבוצי מאושר`   IS TRUE

`תלוש מאי 2025 של מורה ביסודי ותק 17` MEANS `נתוני תלוש` WITH
    `המורה`                       IS `מורה ביסודי ותק 17`
    `חודש השכר`                   IS `חודש שכר` OF 5, 2025
    `היקף המשרה`                  IS 1
    `השכר החודשי הרגיל`           IS `שכר C3`
    `חלקיות תקופת ההעסקה בשנה`    IS 1
    `הוותק לעניין מענק יובל`      IS 17
    `מספר הילדים עד גיל 5`        IS 0
    `סכום קצובת הביגוד לרמה 4`    IS `קצובת ביגוד לרמה 4 בשנת תשע"ח`
    `חל עליו הסכם קיבוצי מאושר`   IS TRUE

`תלוש חצי משרה ביוני` MEANS `נתוני תלוש` WITH
    `המורה`                       IS `מורה ביסודי ותק 17`
    `חודש השכר`                   IS `חודש שכר` OF 6, 2026
    `היקף המשרה`                  IS 0.5
    `השכר החודשי הרגיל`           IS `שכר C3`
    `חלקיות תקופת ההעסקה בשנה`    IS 1
    `הוותק לעניין מענק יובל`      IS 17
    `מספר הילדים עד גיל 5`        IS 0
    `סכום קצובת הביגוד לרמה 4`    IS `קצובת ביגוד לרמה 4 בשנת תשע"ח`
    `חל עליו הסכם קיבוצי מאושר`   IS TRUE

-- --- דמי הבראה: שש שורות הטבלה שבסעיף 1.ג, שורה אחר שורה ---

#ASSERT `ימי הבראה לפי ותק של`  3 EQUALS  7
#ASSERT `ימי הבראה לפי ותק של` 10 EQUALS  9
#ASSERT `ימי הבראה לפי ותק של` 15 EQUALS 10
#ASSERT `ימי הבראה לפי ותק של` 17 EQUALS 11
#ASSERT `ימי הבראה לפי ותק של` 19 EQUALS 11
#ASSERT `ימי הבראה לפי ותק של` 24 EQUALS 12
#ASSERT `ימי הבראה לפי ותק של` 25 EQUALS 13
#ASSERT `ימי הבראה לפי ותק של` 40 EQUALS 13

-- מקרה C14: 11 ימים בערך 511.6 ₪ ליום, משרה מלאה ושנה מלאה.
#ASSERT `דמי הבראה של` `תלוש יוני של מורה ביסודי ותק 17` EQUALS 5627.6

-- סעיף 1.ד ו־1.ה: חצי משרה, חצי קצובה.
#ASSERT `דמי הבראה של` `תלוש חצי משרה ביוני` EQUALS 2813.8

-- --- מענק יובל: סף הוותק לפי שלב החינוך, סעיף 2.ה.3 ---

#ASSERT `סף הוותק למענק יובל בשלב` `חטיבת ביניים` EQUALS 25
#ASSERT `סף הוותק למענק יובל בשלב` `בית ספר יסודי` EQUALS 30

-- מקרה C15: בוותק 26 המורה בחטיבת הביניים זכאית ועמיתה ביסודי אינה זכאית.
#ASSERT `זכאי למענק יובל` `תלוש יוני של מורה בחטיבת ביניים ותק 26`
#ASSERT NOT (`זכאי למענק יובל` `תלוש יוני של מורה ביסודי ותק 26`)

-- מקרה C14: בוותק 17, ביסודי, אין זכאות.
#ASSERT NOT (`זכאי למענק יובל` `תלוש יוני של מורה ביסודי ותק 17`)
#ASSERT `מענק יובל של` `תלוש יוני של מורה ביסודי ותק 17` EQUALS 0

-- סעיף 2.ג: 60% מן המשכורת הקובעת — 8038.19 + 1086 + 1000 = 10124.19.
#ASSERT `משכורת קובעת לפנסיה לפי` `שכר C3` EQUALS 10124.19
#ASSERT `מענק יובל של` `תלוש יוני של מורה בחטיבת ביניים ותק 26` EQUALS 6074.514

-- --- תוספת מעונות: שני התעריפים, והסירוב מעבר להם ---

#ASSERT `תוספת מעונות בעד` 0 EQUALS 0
#ASSERT `תוספת מעונות בעד` 1 EQUALS 372
#ASSERT `תוספת מעונות בעד` 2 EQUALS 623
#ASSERT REFUSED `תוספת מעונות בעד` 3
#ASSERT REFUSED `אין בקורפוס תעריף תוספת מעונות בעד ילד שלישי ואילך`

-- --- קצובת ביגוד: מה שאין בקורפוס ---

#ASSERT `קצובת ביגוד של` `תלוש יולי 2026 של מורה ביסודי ותק 17` EQUALS 2118
#ASSERT REFUSED `קצובת הביגוד הנוספת למורה לחינוך גופני ולחינוך הטכנולוגי אינה מקודדת`
#ASSERT REFUSED `אין בקורפוס נתוני קצובת ביגוד לתשפ"ה ולכן הפחתת קצובת ביגוד 2025 אינה מחושבת`

-- --- שיעור ההפחתה: זרוע אחת לכל תקופה, בשני המסלולים ---

#ASSERT `שיעור הפחתת השכר בעד` (`חודש שכר` OF 3, 2025) TRUE EQUALS 0
#ASSERT `שיעור הפחתת השכר בעד` `אפריל 2025` TRUE EQUALS 0.03307
#ASSERT `שיעור הפחתת השכר בעד` `אפריל 2025` FALSE EQUALS 0.03307
#ASSERT `שיעור הפחתת השכר בעד` `מאי 2025` TRUE EQUALS 0.0095
#ASSERT `שיעור הפחתת השכר בעד` `מאי 2025` FALSE EQUALS 0.03307
#ASSERT `שיעור הפחתת השכר בעד` `דצמבר 2025` TRUE EQUALS 0.0095
#ASSERT `שיעור הפחתת השכר בעד` (`חודש שכר` OF 1, 2026) TRUE EQUALS 0.012
#ASSERT `שיעור הפחתת השכר בעד` `דצמבר 2026` FALSE EQUALS 0.012
#ASSERT `שיעור הפחתת השכר בעד` (`חודש שכר` OF 1, 2027) TRUE EQUALS 0

-- --- הבסיס הקובע: סעיף 8(ב) מוציא הבראה וביגוד, סעיף 8(א) מוציא מענק יובל ---

#ASSERT `נכלל בבסיס הקובע` `שכר משולב`
#ASSERT `נכלל בבסיס הקובע` `תמורת פעילות בית ספרית`
#ASSERT `נכלל בבסיס הקובע` `תוספת מעונות`
#ASSERT NOT (`נכלל בבסיס הקובע` `דמי הבראה`)
#ASSERT NOT (`נכלל בבסיס הקובע` `קצובת ביגוד`)
#ASSERT NOT (`נכלל בבסיס הקובע` `מענק יובל`)

-- מקרה C16 בליבו: הבסיס הקובע של תלוש יוני שווה לזה של תלוש מרץ, כלומר
-- דמי ההבראה שנוספו ביוני לא נגעו בו.
#ASSERT `הבסיס הקובע לפי` (`שורות התלוש לפני ההפחתה של` `תלוש יוני של מורה ביסודי ותק 17`) EQUALS `הבסיס הקובע לפי` (`שורות התלוש לפני ההפחתה של` `תלוש מרץ 2026 של מורה ביסודי ותק 17`)

-- ואותו דבר ליולי ולקצובת הביגוד.
#ASSERT `הבסיס הקובע לפי` (`שורות התלוש לפני ההפחתה של` `תלוש יולי 2026 של מורה ביסודי ותק 17`) EQUALS `הבסיס הקובע לפי` (`שורות התלוש לפני ההפחתה של` `תלוש מרץ 2026 של מורה ביסודי ותק 17`)

-- הבסיס עצמו: 8038.19 + 1086 + 949.03 + 0 + 1000 + 0 + 0 + 0 = 11073.22.
#ASSERT `הבסיס הקובע לפי` (`שורות התלוש לפני ההפחתה של` `תלוש מרץ 2026 של מורה ביסודי ותק 17`) EQUALS 11073.22

-- --- הרכבת התלוש ---

-- חודש רגיל: שמונה שורות חוזרות ושורת ההפחתה.
#ASSERT count (`שורות התלוש של` `תלוש מרץ 2026 של מורה ביסודי ותק 17`) EQUALS 9

-- יוני מוסיף שתיים, יולי אחת.
#ASSERT count (`שורות התלוש של` `תלוש יוני של מורה ביסודי ותק 17`) EQUALS 11
#ASSERT count (`שורות התלוש של` `תלוש יולי 2026 של מורה ביסודי ותק 17`) EQUALS 10

-- מרץ 2026: 11073.22 פחות 1.2% ממנו.
#ASSERT `ברוטו חודשי של` `תלוש מרץ 2026 של מורה ביסודי ותק 17` EQUALS 10940.34136

-- מאי 2025: אותו תלוש, בשיעור ההפחתה של התקופה הראשונה.
#ASSERT `ברוטו חודשי של` `תלוש מאי 2025 של מורה ביסודי ותק 17` EQUALS 10968.02441

-- יוני 2026: אותו ברוטו של מרץ, ועוד דמי הבראה. ההפחתה לא זזה.
#ASSERT `ברוטו חודשי של` `תלוש יוני של מורה ביסודי ותק 17` EQUALS (`ברוטו חודשי של` `תלוש מרץ 2026 של מורה ביסודי ותק 17`) PLUS 5627.6

-- --- סעיף 32 להסכם הבסיס ---

#ASSERT `משולם מעבר להסדר התמורה הכולל` `גמול ליווי טיולים`
#ASSERT NOT (`משולם מעבר להסדר התמורה הכולל` `תמורת מילוי מקום`)
#ASSERT NOT (`משולם מעבר להסדר התמורה הכולל` `תמורת פעילות בית ספרית`)


§§ `פיצולים שנפתחו במודול הזה`

-- F-B1 — תפר בטבלת ימי ההבראה. סעיף 1.ג לחוזר תשפ"ו/7 מדפיס "3 שנים
-- ראשונות" ואחריה "4-10 שנים", ואינו אומר דבר על ותק שבין 3 ל-4.
--   קריאה א': הטבלה ערוכה בשנים שלמות, וכל ותק מעל 3 מזכה ב-9 ימים.
--   קריאה ב': רק ותק שלם 4 ומעלה מזכה ב-9, וותק 3.5 עדיין ב-7.
--   נלקחה א'. הרצועות שאחריה (11-15, 16-19, 20-24) נוגעות זו בזו בלי
--   פערים, ולכן הפער היחיד בין 3 ל-4 נקרא כקיצור לשוני ולא כרצועה שלישית.
--
-- F-B2 — האם תוספת מעונות היא "החזר הוצאות" לפי סעיף 8(ג) להסכם המאושר,
-- ולכן מחוץ לבסיס הקובע?
--   קריאה א': כן. שמה מפנה למעונות, ותכליתה לכסות הוצאת שמירת ילדים.
--   קריאה ב': לא. היא סכום חודשי קצוב לפי מספר ילדים, אינה נדרשת לקבלה
--   ואינה נמדדת כנגד הוצאה בפועל, והחוזר קורא לה "תוספת".
--   נלקחה ב'. ההפרש כספי אך קטן — 1.2% מ-372 ₪ לילד אחד.
--
-- F-B3 — שתי הוראות ותק שונות למענק יובל באותו חוזר. סעיף 2.ד: "מענק
-- יובל ניתן עפ"י הוותק שנקבע לעובד ההוראה בספטמבר בשנה שלפני תשלום מענק
-- יובל". סעיף 2.ה.2: "עובד הוראה שהשלים 25 או 30 שנות עבודה בישראל ...
-- ב-1 ביוני של אותה שנה נדונה ... יזכה באותה שנה במענק יובל".
--   קריאה א': סעיף 2.ד קובע איזה מספר נמדד, וסעיף 2.ה.2 מבטא את אותו כלל
--   מן הקצה השני.
--   קריאה ב': שני מבחנים שונים, ומורה שוותקו בספטמבר הקודם היה 24 ומשלים
--   25 עד 1 ביוני זכאי לפי 2.ה.2 ואינו זכאי לפי 2.ד.
--   נלקחה א', וסעיף 2.ד הוא המבצע. הקידוד מקבל את הוותק הזה כשדה קלט
--   נפרד (`הוותק לעניין מענק יובל`), כך שמי שמכריע אחרת מזין מספר אחר
--   ואינו נוגע בכלל.
--
-- F8 של התכנית נפתר לטובת החוזר ונרשם בגוף סעיף מענק היובל למעלה, יחד עם
-- סתירת המכללות שבתוך אותו משפט.
-- F9 ו-F10 של התכנית נפתרו כאן, כל אחד ליד הכלל שהוא נוגע בו.

§§ `פערים בקורפוס שהמודול הזה נתקל בהם`

-- G1 — ההסכם הקיבוצי מיום 31.8.2008 בדבר המשכורת הקובעת לפנסיה, שסעיף 150
--      להסכם הבסיס מפנה אליו, אינו בקורפוס. מענק היובל נשען עליו.
-- G4 — חוזר קצובת הביגוד האחרון בקורפוס הוא תשע"ח/7 (2018). שמונה עדכונים
--      חסרים, ולכן הסכום הוא קלט וקבוע 2118 נושא את שנתו בשמו.
-- חדש — סעיף 11 להסכם המסגרת מיום 12.1.2011, שהוא מקור הזכאות לתוספת
--      מעונות, אינו בקורפוס. החוזר שיש בו הוא חוזר תעריפים בלבד: הוא נוקב
--      בסכומים ואינו אומר מי זכאי, מה דינו של הורה יחיד ומה דינם של שני
--      הורים המועסקים שניהם בשירות הציבורי.
-- חדש — תעתיק החוק מיום 27.3.2025 שבקורפוס משובש בעמודות ה-OCR: הגדרת
--      "הבסיס הקובע" שבסעיף 1 מופיעה בו פעמיים־שלוש, מפוצלת בין שורות.
--      הנוסח הנקי של אותה הגדרה הוא סעיף 8 להסכם המאושר, ולכן הוא שצוטט
--      כאן, והחוק מובא כמקור הסמכות ולנוסח שיעור 3.307% בלבד.
-- חדש — סעיף 14 להסכם המאושר (הסדר מיוחד לתשלום עבור פעילויות בית ספריות
--      בחודשים ספטמבר עד דצמבר 2025) חסר ברובו בתעתיק, ומסומן ככזה בקורפוס
--      עצמו: "המשך הסעיף בראש עמ' 4 — ברובו לא קריא ב-OCR". הוא אינו מקודד.


§§ `התפר — בניית רכיבי השכר החוזרים מן המודולים שמעל`

-- המודול נכתב כשחלק משכניו טרם היו קיימים, ולכן שבעת הרכיבים החוזרים
-- הגיעו אליו כנתון ברשומה `שכר חודשי רגיל`. עתה חמישה מהם נגזרים מן
-- המכשירים, ושניים נשארים עובדות תלוש משום שאין מכשיר הגוזר אותם:
--   `סכום התמורות לפי שעה`   — סך התמורות שחושבו ב-`he-gmulim` לאותו חודש,
--                              שהוא תלוי דיווח ולא תלוי מורה
--   `סכום גמול ליווי טיולים` — כנ"ל, ותלוי גם בטבלה שכותרותיה אינן קריאות
--                              בקורפוס (סעיף 40(ב), סירוב מפורש ב-`he-gmulim`)
--
-- הכלל המוזן: אף אחד מן הכללים שלמעלה לא השתנה. זו פונקציה בונה אחת.

@ref תכנית §3.6; הסכם הבסיס 25.12.2008 סעיפים 36 ו־39; הסכם 19.10.2022 סעיפים 5.1 ו־5.3
GIVEN `המורה` IS A `מורה`,
      `שיעור הפרונטאליות בחינוך מיוחד` IS A NUMBER,
      `שיעור הפרונטאליות בכיתת מחוננים` IS A NUMBER,
      `סכום גמולי התפקיד שבמשכורת הקובעת` IS A NUMBER,
      `סכום התמורות לפי שעה בחודש` IS A NUMBER,
      `סכום גמול ליווי הטיולים בחודש` IS A NUMBER,
      `תפקידי המורה` IS A LIST OF `נתוני תפקיד`
GIVETH A `שכר חודשי רגיל`
@nlg:he רכיבי השכר החוזרים של המורה, כפי שהם מגיעים מן המודולים שמעל
`השכר החודשי הרגיל של` `המורה` `שיעור הפרונטאליות בחינוך מיוחד` `שיעור הפרונטאליות בכיתת מחוננים` `סכום גמולי התפקיד שבמשכורת הקובעת` `סכום התמורות לפי שעה בחודש` `סכום גמול ליווי הטיולים בחודש` `תפקידי המורה` MEANS
    `שכר חודשי רגיל` WITH
        `סכום השכר המשולב`
            IS `השכר המשולב של` `המורה` `בחלקיות משרה` (`חלקיות משרתו של` `המורה`)
        `סכום תוספת אופק 2022`
            IS `תוספת אופק 2022 של` `המורה` `בתקופה` `התקופה בשנת הלימודים תשפו` `לפי היקף משרתו`
        `סכום התוספת השקלית 2016`
            IS `תוספת שקלית 2016 של` `המורה` `בחלקיות משרה` (`חלקיות משרתו של` `המורה`)
        `סכום תוספת התואר השלישי`
            IS `תוספת תואר שלישי של` `המורה` `בחלקיות משרה` (`חלקיות משרתו של` `המורה`)
        `סכום גמולי התפקיד`
            IS `סך גמולי התפקיד` ((`המורה`'s `ההעסקה`)'s `שלב החינוך`)
                                 (`נתוני השכר של` `המורה` `שיעור הפרונטאליות בחינוך מיוחד` `שיעור הפרונטאליות בכיתת מחוננים` `סכום גמולי התפקיד שבמשכורת הקובעת`)
                                 `תפקידי המורה`
        `סכום התמורות לפי שעה`
            IS `סכום התמורות לפי שעה בחודש`
        `סכום גמול ליווי טיולים`
            IS `סכום גמול ליווי הטיולים בחודש`
