Parsing successful
Typechecking successful
Evaluation successful
he-brutto.l4:697:1-44:
  assertion satisfied
he-brutto.l4:698:1-44:
  assertion satisfied
he-brutto.l4:699:1-44:
  assertion satisfied
he-brutto.l4:700:1-44:
  assertion satisfied
he-brutto.l4:701:1-44:
  assertion satisfied
he-brutto.l4:702:1-44:
  assertion satisfied
he-brutto.l4:703:1-44:
  assertion satisfied
he-brutto.l4:704:1-44:
  assertion satisfied
he-brutto.l4:707:1-71:
  assertion satisfied
he-brutto.l4:710:1-59:
  assertion satisfied
he-brutto.l4:714:1-60:
  assertion satisfied
he-brutto.l4:715:1-61:
  assertion satisfied
he-brutto.l4:718:1-67:
  assertion satisfied
he-brutto.l4:719:1-66:
  assertion satisfied
he-brutto.l4:722:1-66:
  assertion satisfied
he-brutto.l4:723:1-66:
  assertion satisfied
he-brutto.l4:726:1-59:
  assertion satisfied
he-brutto.l4:727:1-80:
  assertion satisfied
he-brutto.l4:731:1-38:
  assertion satisfied
he-brutto.l4:732:1-40:
  assertion satisfied
he-brutto.l4:733:1-40:
  assertion satisfied
he-brutto.l4:734:1-37:
  assertion satisfied
he-brutto.l4:735:1-69:
  assertion satisfied
he-brutto.l4:739:1-76:
  assertion satisfied
he-brutto.l4:740:1-87:
  assertion satisfied
he-brutto.l4:741:1-95:
  assertion satisfied
he-brutto.l4:745:1-69:
  assertion satisfied
he-brutto.l4:746:1-64:
  assertion satisfied
he-brutto.l4:747:1-65:
  assertion satisfied
he-brutto.l4:748:1-61:
  assertion satisfied
he-brutto.l4:749:1-63:
  assertion satisfied
he-brutto.l4:750:1-63:
  assertion satisfied
he-brutto.l4:751:1-73:
  assertion satisfied
he-brutto.l4:752:1-63:
  assertion satisfied
he-brutto.l4:753:1-69:
  assertion satisfied
he-brutto.l4:757:1-39:
  assertion satisfied
he-brutto.l4:758:1-52:
  assertion satisfied
he-brutto.l4:759:1-42:
  assertion satisfied
he-brutto.l4:760:1-45:
  assertion satisfied
he-brutto.l4:761:1-47:
  assertion satisfied
he-brutto.l4:762:1-45:
  assertion satisfied
he-brutto.l4:766:1-185:
  assertion satisfied
he-brutto.l4:769:1-190:
  assertion satisfied
he-brutto.l4:772:1-111:
  assertion satisfied
he-brutto.l4:777:1-80:
  assertion satisfied
he-brutto.l4:780:1-77:
  assertion satisfied
he-brutto.l4:781:1-82:
  assertion satisfied
he-brutto.l4:784:1-82:
  assertion satisfied
he-brutto.l4:787:1-82:
  assertion satisfied
he-brutto.l4:790:1-135:
  assertion satisfied
he-brutto.l4:794:1-60:
  assertion satisfied
he-brutto.l4:795:1-65:
  assertion satisfied
he-brutto.l4:796:1-71:
  assertion satisfied
