`סך שעות השבוע יסודי מלא` is equal to 36
`שעות למשרה מלאה ביסודי` is equal to 36
the sum of the sum of `שכר משולב במקרה 1` and `תוספת אופק במקרה 1` and `תוספת שקלית בדרגה 1`
`שכר משולב במקרה 2` is equal to the product of `שכר משולב במקרה 1` and 1.05
`מורה מקרה 2` 's `הדרגה` is equal to `מורה מקרה 1` 's `הדרגה`
`בסיס הגמול האחוזי במקרה 3` is equal to 9123.73
`הזרוע האחוזית של גמול החינוך במקרה 3` is less than `רצפת גמול חינוך`
`גמול החינוך במקרה 3` is equal to `רצפת גמול חינוך`
`רצפת גמול חינוך` is less than the product of 0.1 and the sum of `בסיס הגמול האחוזי במקרה 3` and `תוספת שקלית בדרגה 3`
`הברוטו החודשי במקרה 3`
`סך שעות השבוע יסודי בחצי משרה` is equal to 18
`היקף המשרה במקרה 4` is equal to the result of dividing `סך שעות השבוע יסודי בחצי משרה` by `שעות למשרה מלאה ביסודי`
`תוספת אופק לתשלום במקרה 4` is equal to 292.77
`רצפת גמול חינוך` is less than `גמול החינוך במקרה 4`
`רצפת גמול חינוך` is less than the product of `שיעור גמול חינוך לכיתה שאינה כיתה א'` and the sum of `שכר משולב מלא במקרה 4` and `תוספת אופק לתשלום במקרה 4`
`סך שעות השבוע יסודי מלא לבן 52` is equal to 34
`שעות למשרה מלאה ביסודי לבן 50 עד 54` is equal to `סך שעות השבוע יסודי מלא לבן 52`
2 is equal to the difference between `שבוע יסודי מלא לבן 52` 's `השעות הפרונטאליות` and `שבוע יסודי מלא` 's `השעות הפרונטאליות`
`שבוע יסודי מלא` 's `השעות הפרטניות` is equal to `שבוע יסודי מלא לבן 52` 's `השעות הפרטניות`
`שבוע יסודי מלא` 's `שעות השהייה` is equal to `שבוע יסודי מלא לבן 52` 's `שעות השהייה`
`ערך שעה במקרה 5 לפי קריאה א` is less than `ערך שעה במקרה 5 לפי קריאה ב`
`ערך שעה במקרה 5 לפי קריאה ב`
`סך שעות השבוע חטיבת ביניים מלא` is equal to `שעות למשרה מלאה בחטיבת ביניים`
`שעות תפקיד במקום שעות פרונטאליות במקרה 6` is equal to 3
`שעות תפקיד במקום שעות פרטניות במקרה 6` is equal to 3
`שעות פרונטאליות בפועל במקרה 6` is equal to 20
`מכסה מינימלית של שעות פרונטאליות בפועל לרכז שכבה` is less than `שעות פרונטאליות בפועל במקרה 6`
`הזרוע האחוזית של גמול ממונה שכבה במקרה 6` is less than `רצפת גמול ממונה שכבה`
`גמול ממונה שכבה במקרה 6` is equal to `רצפת גמול ממונה שכבה`
the product of `שיעור גמול ממונה שכבה עד 4 כיתות` and `בסיס הגמול האחוזי במקרה 6` is less than `רצפת גמול ממונה שכבה`
`ערך שעה לפי 31(א)(1) במקרה 7` is less than `ערך שעה לפי 31(א)(3) במקרה 7`
`גמול החינוך במקרה 3` is equal to the difference between `בסיס ערך שעה לפי 31(א)(1) במקרה 7` and `בסיס ערך שעה לפי 31(א)(3) במקרה 7`
`תמורת מילוי מקום במקרה 7`
`שעות פעילות בית ספרית שדווחו במקרה 8` is equal to `תקרת שעות פעילות בית ספרית במחצית`
the following must refuse: `תמורת השעה התשע־עשרה במקרה 8`
the product of the product of `שיעור תמורת פעילות בית ספרית` and `ערך שעה לפי 31(א)(1) במקרה 7` and 18 is less than `תמורת פעילות בית ספרית במקרה 8`
`תמורת פעילות בית ספרית במקרה 8`
`מספר גמולי התפקיד הנמנים במקרה 9` is equal to `תקרת גמולי תפקיד ללא אישור מנהל מחוז`
`גמול חינוך מיוחד במקרה 9` is less than the product of `שיעור גמול חינוך מיוחד` and `בסיס הגמול האחוזי במקרה 9`
`גמול רכז מקצוע במקרה 9` is equal to `גמול רכז בטחון במקרה 9`
the sum of the sum of `גמול חינוך מיוחד במקרה 9` and `גמול רכז מקצוע במקרה 9` and `גמול רכז בטחון במקרה 9`
`מספר התפקידים הנמנים במקרה 10` is equal to 3
`תקרת גמולי תפקיד ללא אישור מנהל מחוז` is less than `מספר התפקידים הנמנים במקרה 10`
the following must refuse: `הגמול השלישי במקרה 10 ללא אישור מנהל מחוז`
0 is less than `הגמול השלישי במקרה 10 באישור מנהל מחוז`
`תוספת תואר שלישי במקרה 11` is less than `תוספת תואר שלישי במקרה 11 לפי בסיס הגמולים`
the product of `שיעור תוספת תואר שלישי` and `תוספת אופק במקרה 11` is equal to the difference between `תוספת תואר שלישי במקרה 11` and `תוספת תואר שלישי במקרה 11 לפי בסיס הגמולים`
`תוספת תואר שלישי במקרה 11`
`תוספת אופק בדרגה 4 לפי נספח ג'1` is equal to `תוספת אופק בדרגה 4 לפי נספח ג'3`
`תוספת אופק במקרה 12` is less than `תוספת אופק בדרגה 4 לפי נספח ג'3`
`תוספת שקלית בדרגה 4.5` is less than `תוספת שקלית בדרגה 4`
the sum of the sum of `שכר משולב במקרה 12` and `תוספת אופק במקרה 12` and `תוספת שקלית בדרגה 4.5`
`סך השעות השבועיות במקרה 13` is equal to 38
`סך השעות השבועיות במקרה 13` is less than `תקרת שעות שבועית לפי 33(ד)`
`תמורה מעל 100% משרה במקרה 13` is less than the product of the product of `שיעור תמורת מילוי מקום` and `ערך שעה לפי 31(א)(1) במקרה 7` and `שעות מעבר למשרה מלאה במקרה 13`
`שיעור תמורה מעל 100% משרה` is less than `שיעור תמורת מילוי מקום`
`תמורה מעל 100% משרה במקרה 13`
`דמי הבראה במקרה 14` is equal to 5627.6
`ותק במקרה 14` is less than `ותק מזכה במענק יובל ביסודי`
`ותק במקרה 14` is less than `ותק מזכה במענק יובל בחטיבת ביניים`
the following must refuse: `מענק יובל במקרה 14`
`תלוש יוני במקרה 14`
`ותק מזכה במענק יובל בחטיבת ביניים` is less than `ותק במקרה 15`
`ותק במקרה 15` is less than `ותק מזכה במענק יובל ביסודי`
the following must refuse: `מענק יובל לעמית ביסודי באותו ותק`
`מענק יובל במקרה 15` is less than the product of `שיעור מענק יובל` and the sum of `משכורת קובעת במקרה 15` and `תוספת שקלית בדרגה 4`
`מענק יובל במקרה 15`
`הפחתת השכר בחודש מאי 2025 במקרה 16` is less than `הפחתת השכר בחודש בשנת 2026 במקרה 16`
`שיעור הפחתת השכר בשנת 2025` is less than `שיעור הפחתת השכר בשנת 2026`
`הפחתת השכר בתלוש יוני של מקרה 14` is less than the product of `שיעור הפחתת השכר בשנת 2026` and `תלוש יוני במקרה 14`
the product of `שיעור הפחתת השכר בשנת 2026` and `דמי הבראה במקרה 14` is equal to the difference between `הפחתת השכר בתלוש יוני של מקרה 14` and the product of `שיעור הפחתת השכר בשנת 2026` and `תלוש יוני במקרה 14`
`הפחתת השכר בחודש בשנת 2026 במקרה 16`
`שנות שהייה שנצברו במקרה 17` is equal to `שנות שהייה לקידום מדרגה 1 לדרגה 2`
`שנות שהייה לפי סעיף 38(ג) ו־38(ד)` is less than `שנות שהייה אילו נספרה גם שנת חל"ת`
1 is equal to the difference between `שנות שהייה לפי סעיף 38(ג) ו־38(ד)` and `שנות שהייה אילו נספרה גם שנת חל"ת`
0.01 is greater than the difference between the product of `שכר משולב לפני הקידום במקרה 17` and `מדרגת הדרגה שבטבלה` and `שכר משולב אחרי הקידום במקרה 17`
0.01 is greater than the difference between `שכר משולב אחרי הקידום במקרה 17` and the product of `שכר משולב לפני הקידום במקרה 17` and `מדרגת הדרגה שבטבלה`
`שכר משולב בדרגה 1 ותק 2` is equal to the product of `שכר משולב במקרה 1` and `מדרגת הוותק בשורות 2 עד 7`
`שכר משולב לפני הקידום במקרה 17` is equal to the product of `שכר משולב בדרגה 1 ותק 2` and `מדרגת הוותק בשורות 2 עד 7`
the following must refuse: `עמידה בקריטריוני הקידום במקרה 17`
`שיעור המשרות המשובצות בדרגה 7 במקרה 18` is equal to `מכסת המשרות בדרגה 7`
`שנות ההמתנה שנצברו במקרה 18` is less than `מספר השנים המרבי שקידום לדרגה 7 יימנע`
the following must refuse: `הדרגה לשנה הנוכחית במקרה 18`
`מספר השנים המרבי שקידום לדרגה 7 יימנע` is less than `שנות ההמתנה בשנה הרביעית`
`שכר משולב במקרה 1` is equal to השכר המשולב לפי הטבלה, למשרה מלאה with `מורה מקרה 1`
`שכר משולב במקרה 2` is equal to השכר המשולב לפי הטבלה, למשרה מלאה with `מורה מקרה 2`
`שכר משולב במקרה 3` is equal to השכר המשולב לפי הטבלה, למשרה מלאה with `מורה מקרה 3`
`שכר משולב מלא במקרה 4` is equal to השכר המשולב לפי הטבלה, למשרה מלאה with `מורה מקרה 4`
`שכר משולב במקרה 6` is equal to השכר המשולב לפי הטבלה, למשרה מלאה with `מורה מקרה 6`
`שכר משולב בטבלה במקרה 11` is equal to השכר המשולב לפי הטבלה, למשרה מלאה with `מורה מקרה 11`
`שכר משולב במקרה 12` is equal to השכר המשולב לפי הטבלה, למשרה מלאה with `מורה מקרה 12`
`שכר משולב במקרה 15` is equal to השכר המשולב לפי הטבלה, למשרה מלאה with `מורה מקרה 15`
`תוספת אופק במקרה 1` is equal to `תוספת אופק 2022 במשרה מלאה של _ בתקופה _` with `מורה מקרה 1` and `התקופה בשנת הלימודים תשפו`
`תוספת אופק במקרה 2` is equal to `תוספת אופק 2022 במשרה מלאה של _ בתקופה _` with `מורה מקרה 2` and `התקופה בשנת הלימודים תשפו`
`תוספת אופק במקרה 3` is equal to `תוספת אופק 2022 במשרה מלאה של _ בתקופה _` with `מורה מקרה 3` and `התקופה בשנת הלימודים תשפו`
`תוספת אופק מלאה במקרה 4` is equal to `תוספת אופק 2022 במשרה מלאה של _ בתקופה _` with `מורה מקרה 4` and `התקופה בשנת הלימודים תשפו`
`תוספת אופק במקרה 6` is equal to `תוספת אופק 2022 במשרה מלאה של _ בתקופה _` with `מורה מקרה 6` and `התקופה בשנת הלימודים תשפו`
`תוספת אופק במקרה 11` is equal to `תוספת אופק 2022 במשרה מלאה של _ בתקופה _` with `מורה מקרה 11` and `התקופה בשנת הלימודים תשפו`
`תוספת אופק במקרה 12` is equal to `תוספת אופק 2022 במשרה מלאה של _ בתקופה _` with `מורה מקרה 12` and `התקופה בשנת הלימודים תשפו`
`תוספת שקלית בדרגה 1` is equal to תוספת שקלית 2016, למשרה מלאה with `מורה מקרה 1`
`תוספת שקלית בדרגה 3` is equal to תוספת שקלית 2016, למשרה מלאה with `מורה מקרה 3`
`תוספת שקלית בדרגה 4` is equal to תוספת שקלית 2016, למשרה מלאה with `מורה מקרה 6`
`תוספת שקלית בדרגה 4.5` is equal to תוספת שקלית 2016, למשרה מלאה with `מורה מקרה 12`
`היקף המשרה במקרה 4` is equal to חלקיות המשרה כמנה with `מורה מקרה 4`
100 is equal to `היקף משרתו של` with `מורה מקרה 1`
100 is equal to `היקף משרתו של` with `מורה מקרה 3`
`שעות למשרה מלאה ביסודי` is equal to `מספר השעות למשרה מלאה` with בית ספר יסודי and מתחת לגיל 50
`שעות למשרה מלאה ביסודי לבן 50 עד 54` is equal to `מספר השעות למשרה מלאה` with בית ספר יסודי and בן 50 עד 54
`שעות למשרה מלאה בחטיבת ביניים` is equal to `מספר השעות למשרה מלאה` with חטיבת ביניים and מתחת לגיל 50
`תוספת תואר שלישי במקרה 11` is equal to `תוספת תואר שלישי של _ בחלקיות משרה _` with `מורה מקרה 11` and 1
`שיעור גמול חינוך לכיתה שאינה כיתה א'` is equal to `שיעור גמול התפקיד` with מחנך כיתה, בית ספר יסודי and 0
`שיעור גמול חינוך לכיתה א'` is equal to `שיעור גמול התפקיד` with מחנך כיתה א', בית ספר יסודי and 0
`שיעור גמול רכז מקצוע ביסודי` is equal to `שיעור גמול התפקיד` with רכז מקצוע, בית ספר יסודי and 0
`שיעור גמול רכז בטחון` is equal to `שיעור גמול התפקיד` with רכז בטחון, בית ספר יסודי and 0
`שיעור גמול ממונה שכבה מעל 4 כיתות` is equal to `שיעור גמול התפקיד` with ממונה שכבה, חטיבת ביניים and 6
`שיעור גמול ממונה שכבה עד 4 כיתות` is equal to `שיעור גמול התפקיד` with ממונה שכבה, חטיבת ביניים and 4
`רצפת גמול חינוך` is equal to `רצפת גמול התפקיד` with מחנך כיתה
`רצפת גמול ממונה שכבה` is equal to `רצפת גמול התפקיד` with ממונה שכבה
`תקרת שעות פעילות בית ספרית במחצית` is equal to `התקרה הכוללת במחצית`
`ימי הבראה בוותק 16 עד 19` is equal to `ימי הבראה לפי ותק של` with `ותק במקרה 14`
`ערך יום הבראה בשנת תשפ"ו` is equal to 511.6
`שיעור תוספת תואר שלישי` is equal to 5 % 
`שיעור גמול התפקיד` with מורה לחינוך מיוחד, בית ספר יסודי and 0
`שיעור גמול חינוך מיוחד`
