17 is equal to `count` with list of `דרגה 1`, `דרגה 1.5`, `דרגה 2`, `דרגה 2.5`, `דרגה 3`, `דרגה 3.5`, `דרגה 4`, `דרגה 4.5`, `דרגה 5`, `דרגה 5.5`, `דרגה 6`, `דרגה 6.5`, `דרגה 7`, `דרגה 7.5`, `דרגה 8`, `דרגה 8.5` and `דרגה 9`
5 is equal to `count` with list of קוד דירוג 101 — תואר ראשון, קוד דירוג 102 — תואר שני, קוד דירוג 104 — מורה בכיר, קוד דירוג 105 — מורה מוסמך and קוד דירוג 106 — מורה בלתי מוסמך
5 is equal to `count` with list of מורה אקדמאי בעל תואר ראשון, מורה אקדמאי בעל תואר שני, מורה מוסמך בכיר, מורה מוסמך and מורה שאין ברשותו תעודת הסמכה להוראה
3 is equal to `count` with list of שעת עבודה פרונטאלית בפני כיתה, שעת עבודה עם קבוצת תלמידים קטנה and שעת שהייה בבית הספר
12 is equal to `count` with list of מחנך כיתה, מחנך כיתה א', מורה לחינוך מיוחד, מורה משלב, רכז מקצוע, רכז זהירות בדרכים, רכז בטחון, רכז חינוך חברתי, ממונה שכבה, רכז מעבדה, רכז הערכה ומדידה and רכז פדגוגי
3 is equal to `count` with list of מתחת לגיל 50, בן 50 עד 54 and בן 55 ומעלה
7 is equal to `count` with list of משולם יחסית לחלקיות המשרה, משולם יחסית לחלקיות המשרה וגם מעבר למשרה אחת, משולם יחסית לחלקיות המשרה אך עד משרה אחת בלבד, משולם לפי משרה מלאה אחת ללא קשר לחלקיות המשרה, ובלבד שהמורה עובד לפחות שליש משרה, משולם לפי הדרגה בלבד, ללא תלות בהיקף המשרה, משולם לפי שעות שבוצעו בפועל and משולם לפי מספר הילדים הזכאים
