Parsing successful
Typechecking successful
Evaluation successful
he-domain.l4:338:1-343:32:
  assertion satisfied
he-domain.l4:346:1-348:56:
  assertion satisfied
he-domain.l4:351:1-353:55:
  assertion satisfied
he-domain.l4:356:1-357:66:
  assertion satisfied
he-domain.l4:360:1-364:69:
  assertion satisfied
he-domain.l4:367:1-368:70:
  assertion satisfied
he-domain.l4:373:1-380:33:
  assertion satisfied
