9124.19 is equal to `בסיס התוספות האחוזיות למשרה מלאה` with `נתוני מבחן`
1000 is equal to `גמול תפקיד בעד` with `תפקיד מכהן` with מחנך כיתה, בית ספר יסודי and `נתוני מבחן`
1049.28185 is equal to `גמול תפקיד בעד` with `תפקיד מכהן` with מחנך כיתה א', בית ספר יסודי and `נתוני מבחן`
1000 is equal to `גמול תפקיד בעד` with `תפקיד מכהן` with מחנך כיתה, בית ספר יסודי and `נתוני מבחן חצי משרה`
0 is equal to `גמול תפקיד בעד` with `תפקיד מכהן` with מחנך כיתה, בית ספר יסודי and `נתוני מבחן רבע משרה`
729.9352 is equal to `גמול תפקיד בעד` with `תפקיד מכהן` with רכז חינוך חברתי, בית ספר יסודי and `נתוני מבחן`
912.419 is equal to `גמול תפקיד בעד` with `תפקיד מכהן` with רכז חינוך חברתי, חטיבת ביניים and `נתוני מבחן`
729.9352 is equal to `גמול תפקיד בעד` with `תפקיד מכהן` with רכז פדגוגי, בית ספר יסודי and `נתוני מבחן`
1100 is equal to `גמול תפקיד בעד` with `תפקיד מכהן` with ממונה שכבה, חטיבת ביניים and `נתוני מבחן`
0.07 is equal to `שיעור גמול ממונה שכבה` with 4
0.06 is equal to `שיעור גמול ממונה שכבה` with 5
the following must refuse: `שיעור גמול התפקיד` with מורה לחינוך מיוחד, בית ספר יסודי and 0
the following must refuse: `שיעור גמול התפקיד` with מורה משלב, בית ספר יסודי and 0
1729.9352 is equal to `סך גמולי התפקיד` with בית ספר יסודי, `נתוני מבחן` and list of `תפקיד מכהן` with מחנך כיתה, `תפקיד מכהן` with רכז חינוך חברתי and `תפקיד מכהן` with רכז מעבדה
2003.6609 is equal to `סך גמולי התפקיד` with בית ספר יסודי, `נתוני מבחן` and list of `תפקיד מכהן` with מחנך כיתה, `תפקיד מכהן` with רכז חינוך חברתי and `תפקיד מאושר` with רכז מעבדה
1273.7257 is equal to `סך גמולי התפקיד` with בית ספר יסודי, `נתוני מבחן` and list of `תפקיד מכהן` with מחנך כיתה, `תפקיד שאינו מכהן` with רכז חינוך חברתי and `תפקיד מכהן` with רכז מעבדה
`ההפרש זניח בין _ לבין _` with `ערך שעה לעניין` with שעת מילוי מקום, למעט כזו המבוצעת במקום שעת שהייה and `נתוני מבחן` and 58.5334231
`ההפרש זניח בין _ לבין _` with `תמורת מילוי מקום בעד _ שעות בנסיבת _ לפי _` with 4, שעת מילוי מקום רגילה and `נתוני מבחן` and 292.6671157
`ההפרש זניח בין _ לבין _` with `תמורת מילוי מקום בעד שעה אחת` with שעת מילוי מקום במקום שעת שהייה שהמורה בוחר לבצע ביום אחר and `נתוני מבחן` and 131.7002021
`ההפרש זניח בין _ לבין _` with `תמורת מילוי מקום בעד שעה אחת` with שעת מילוי מקום המבוצעת במקום שעת שהייה באותו יום and `נתוני מבחן` and 73.1667789
`ההפרש זניח בין _ לבין _` with `תמורה בעד שעות מעל משרה מלאה` with 2 and `נתוני מבחן` and 117.0668463
`ההעסקה מעל משרה מלאה בתוך תקרות סעיף 33` with 8.5, 5 and 42
not `ההעסקה מעל משרה מלאה בתוך תקרות סעיף 33` with 9, 5 and 42
not `ההעסקה מעל משרה מלאה בתוך תקרות סעיף 33` with 8.5, 5 and 43
8 is equal to `שעות פעילות מזכות במחצית` with `דיווח פעילות בית ספרית` where סוג הפעילות הבית ספרית is אסיפת הורים וילדים פרטנית, מספר שעות הפעילות שדווחו במחצית is 10 and האם מנהל בית הספר אישר את הדיווח is `TRUE`
0 is equal to `שעות פעילות מזכות במחצית` with `דיווח פעילות בית ספרית` where סוג הפעילות הבית ספרית is אסיפת הורים וילדים פרטנית, מספר שעות הפעילות שדווחו במחצית is 10 and האם מנהל בית הספר אישר את הדיווח is `FALSE`
`ניתן להקצות שעת פעילות נוספת` with 17
not `ניתן להקצות שעת פעילות נוספת` with 18
18 is equal to the sum of the sum of `תקרת הפעילות במחצית` with אסיפה בית ספרית כללית and `תקרת הפעילות במחצית` with אסיפת הורים וילדים פרטנית and `תקרת הפעילות במחצית` with פעילות לאחר שעות בית הספר — מסיבה נושאית, מסיבת סיום וכיוצא באלה
0 is equal to `גמול כיתת מחוננים` with `נתוני מבחן`
766.43196 is equal to `גמול כיתת מחוננים` with `נתוני מבחן מחוננים`
6.5 is equal to `המספר שבטבלת סעיף 40` with פעילות ליווי עם לינה
the following must refuse: `גמול ליווי טיולים בשקלים` with פעילות ליווי עם לינה and `נתוני מבחן`
`ההפרש זניח בין _ לבין _` with `תגמול ליווי טיולים לפי נספח א' להסכם 8.9.98` with 2 and `נתוני מבחן` and 117.0668463
the following must refuse: `גמול השתלמות נבלע בהמרה ואינו משולם כשורה נפרדת למורה ברפורמה`
