Parsing successful
Typechecking successful
Evaluation successful
he-gmulim.l4:813:1-71:
  assertion satisfied
he-gmulim.l4:818:1-93:
  assertion satisfied
he-gmulim.l4:822:1-102:
  assertion satisfied
he-gmulim.l4:826:1-102:
  assertion satisfied
he-gmulim.l4:829:1-99:
  assertion satisfied
he-gmulim.l4:833:1-103:
  assertion satisfied
he-gmulim.l4:836:1-101:
  assertion satisfied
he-gmulim.l4:839:1-98:
  assertion satisfied
he-gmulim.l4:843:1-93:
  assertion satisfied
he-gmulim.l4:846:1-46:
  assertion satisfied
he-gmulim.l4:847:1-46:
  assertion satisfied
he-gmulim.l4:851:1-74:
  assertion satisfied
he-gmulim.l4:852:1-66:
  assertion satisfied
he-gmulim.l4:857:1-162:
  assertion satisfied
he-gmulim.l4:861:1-163:
  assertion satisfied
he-gmulim.l4:865:1-168:
  assertion satisfied
he-gmulim.l4:869:1-92:
  assertion satisfied
he-gmulim.l4:872:1-122:
  assertion satisfied
he-gmulim.l4:876:1-135:
  assertion satisfied
he-gmulim.l4:877:1-118:
  assertion satisfied
he-gmulim.l4:881:1-92:
  assertion satisfied
he-gmulim.l4:884:1-59:
  assertion satisfied
he-gmulim.l4:885:1-63:
  assertion satisfied
he-gmulim.l4:886:1-65:
  assertion satisfied
he-gmulim.l4:890:1-192:
  assertion satisfied
he-gmulim.l4:893:1-193:
  assertion satisfied
he-gmulim.l4:896:1-42:
  assertion satisfied
he-gmulim.l4:897:1-48:
  assertion satisfied
he-gmulim.l4:901:1-180:
  assertion satisfied
he-gmulim.l4:906:1-50:
  assertion satisfied
he-gmulim.l4:907:1-66:
  assertion satisfied
he-gmulim.l4:911:1-65:
  assertion satisfied
he-gmulim.l4:912:1-79:
  assertion satisfied
he-gmulim.l4:916:1-107:
  assertion satisfied
he-gmulim.l4:919:1-80:
  assertion satisfied
