@lang he

IMPORT prelude
IMPORT `he-domain`
IMPORT `he-tavlaot`
IMPORT `he-mishra`
IMPORT `he-sachar-meshulav`

§ `אופק חדש — גמולי תפקיד ותמורה לפי שעה`

-- ===========================================================================
-- מה יש במודול הזה. כל מה שמשולם בשל מה שהמורה עושה, להבדיל ממה שמשולם
-- בשל היכן שהוא עומד בסולם. שני חצאים:
--
--   (א) הגמולים האחוזיים — הרשימה הסגורה של סעיף 39, שיעוריהם, הרצפות
--       השקליות של סעיף 10 להסכם 19.10.2022, תקרת שני הגמולים, החלוקה
--       היחסית לחינוך המיוחד, וגמול המחוננים של סעיף 41.
--
--   (ב) כל מה שמתומחר לפי שעה — ערך השעה של סעיף 31 וארבעת בסיסיו, מילוי
--       מקום (סעיף 29), פעילות בית ספרית (סעיף 30), שעות מעל משרה מלאה
--       (סעיף 33(ד)) וליווי טיולים (סעיף 40).
--
-- קו החיתוך. סעיף 39 שרטט אותו בעצמו: "בגין מילוי התפקידים הבאים בלבד".
-- רשימה סגורה היא גבול מודול. הפריטים המתומחרים לפי שעה מצטרפים אליו
-- משום שסעיף 31(א) עושה את בסיסם פונקציה של אילו גמולים המורה נושא;
-- הפרדתם הייתה יוצרת מעגל על פני התפר.
--
-- מקורות: הסכם הבסיס 25.12.2008 סעיפים 29, 30, 31, 33(ד), 39, 40, 41, 42;
-- הסכם ההשלמה 29.2.2012 סעיפים 19, 28(א), 29; תיקון 19.3.2017 סעיף 3(ג);
-- הסכם השכר 19.10.2022 סעיפים 10, 11, 12 (וסעיף 5.4 לעניין בסיס החישוב).
--
-- ---------------------------------------------------------------------------
-- התפר אל המודולים שטרם נכתבו. המודול הזה אמור לייבא את `he-mishra`
-- (היקף המשרה ומספר השעות למשרה מלאה) ואת `he-sachar-meshulav` (השכר
-- המשולב ותוספת אופק 2022). בעת כתיבתו אף אחד משניהם עדיין לא היה קיים
-- בספרייה, ולכן חמשת הגדלים שהם מספקים נאספו לרשומה אחת, `נתוני שכר`,
-- שהיא הפרמטר של כל פונקציה כספית כאן. כשהמודולים ינחתו, החיווט הוא
-- פונקציה אחת שבונה את הרשומה הזאת מן `מורה` — ואף כלל במודול הזה אינו
-- משתנה. הרשומה היא התפר, ולא כפילות: היא אינה מחזיקה אף עובדה שהמכשירים
-- קובעים כאן.
-- ---------------------------------------------------------------------------
--
-- כתיב, כמוסכם ב-`he-domain`: טיפוס בצורת הציטוט, שדה בצורה המיודעת,
-- פרמטר בצורת הסמיכות. אין `@nlg` מעל `DECLARE` (הוא נצמד לצומת הקודם),
-- אין ניקוד, ואין תווי כיווניות.
-- ===========================================================================


§§ `התפר — מה שמודולי השכר והמשרה מספקים`

-- חמישה גדלים, וכל אחד מהם נקבע במקום אחר. הם מרוכזים כאן כדי שהתלות
-- תהיה גלויה ובמקום אחד, ולא מפוזרת על פני עשרים חתימות.
--
-- החיווט, כפי שנמדד בספרייה ביום הכתיבה (19.9.2026): `he-sachar-meshulav`
-- כבר קיים ומייצא את `שכר מן הטבלה לפי` `השיבוץ` ואת
-- `תוספת אופק 2022 מן הנספח לפי` `השיבוץ` `ולפי` `הסדרה`, ואת
-- `השיבוץ של` `המורה` הבונה את הארגומנט שלהם — אלה שני השדות הראשונים
-- של הרשומה שלהלן. `he-mishra` עדיין אינו קיים, והוא זה שיספק את
-- `היקף המשרה` ואת `השעות למשרה מלאה`. שני שדות השיעורים ושדה גמולי
-- התפקיד הנמנים במשכורת הקובעת הם עובדות מן התלוש ואין להם מודול.
-- לכן לא נכתב כאן `IMPORT` של אף אחד משניהם: ייבוא חלקי היה קושר את
-- המודול הזה לחצי תפר.
--
-- `השעות למשרה מלאה` הוא המכנה של סעיף 31(ב) כנוסחו לאחר סעיף 19 להסכם
-- ההשלמה. פיצול F1 שבתכנית מכריע שזהו מספר השעות למשרה מלאה של המורה
-- הזה לאחר שעות הגיל של סעיף 26 — 34 ולא 36 למורה קיים בן 52 ביסודי —
-- משום שסולם נספח א' מסמן את שורת 34 השעות ברצועת 50 ומעלה כ-100% משרה.
-- ההכרעה נלקחת ב-`he-mishra`; כאן היא מגיעה כמספר.

@ref התפר אל `he-mishra` (היקף משרה ושעות) ואל `he-sachar-meshulav` (שכר משולב ותוספת אופק 2022)
DECLARE `נתוני שכר` HAS
    `השכר המשולב למשרה מלאה`
        IS A NUMBER   @nlg:he השכר המשולב לפי הטבלה, למשרה מלאה, בשקלים
    `תוספת אופק 2022 למשרה מלאה`
        IS A NUMBER   @nlg:he תוספת אופק 2022 למשרה מלאה, בשקלים
    `היקף המשרה`
        IS A NUMBER   @nlg:he היקף המשרה כשבר — 1 הוא משרה מלאה
    `השעות למשרה מלאה`
        IS A NUMBER   @nlg:he מספר שעות העבודה השבועיות למשרה מלאה של מורה זה
    `שיעור השעות הפרונטאליות בחינוך מיוחד`
        IS A NUMBER   @nlg:he חלקן של שעות ההוראה הפרונטאליות בכיתה לחינוך מיוחד מכלל השעות הפרונטאליות
    `שיעור השעות הפרונטאליות בכיתת מחוננים`
        IS A NUMBER   @nlg:he חלקן של שעות ההוראה הפרונטאליות בכיתת מחוננים מכלל השעות הפרונטאליות
    `גמולי התפקיד הנמנים במשכורת הקובעת`
        IS A NUMBER   @nlg:he סכום גמולי התפקיד המובאים בחשבון לחישוב המשכורת הקובעת לפנסיה


§§ `מה שהקורפוס אינו עונה עליו — סירובים מפורשים`

-- ארבעה סירובים. כל אחד מהם נושא את שם השאלה שהוא מסרב לה, וכל כלל
-- שנתקל בפער קורא לו בשם. אלה אינם באגים במודול: פער בדין הוא ממצא.

-- סעיף 39(א)(3) קובע ארבעה שיעורים לגמול חינוך מיוחד — 5.5%, 8.5%, 9%
-- ו-14% — "לפי כללי הזכאות שהיו קיימים ערב חתימת הסכם זה". כללי הזכאות
-- ההם אינם בקורפוס: אין בו המכשיר שקבע איזה מורה נופל לאיזה שיעור.
-- השיעורים ידועים; המיפוי אינו. זה אינו 5.5% כברירת מחדל.
@ref הסכם הבסיס 25.12.2008, סעיף 39(א)(3) — "לפי כללי הזכאות שהיו קיימים ערב חתימת הסכם זה"
GIVETH A NUMBER
`כללי הזכאות לשיעורי גמול חינוך מיוחד אינם בקורפוס` MEANS
    REFUSE "כללי הזכאות לשיעורי גמול חינוך מיוחד אינם בקורפוס"

-- אותו הדבר לגמול מורה משלב, סעיף 39(א)(4): 5.5% או 9%, ושוב "לפי כללי
-- הזכאות שהיו קיימים ערב חתימת הסכם זה".
@ref הסכם הבסיס 25.12.2008, סעיף 39(א)(4) — "לפי כללי הזכאות שהיו קיימים ערב חתימת הסכם זה"
GIVETH A NUMBER
`כללי הזכאות לשיעורי גמול מורה משלב אינם בקורפוס` MEANS
    REFUSE "כללי הזכאות לשיעורי גמול מורה משלב אינם בקורפוס"

-- טבלת גמול ליווי הטיולים שסעיף 29 להסכם ההשלמה הכניס לסעיף 40(ב)
-- מופיעה בקורפוס עם שתי כותרות עמודה המסומנות "[לא קריא]". המספרים
-- קריאים — 0, 0.5, 1.5, 3, 4.5, 3, 6.5 — אך מה שהם מודדים אינו. אי אפשר
-- להמיר אותם לשקלים בלי לנחש את יחידת המידה, ולכן המרה מסרבת.
@ref הסכם ההשלמה 29.2.2012, סעיף 29 (סעיף 40(ב) החדש) — כותרות הטבלה מסומנות "[לא קריא]"
GIVETH A NUMBER
`יחידת המידה של טבלת ליווי הטיולים אינה קריאה בקורפוס` MEANS
    REFUSE "יחידת המידה של טבלת ליווי הטיולים אינה קריאה בקורפוס"

-- ההכרעה ששוויה הגבוה ביותר במודול הזה, והיא הכרעה ולא השמטה.
-- סעיף 1.1(ו) לתקנון שירות עובדי הוראה מונה גמול השתלמות כתוספת אחוזית
-- בשכרו של עובד הוראה. סעיף 39 להסכם הבסיס אינו סוגר עליו, שכן הרשימה
-- הסגורה שבו היא רשימת גמולי תפקיד וגמול השתלמות אינו גמול תפקיד. אלא
-- ששלוש ראיות אחרות מצביעות לכיוון אחד: סעיף 44(ב)(1) מונה את גמול
-- ההשתלמות בין רכיבי השכר שהומרו אל תוך השכר המשולב החדש; סעיף 1.26 ¶1.2
-- לתקנון אוסר על מורה ברפורמה לתבוע גמול שעות ומתיר לו החזר שכר לימוד
-- בלבד; וסעיף 46א, שהוסף בסעיף 32 להסכם ההשלמה, רואה בהשלמת זכאות לגמול
-- השתלמות עילה להרצת ההמרה מחדש — מה שמתיישב רק עם כך שהגמול נבלע בטבלה
-- ואינו משולם כשורה עצמאית. אם קריאה זו שגויה, כל תלוש חסר אחוזים
-- מהשכר המשולב, ולכן היא נושאת שם ולא שתיקה.
@ref תקנון שירות עובדי הוראה סעיף 1.1(ו) מול הסכם הבסיס סעיף 44(ב)(1), סעיף 46א ותקנון סעיף 1.26 ¶1.2
GIVETH A NUMBER
`גמול השתלמות נבלע בהמרה ואינו משולם כשורה נפרדת למורה ברפורמה` MEANS
    REFUSE "גמול השתלמות נבלע בהמרה ואינו משולם כשורה נפרדת למורה ברפורמה"


§§ `בסיס החישוב של התוספות האחוזיות — סעיף 39 מול סעיף 5.4 להסכם 19.10.2022`

-- סעיף 39 אומר "מהשכר המשולב". סעיף 5.4 להסכם מיום 19.10.2022 אומר
-- שתוספת אופק 2022 "תובא בחשבון לעניין חישוב תוספות אחוזיות המחושבות על
-- בסיס השכר המשולב". שני המכשירים יחד נותנים בסיס אחד. על התוספת השקלית
-- 2016 לא נאמר דבר דומה באף מכשיר בקורפוס, וזו שתיקה של מכשיר שידע לומר,
-- ולכן היא אינה בבסיס.
--
-- סיפת סעיף 39: "לעניין סעיף זה, למעט סעיפים-קטנים (א)(3) ו-(א)(4),
-- 'שכר משולב' — שכר משולב למשרה מלאה (100%), ובלבד שעובד ההוראה הועסק
-- ב-1/3 משרה לפחות". שני התנאים נפרדים: הבסיס הוא של משרה מלאה, והסף
-- הוא שליש משרה.

@ref הסכם הבסיס 25.12.2008, סעיף 39 סיפה; הסכם 19.10.2022 סעיף 5.4
GIVEN `נתוני השכר` IS A `נתוני שכר`
GIVETH A NUMBER
`בסיס התוספות האחוזיות למשרה מלאה` `נתוני השכר` MEANS
         `נתוני השכר`'s `השכר המשולב למשרה מלאה`
    PLUS `נתוני השכר`'s `תוספת אופק 2022 למשרה מלאה`

@ref הסכם הבסיס 25.12.2008, סעיף 39 סיפה — "ובלבד שעובד ההוראה הועסק ב-1/3 משרה לפחות"
GIVEN `נתוני השכר` IS A `נתוני שכר`
GIVETH A BOOLEAN
`המורה הועסק בשליש משרה לפחות` `נתוני השכר` MEANS
    `נתוני השכר`'s `היקף המשרה` AT LEAST (1 DIVIDED BY 3)


§§ `שיעורי גמול התפקיד — סעיף 39(א), סעיף 39ג, וההעלאות של 2022`

-- אחד-עשר התפקידים במניין סעיף 39(א), בסדר שבו הם מנויים שם, ואחריהם
-- רכז פדגוגי שאינו במניין: הוא נוסף כסעיף 39ג בסעיף 3(ג) לתיקון מיום
-- 19.3.2017, בתחולה מ-1.9.2019.
--
-- שלושה שיעורים הועלו בהסכם מיום 19.10.2022, כולם בתחולה מ-1.9.2023,
-- ולכן השיעור החי בשנת תשפ"ו הוא המועלה:
--   רכז חינוך חברתי ביסודי  6% -> 8%   (סעיף 11.1; בחטיבת ביניים נותר 10%, סעיף 11.2)
--   רכז פדגוגי              6% -> 8%   (סעיף 12.1)
-- הרצפות השקליות של סעיף 10 אינן שיעורים והן נלקחות בנפרד, להלן.
--
-- שני התפקידים (א)(3) ו-(א)(4) מסרבים: השיעורים כתובים בסעיף אך המיפוי
-- אליהם נשען על כללים שאינם בקורפוס.

@ref הסכם הבסיס 25.12.2008, סעיף 39(א)(9) — "מעל 4 כיתות בשכבה 6%; עד 4 כיתות בשכבה 7%"
GIVEN `מספר הכיתות בשכבה` IS A NUMBER
GIVETH A NUMBER
`שיעור גמול ממונה שכבה` `מספר הכיתות בשכבה` MEANS
    IF `מספר הכיתות בשכבה` GREATER THAN 4
    THEN 6%
    ELSE 7%

@ref הסכם הבסיס 25.12.2008, סעיף 39(א)(1) עד (11); תיקון 19.3.2017 סעיף 3(ג); הסכם 19.10.2022 סעיפים 11 ו־12
GIVEN `תפקיד המורה` IS A `תפקיד מזכה בגמול`,
      `שלב חינוך המורה` IS A `שלב חינוך`,
      `מספר הכיתות בשכבה` IS A NUMBER
GIVETH A NUMBER
`שיעור גמול התפקיד` `תפקיד המורה` `שלב חינוך המורה` `מספר הכיתות בשכבה` MEANS
    CONSIDER `תפקיד המורה`
    WHEN `מחנך כיתה`          THEN 10%
    WHEN `מחנך כיתה א'`       THEN 11.5%
    WHEN `מורה לחינוך מיוחד`  THEN `כללי הזכאות לשיעורי גמול חינוך מיוחד אינם בקורפוס`
    WHEN `מורה משלב`          THEN `כללי הזכאות לשיעורי גמול מורה משלב אינם בקורפוס`
    WHEN `רכז מקצוע`          THEN CONSIDER `שלב חינוך המורה`
                                   WHEN `בית ספר יסודי` THEN 6%
                                   WHEN `חטיבת ביניים`  THEN 8%
    WHEN `רכז זהירות בדרכים`  THEN 6%
    WHEN `רכז בטחון`          THEN 6%
    WHEN `רכז חינוך חברתי`    THEN CONSIDER `שלב חינוך המורה`
                                   WHEN `בית ספר יסודי` THEN 8%
                                   WHEN `חטיבת ביניים`  THEN 10%
    WHEN `ממונה שכבה`         THEN `שיעור גמול ממונה שכבה` `מספר הכיתות בשכבה`
    WHEN `רכז מעבדה`          THEN 3%
    WHEN `רכז הערכה ומדידה`   THEN 6%
    WHEN `רכז פדגוגי`         THEN 8%


§§ `הרצפות השקליות — סעיף 10 להסכם מיום 19.10.2022`

-- סעיף 10 קובע לחמישה גמולים סכום שקלי מינימלי, בתחולה מ-1.9.2023, בנוסח
-- "יהיה הסכום הגבוה מבין שני אלו" — כלומר רצפה ולא תחליף. שניים מן החמישה
-- נוגעים לתפקידים שברשימת `he-domain`:
--   10.1 גמול חינוך כיתה      1,000 ₪
--   10.2 גמול ממונה (רכז) שכבה 1,100 ₪
-- שלושת האחרים — ניהול חטיבה צעירה (10.3), סגנות (10.4) וניהול גן (10.5)
-- — נוגעים לאוכלוסיות שמחוץ לקידוד הזה, ולכן אינם כאן. סעיף 10.6 מבהיר
-- שכל הכללים החלים על הגמול האחוזי חלים גם על הרצפה.
--
-- שאר התפקידים אינם נושאים רצפה כלל, ולכן רצפתם 0 — וזו אינה המצאה אלא
-- קריאה של רשימה בת חמישה פריטים שהמכשיר סגר בעצמו.

@ref הסכם 19.10.2022, סעיפים 10.1 ו־10.2 (רצפות); סעיף 10.6
GIVEN `תפקיד המורה` IS A `תפקיד מזכה בגמול`
GIVETH A NUMBER
`רצפת גמול התפקיד` `תפקיד המורה` MEANS
    CONSIDER `תפקיד המורה`
    WHEN `מחנך כיתה`          THEN 1000
    WHEN `מחנך כיתה א'`       THEN 1000
    WHEN `ממונה שכבה`         THEN 1100
    OTHERWISE                      0


§§ `סכום גמול התפקיד האחד — סעיף 39, סעיף 39(ד) והרצפות`

-- הנתונים הנלווים לתפקיד אחד. `מספר הכיתות בשכבה` דרוש רק לסעיף
-- 39(א)(9); `המורה מכהן בתפקיד` הוא תנאי סעיף 39(ב1) שהוסף בסעיף 28(א)
-- להסכם ההשלמה; `אושר גמול נוסף בידי מנהל המחוז` הוא החריג של סעיף 39(ג)
-- ונשמר לצד התפקיד שבגינו ניתן האישור.
--
-- הרשימה הזאת חייבת להסכים עם שדה `התפקידים` שברשומת `העסקה` של
-- `he-domain`: שם התפקידים לבדם, כאן התפקידים ועובדותיהם. `he-domain`
-- מחזיק את הזהות; המודול הזה מחזיק את מה שסעיף 39 שואל עליהם.

@ref הסכם הבסיס 25.12.2008, סעיפים 39(א)(9), 39(ג); הסכם ההשלמה 29.2.2012 סעיף 28(א) (סעיף 39(ב1))
DECLARE `נתוני תפקיד` HAS
    `התפקיד`
        IS A `תפקיד מזכה בגמול`   @nlg:he התפקיד שהמורה ממלא
    `מספר הכיתות בשכבה`
        IS A NUMBER               @nlg:he מספר הכיתות בשכבה, לעניין ממונה שכבה
    `המורה מכהן בתפקיד`
        IS A BOOLEAN              @nlg:he האם המורה מכהן בתפקיד בפועל
    `אושר גמול נוסף בידי מנהל המחוז`
        IS A BOOLEAN              @nlg:he האם מנהל המחוז אישר לשלם גמול בגין תפקיד נוסף

-- סעיף 39(ד): "לצורך חישוב גמול חינוך מיוחד בלבד, למורה המועסק בכיתה
-- לחינוך מיוחד ובכיתה רגילה, יחושב היקף משרתו בהתאם לשיעור שעות ההוראה
-- הפרונטאליות בכיתה לחינוך מיוחד מתוך כלל שעות ההוראה הפרונטאליות של
-- המורה". זהו הבסיס של (א)(3), ולכן סיפת סעיף 39 מוציאה אותו ואת (א)(4)
-- מכלל המשרה המלאה.
--
-- מורה משלב, (א)(4), מוצא אף הוא מכלל המשרה המלאה — אך סעיף 39(ד) מדבר
-- על גמול חינוך מיוחד בלבד ואינו אומר לפי מה כן מחושב היקף משרתו של מורה
-- משלב. הפער נרשם כפיצול; מעשית הוא אינו נתקל, שכן השיעור עצמו מסרב.

@ref הסכם הבסיס 25.12.2008, סעיף 39 סיפה וסעיף 39(ד)
GIVEN `תפקיד המורה` IS A `תפקיד מזכה בגמול`,
      `נתוני השכר` IS A `נתוני שכר`
GIVETH A NUMBER
`בסיס גמול התפקיד` `תפקיד המורה` `נתוני השכר` MEANS
    CONSIDER `תפקיד המורה`
    WHEN `מורה לחינוך מיוחד` THEN   `בסיס התוספות האחוזיות למשרה מלאה` `נתוני השכר`
                                  TIMES `נתוני השכר`'s `שיעור השעות הפרונטאליות בחינוך מיוחד`
    WHEN `מורה משלב`         THEN   `בסיס התוספות האחוזיות למשרה מלאה` `נתוני השכר`
                                  TIMES `נתוני השכר`'s `שיעור השעות הפרונטאליות בחינוך מיוחד`
    OTHERWISE                       `בסיס התוספות האחוזיות למשרה מלאה` `נתוני השכר`

-- הסכום האחד, לפני תקרת סעיף 39(ג). שלושה שלבים בסדר שהמכשירים עושים
-- אותם: שיעור כפול בסיס (סעיף 39(א) עם סעיף 39(ד)), ואז הגבוה מבינו לבין
-- הרצפה (סעיף 10 להסכם 2022), והכול מותנה בשליש משרה (סיפת סעיף 39).

@ref הסכם הבסיס 25.12.2008, סעיף 39(א) וסיפתו; הסכם 19.10.2022 סעיף 10
GIVEN `נתוני התפקיד` IS A `נתוני תפקיד`,
      `שלב חינוך המורה` IS A `שלב חינוך`,
      `נתוני השכר` IS A `נתוני שכר`
GIVETH A NUMBER
`גמול תפקיד בעד` `נתוני התפקיד` `שלב חינוך המורה` `נתוני השכר` MEANS
    IF `המורה הועסק בשליש משרה לפחות` `נתוני השכר`
    THEN max (`השיעור` TIMES `הבסיס`) (`רצפת גמול התפקיד` (`נתוני התפקיד`'s `התפקיד`))
    ELSE 0
  WHERE
    `השיעור` MEANS `שיעור גמול התפקיד` (`נתוני התפקיד`'s `התפקיד`)
                                       `שלב חינוך המורה`
                                       (`נתוני התפקיד`'s `מספר הכיתות בשכבה`)
    `הבסיס`  MEANS `בסיס גמול התפקיד` (`נתוני התפקיד`'s `התפקיד`) `נתוני השכר`


§§ `תקרת שני הגמולים — סעיף 39(ג), וסעיף 39(ב1)`

-- סעיף 39(ג), בשתי משפטיו: "מורה יהיה זכאי, לכל היותר, בגין מילוי
-- תפקידים כאמור, לשני גמולי תפקיד, למעט אם אישר מנהל המחוז לשלם גמול
-- בגין תפקיד נוסף. לעניין זה בלבד, גמול חינוך מיוחד לא ייחשב כגמול
-- תפקיד."
--
-- המשפט השני מוציא במפורש את גמול חינוך מיוחד, ואותו בלבד. מורה משלב
-- אינו נזכר בו, אף שסיפת הסעיף כן מזכירה את (א)(3) ואת (א)(4) יחד —
-- המכשיר ידע לצרף את שניהם כשרצה, ולא צירף כאן. לכן גמול מורה משלב נמנה
-- במניין. נרשם כפיצול.
--
-- סעיף 39(ב1), שהוסף בסעיף 28(א) להסכם ההשלמה: "עובד הוראה יהיה זכאי
-- לגמול תפקיד רק כל עוד הינו מכהן בתפקיד המזכה באותו גמול תפקיד".

@ref הסכם הבסיס 25.12.2008, סעיף 39(ג) משפט שני — "גמול חינוך מיוחד לא ייחשב כגמול תפקיד"
GIVEN `נתוני התפקיד` IS A `נתוני תפקיד`
GIVETH A BOOLEAN
`התפקיד נמנה במניין שני הגמולים` `נתוני התפקיד` MEANS
    NOT (`נתוני התפקיד`'s `התפקיד` EQUALS `מורה לחינוך מיוחד`)

@ref הסכם ההשלמה 29.2.2012 סעיף 28(א) (סעיף 39(ב1)); הסכם הבסיס סעיף 39(ג) משפט ראשון
GIVEN `נתוני התפקיד` IS A `נתוני תפקיד`,
      `מספר הגמולים שנמנו עד כה` IS A NUMBER
GIVETH A BOOLEAN
`הגמול משולם` `נתוני התפקיד` `מספר הגמולים שנמנו עד כה` MEANS
        `נתוני התפקיד`'s `המורה מכהן בתפקיד`
    AND (   NOT (`התפקיד נמנה במניין שני הגמולים` `נתוני התפקיד`)
         OR `מספר הגמולים שנמנו עד כה` LESS THAN 2
         OR `נתוני התפקיד`'s `אושר גמול נוסף בידי מנהל המחוז`)

-- הסכימה על פני הרשימה, עם מונה רץ. המונה עולה רק בגמול ששולם ושנמנה:
-- גמול שלא שולם אינו תופס מקום במניין, וגמול חינוך מיוחד אינו נמנה כלל.

@ref הסכם הבסיס 25.12.2008, סעיף 39(ג)
GIVEN `שלב חינוך המורה` IS A `שלב חינוך`,
      `נתוני השכר` IS A `נתוני שכר`,
      `מספר הגמולים שנמנו עד כה` IS A NUMBER,
      `רשימת התפקידים` IS A LIST OF `נתוני תפקיד`
GIVETH A NUMBER
`סכום גמולי התפקיד מן הרשימה` `שלב חינוך המורה` `נתוני השכר` `מספר הגמולים שנמנו עד כה` `רשימת התפקידים` MEANS
    CONSIDER `רשימת התפקידים`
    WHEN EMPTY THEN 0
    WHEN `נתוני התפקיד` FOLLOWED BY `יתר התפקידים` THEN
        IF `הגמול משולם` `נתוני התפקיד` `מספר הגמולים שנמנו עד כה`
        THEN   (`גמול תפקיד בעד` `נתוני התפקיד` `שלב חינוך המורה` `נתוני השכר`)
             PLUS (`סכום גמולי התפקיד מן הרשימה` `שלב חינוך המורה` `נתוני השכר` `המניין הבא` `יתר התפקידים`)
        ELSE   `סכום גמולי התפקיד מן הרשימה` `שלב חינוך המורה` `נתוני השכר` `מספר הגמולים שנמנו עד כה` `יתר התפקידים`
      WHERE
        `המניין הבא` MEANS
            IF `התפקיד נמנה במניין שני הגמולים` `נתוני התפקיד`
            THEN `מספר הגמולים שנמנו עד כה` PLUS 1
            ELSE `מספר הגמולים שנמנו עד כה`

@ref הסכם הבסיס 25.12.2008, סעיף 39 — סך גמולי התפקיד של מורה
GIVEN `שלב חינוך המורה` IS A `שלב חינוך`,
      `נתוני השכר` IS A `נתוני שכר`,
      `רשימת התפקידים` IS A LIST OF `נתוני תפקיד`
GIVETH A NUMBER
`סך גמולי התפקיד` `שלב חינוך המורה` `נתוני השכר` `רשימת התפקידים` MEANS
    `סכום גמולי התפקיד מן הרשימה` `שלב חינוך המורה` `נתוני השכר` 0 `רשימת התפקידים`


§§ `גמול הוראה בכיתת מחוננים — סעיף 41`

-- סעיף 41 עומד בפני עצמו ואינו חלק מן הרשימה הסגורה של סעיף 39: הוא
-- אינו נמנה במניין שני הגמולים, ואינו נהנה מן ההגדרה "שכר משולב למשרה
-- מלאה" שבסיפת סעיף 39. במקומה יש לו חלוקה יחסית משלו: "לעניין סעיף זה
-- בלבד יחושב היקף משרתו של המורה בהתאם לשיעור שעות ההוראה הפרונטאליות
-- בכיתה כאמור מתוך כלל שעות ההוראה הפרונטאליות של המורה".

@ref הסכם הבסיס 25.12.2008, סעיף 41(א)
GIVEN `נתוני השכר` IS A `נתוני שכר`
GIVETH A NUMBER
`גמול כיתת מחוננים` `נתוני השכר` MEANS
          14%
    TIMES (`בסיס התוספות האחוזיות למשרה מלאה` `נתוני השכר`)
    TIMES `נתוני השכר`'s `שיעור השעות הפרונטאליות בכיתת מחוננים`


§§ `ערך שעה — סעיף 31, כנוסחו לאחר סעיף 19 להסכם ההשלמה`

-- סעיף 31(א) מונה ארבעה עניינים ולכל אחד בסיס משלו. אלה הם הטיפוס.

@ref הסכם הבסיס 25.12.2008, סעיף 31(א)(1) עד (4)
DECLARE `עניין ערך השעה` IS ONE OF
    `שעת מילוי מקום`
        @nlg:he שעת מילוי מקום, למעט כזו המבוצעת במקום שעת שהייה
    `שעת מילוי מקום במקום שעת שהייה`
        @nlg:he שעת מילוי מקום המבוצעת במקום שעת שהייה
    `שעת פעילות בית ספרית`
        @nlg:he שעת פעילות בית ספרית
    `הפחתת שכר בשל שעת היעדרות`
        @nlg:he הפחתת שכר בשל שעת היעדרות

-- הבסיס לכל אחד מן הארבעה.
--
-- (1) "השכר המשולב; ולגבי מורה לחינוך מיוחד, מורה במתי"א, מורה במרכז
--     טיפולי או מורה משלב/ת המבצע מילוי מקום בכיתה לחינוך מיוחד — השכר
--     המשולב וגמול חינוך מיוחד". הזרוע השנייה נשענת על שיעור שמסרב, ולכן
--     היא נכתבת כאן כמסרבת ולא כשווה לזרוע הראשונה.
-- (2), (3), (4) — "השכר המשולב וגמולי התפקיד המובאים בחשבון לצורך חישוב
--     המשכורת הקובעת לפנסיה, להם זכאי המורה בשכרו הרגיל". אילו גמולי
--     תפקיד אלה? הקורפוס אינו אומר: הסכם 31.8.2008 שסעיף 150 מפנה אליו
--     אינו בו, וסעיף 41(ב) מלמד שההכרה היא תהליך ולא נתון. הסכום מגיע
--     לכאן כעובדה נתונה מן התלוש, בשדה `גמולי התפקיד הנמנים במשכורת
--     הקובעת`; זהות הרכיבים היא הפער, לא הסכום.
--
-- לכל ארבעת הבסיסים מתווספת תוספת אופק 2022: סעיף 5.4 להסכם מיום
-- 19.10.2022 מונה במפורש "לעניין חישוב ערך שעה לעניין חישוב התמורה עבור
-- ביצוע 'שעות מילוי מקום' או עבור ביצוע 'פעילויות בית ספריות', לעניין
-- הפחתת שכר בשל שעת היעדרות, ולעניין חישוב התמורה המשולמת כאמור בסעיף
-- 33(ד)".

@ref הסכם הבסיס 25.12.2008, סעיף 31(א); הסכם 19.10.2022 סעיף 5.4
GIVEN `עניין החישוב` IS AN `עניין ערך השעה`,
      `נתוני השכר` IS A `נתוני שכר`
GIVETH A NUMBER
`הבסיס לחישוב ערך שעה לעניין` `עניין החישוב` `נתוני השכר` MEANS
    CONSIDER `עניין החישוב`
    WHEN `שעת מילוי מקום`
        THEN `בסיס התוספות האחוזיות למשרה מלאה` `נתוני השכר`
    WHEN `שעת מילוי מקום במקום שעת שהייה`
        THEN   (`בסיס התוספות האחוזיות למשרה מלאה` `נתוני השכר`)
             PLUS `נתוני השכר`'s `גמולי התפקיד הנמנים במשכורת הקובעת`
    WHEN `שעת פעילות בית ספרית`
        THEN   (`בסיס התוספות האחוזיות למשרה מלאה` `נתוני השכר`)
             PLUS `נתוני השכר`'s `גמולי התפקיד הנמנים במשכורת הקובעת`
    WHEN `הפחתת שכר בשל שעת היעדרות`
        THEN   (`בסיס התוספות האחוזיות למשרה מלאה` `נתוני השכר`)
             PLUS `נתוני השכר`'s `גמולי התפקיד הנמנים במשכורת הקובעת`

-- הזרוע השנייה של סעיף 31(א)(1): מורה לחינוך מיוחד, מורה במתי"א, מורה
-- במרכז טיפולי או מורה משלב המבצע מילוי מקום בכיתה לחינוך מיוחד. השיעור
-- של גמול חינוך מיוחד אינו בקורפוס, ולכן הבסיס הזה מסרב.
@ref הסכם הבסיס 25.12.2008, סעיף 31(א)(1) סיפה — "השכר המשולב וגמול חינוך מיוחד"
GIVEN `נתוני השכר` IS A `נתוני שכר`
GIVETH A NUMBER
`הבסיס למילוי מקום בכיתה לחינוך מיוחד` `נתוני השכר` MEANS
      (`בסיס התוספות האחוזיות למשרה מלאה` `נתוני השכר`)
    PLUS `כללי הזכאות לשיעורי גמול חינוך מיוחד אינם בקורפוס`

-- סעיף 31(ב) כנוסחו לאחר סעיף 19 להסכם ההשלמה:
--   "הבסיס לחישוב ערך שעה ל-100% משרה / מספר השעות למשרה מלאה X 4.33 (שבועות)"
-- נוסח 2008 נשא את המספר 36 קבוע בתוכו ואיבד בשעתוק את קו השבר; נוסח
-- 2012 מדפיס את הסימן / במפורש ומחליף את 36 במספר השעות למשרה מלאה.
-- זו הסיבה שהמכנה תלוי במורה — ראו הפיצול F1 שבתכנית.

@ref הסכם ההשלמה 29.2.2012, סעיף 19 (במקום סעיף 31(ב) להסכם הבסיס)
GIVEN `עניין החישוב` IS AN `עניין ערך השעה`,
      `נתוני השכר` IS A `נתוני שכר`
GIVETH A NUMBER
`ערך שעה לעניין` `עניין החישוב` `נתוני השכר` MEANS
      (`הבסיס לחישוב ערך שעה לעניין` `עניין החישוב` `נתוני השכר`)
    DIVIDED BY (`נתוני השכר`'s `השעות למשרה מלאה` TIMES 4.33)


§§ `מילוי מקום — סעיף 29`

-- ארבע הנסיבות של סעיפים-קטנים (ב) עד (ה), בסדר שבו הן מנויות.
@ref הסכם הבסיס 25.12.2008, סעיף 29(ב) עד (ה)
DECLARE `נסיבת מילוי מקום` IS ONE OF
    `מילוי מקום רגיל`
        @nlg:he שעת מילוי מקום רגילה
    `מילוי מקום ביום חופשי`
        @nlg:he שעת מילוי מקום המבוצעת ביום החופשי של המורה
    `מילוי מקום במקום שעת שהייה`
        @nlg:he שעת מילוי מקום המבוצעת במקום שעת שהייה באותו יום
    `מילוי מקום במקום שעת שהייה שתבוצע ביום אחר`
        @nlg:he שעת מילוי מקום במקום שעת שהייה שהמורה בוחר לבצע ביום אחר

-- העניין שלפיו נקבע ערך השעה: סעיף 31(א)(1) לשתי הנסיבות הראשונות,
-- וסעיף 31(א)(2) לשתי האחרונות, שהן דווקא "המבוצעת במקום שעת שהייה".
@ref הסכם הבסיס 25.12.2008, סעיף 31(א)(1) מול סעיף 31(א)(2)
GIVEN `הנסיבה` IS A `נסיבת מילוי מקום`
GIVETH AN `עניין ערך השעה`
`עניין ערך השעה למילוי מקום` `הנסיבה` MEANS
    CONSIDER `הנסיבה`
    WHEN `מילוי מקום רגיל`                             THEN `שעת מילוי מקום`
    WHEN `מילוי מקום ביום חופשי`                       THEN `שעת מילוי מקום`
    WHEN `מילוי מקום במקום שעת שהייה`                  THEN `שעת מילוי מקום במקום שעת שהייה`
    WHEN `מילוי מקום במקום שעת שהייה שתבוצע ביום אחר`  THEN `שעת מילוי מקום במקום שעת שהייה`

-- התמורה לשעה אחת. ארבע הנסיבות משלמות 125% (סעיפים-קטנים (ב), (ג), (ד),
-- (ה) כולם אומרים 125%), ונסיבה (ה) בלבד מוסיפה 100% "עבור אותה שעת
-- שהייה" שהמורה בוחר לבצע ביום אחר. נסיבה (ד) אומרת שהתמורה הרגילה עבור
-- שעת השהייה "לא תשולם לו" — ראו פיצול FG1 להלן.

@ref הסכם הבסיס 25.12.2008, סעיף 29(ב) עד (ה) — 125%, ובנסיבה (ה) בנוסף 100%
GIVEN `הנסיבה` IS A `נסיבת מילוי מקום`,
      `נתוני השכר` IS A `נתוני שכר`
GIVETH A NUMBER
`תמורת מילוי מקום בעד שעה אחת` `הנסיבה` `נתוני השכר` MEANS
    CONSIDER `הנסיבה`
    WHEN `מילוי מקום רגיל`
        THEN 125% TIMES `ערך השעה`
    WHEN `מילוי מקום ביום חופשי`
        THEN 125% TIMES `ערך השעה`
    WHEN `מילוי מקום במקום שעת שהייה`
        THEN 125% TIMES `ערך השעה`
    WHEN `מילוי מקום במקום שעת שהייה שתבוצע ביום אחר`
        THEN (125% TIMES `ערך השעה`) PLUS (100% TIMES `ערך השעה`)
  WHERE
    `ערך השעה` MEANS `ערך שעה לעניין` (`עניין ערך השעה למילוי מקום` `הנסיבה`) `נתוני השכר`

@ref הסכם הבסיס 25.12.2008, סעיף 29
GIVEN `מספר השעות` IS A NUMBER,
      `הנסיבה` IS A `נסיבת מילוי מקום`,
      `נתוני השכר` IS A `נתוני שכר`
GIVETH A NUMBER
`תמורת מילוי מקום בעד` `מספר השעות` `שעות בנסיבת` `הנסיבה` `לפי` `נתוני השכר` MEANS
    `מספר השעות` TIMES (`תמורת מילוי מקום בעד שעה אחת` `הנסיבה` `נתוני השכר`)


§§ `פעילויות בית ספריות — סעיף 30`

-- סעיף 30(ג) מונה שלוש פעילויות ולכל אחת תקרה משלה במחצית שנת לימודים:
-- אסיפה בית ספרית כללית עד 4 שעות, אסיפת הורים וילדים פרטנית עד 8 שעות,
-- פעילות לאחר שעות בית הספר עד 6 שעות. סכומן 18, שהוא בדיוק התקרה
-- הכוללת של סעיף 30(א) ושל סעיף 30(ב) — ולכן התקרה הכוללת אינה מיותרת:
-- היא זו שמונעת צירוף של שלוש התקרות מעבר ל-18 כאשר אחת מהן לא נוצלה.
@ref הסכם הבסיס 25.12.2008, סעיף 30(ג)
DECLARE `סוג פעילות בית ספרית` IS ONE OF
    `אסיפה בית ספרית כללית`
        @nlg:he אסיפה בית ספרית כללית
    `אסיפת הורים וילדים פרטנית`
        @nlg:he אסיפת הורים וילדים פרטנית
    `פעילות לאחר שעות בית הספר`
        @nlg:he פעילות לאחר שעות בית הספר — מסיבה נושאית, מסיבת סיום וכיוצא באלה

@ref הסכם הבסיס 25.12.2008, סעיף 30(ג) — התקרות לכל סוג פעילות במחצית
GIVEN `סוג הפעילות` IS A `סוג פעילות בית ספרית`
GIVETH A NUMBER
`תקרת הפעילות במחצית` `סוג הפעילות` MEANS
    CONSIDER `סוג הפעילות`
    WHEN `אסיפה בית ספרית כללית`      THEN 4
    WHEN `אסיפת הורים וילדים פרטנית`  THEN 8
    WHEN `פעילות לאחר שעות בית הספר`  THEN 6

@ref הסכם הבסיס 25.12.2008, סעיפים 30(א) ו־30(ב) — "לא יותר מ-18 שעות בכל מחצית"
`התקרה הכוללת במחצית` MEANS 18

-- דיווח אחד: סוג הפעילות, השעות שבוצעו, והאישור של סעיף 30(ז). סעיף
-- 30(ו) מתנה את התשלום בדיווח, וסעיף 30(ז) מתנה את הדיווח באישור מנהל
-- בית הספר. בלא אישור אין תשלום — וזה אינו סירוב אלא תשובת המכשיר.
@ref הסכם הבסיס 25.12.2008, סעיפים 30(ו) ו־30(ז)
DECLARE `דיווח פעילות בית ספרית` HAS
    `סוג הפעילות`
        IS A `סוג פעילות בית ספרית`   @nlg:he סוג הפעילות הבית ספרית
    `השעות שדווחו במחצית`
        IS A NUMBER                    @nlg:he מספר שעות הפעילות שדווחו במחצית
    `הדיווח אושר בידי מנהל בית הספר`
        IS A BOOLEAN                   @nlg:he האם מנהל בית הספר אישר את הדיווח

@ref הסכם הבסיס 25.12.2008, סעיפים 30(ב), 30(ג), 30(ו) ו־30(ז)
GIVEN `הדיווח` IS A `דיווח פעילות בית ספרית`
GIVETH A NUMBER
`שעות פעילות מזכות במחצית` `הדיווח` MEANS
    IF `הדיווח`'s `הדיווח אושר בידי מנהל בית הספר`
    THEN min (min (`הדיווח`'s `השעות שדווחו במחצית`)
                  (`תקרת הפעילות במחצית` (`הדיווח`'s `סוג הפעילות`)))
             `התקרה הכוללת במחצית`
    ELSE 0

@ref הסכם הבסיס 25.12.2008, סעיף 30(א) — 125% כפול ערך שעה לפי סעיף 31(א)(3)
GIVEN `הדיווח` IS A `דיווח פעילות בית ספרית`,
      `נתוני השכר` IS A `נתוני שכר`
GIVETH A NUMBER
`תמורת פעילות בית ספרית` `הדיווח` `נתוני השכר` MEANS
          (`שעות פעילות מזכות במחצית` `הדיווח`)
    TIMES 125%
    TIMES (`ערך שעה לעניין` `שעת פעילות בית ספרית` `נתוני השכר`)

-- סעיף 30(ב): "בכל מקרה, עובד הוראה לא יהיה זכאי להקצאה של יותר מ-18
-- שעות פעילות בית ספרית בכל מחצית של שנת לימודים". זכאות להקצאה נוספת
-- היא שאלה בפני עצמה, ולכן היא נשאלת בנפרד מן התשלום.
@ref הסכם הבסיס 25.12.2008, סעיף 30(ב)
GIVEN `שעות שהוקצו במחצית` IS A NUMBER
GIVETH A BOOLEAN
`ניתן להקצות שעת פעילות נוספת` `שעות שהוקצו במחצית` MEANS
    `שעות שהוקצו במחצית` LESS THAN `התקרה הכוללת במחצית`


§§ `שעות מעל משרה מלאה — סעיף 33(ד)`

-- סעיף 33(ד)(1): "שעות העבודה, שהינן בנוסף להעסקה בהיקף של 100% משרה,
-- יהיו שעות הוראה פרונטאליות בלבד".
-- סעיף 33(ד)(2): המספר הכולל של השעות הפרונטאליות, הפרטניות ושעות
-- השהייה לא יעלה על 8.5 ביום אחד בימים א' עד ה', ועל 5 ביום ו', ולא
-- יעלה על 42 בשבוע.
-- סעיף 33(ד)(3): "התגמול עבור שעת עבודה מעבר ל-100% משרה יהיה בשיעור של
-- 100% כפול ערך שעה. לעניין זה, הבסיס לחישוב ערך השעה יהיה כאמור בסעיף
-- 31(א)(1) לעיל, ואופן חישוב ערך השעה יהיה כאמור בסעיף 31(ב) לעיל."
--
-- 100% ולא 125% — זו ההבחנה שסעיף 33(ד)(3) עושה מול סעיף 29, ובסיס
-- החישוב הוא (א)(1) ולא (א)(2), כך ששני הסכומים נבדלים בשני ממדים.

@ref הסכם הבסיס 25.12.2008, סעיף 33(ד)(2) — התקרות היומיות והשבועיות
GIVEN `שעות ביום א עד ה` IS A NUMBER,
      `שעות ביום ו` IS A NUMBER,
      `שעות בשבוע` IS A NUMBER
GIVETH A BOOLEAN
`ההעסקה מעל משרה מלאה בתוך תקרות סעיף 33` `שעות ביום א עד ה` `שעות ביום ו` `שעות בשבוע` MEANS
        `שעות ביום א עד ה` AT MOST 8.5
    AND `שעות ביום ו`      AT MOST 5
    AND `שעות בשבוע`       AT MOST 42

@ref הסכם הבסיס 25.12.2008, סעיף 33(ד)(3); הסכם 19.10.2022 סעיף 5.4
GIVEN `מספר השעות הפרונטאליות מעל משרה מלאה` IS A NUMBER,
      `נתוני השכר` IS A `נתוני שכר`
GIVETH A NUMBER
`תמורה בעד שעות מעל משרה מלאה` `מספר השעות הפרונטאליות מעל משרה מלאה` `נתוני השכר` MEANS
          `מספר השעות הפרונטאליות מעל משרה מלאה`
    TIMES 100%
    TIMES (`ערך שעה לעניין` `שעת מילוי מקום` `נתוני השכר`)


§§ `גמול ליווי טיולים — סעיף 40 וסעיף 29 להסכם ההשלמה`

-- סעיף 40(א): "גמול ליווי טיולים ישולם בהתאם להסכם הקיבוצי מיום 8.9.98,
-- אולם בשינוי להסכם האמור, הגמול ישולם אך ורק עבור שעות שהינן מעבר
-- לשעות העבודה החדשות כמפורט בפרק ו' לעיל."
--
-- סעיף 40(ב), שהוסף בסעיף 29 להסכם ההשלמה, מחליף את סעיף 4.ד. להסכם
-- 8.9.98 בטבלה. שבע שורות, והמספרים קריאים. שתי כותרות העמודות אינן:
-- בקורפוס הן מודפסות "[לא קריא]". לכן המספר ידוע והיחידה אינה, והמרה
-- לשקלים מסרבת בשם.

@ref הסכם ההשלמה 29.2.2012, סעיף 29 (סעיף 40(ב) החדש)
DECLARE `פעילות ליווי טיולים` IS ONE OF
    `פעילות המסתיימת עד 15:00`
        @nlg:he פעילות המסתיימת עד השעה 15:00
    `פעילות המסתיימת בין 15:00 ל־16:00`
        @nlg:he פעילות המסתיימת בין השעה 15:00 לשעה 16:00
    `פעילות המסתיימת בין 16:00 ל־18:00`
        @nlg:he פעילות המסתיימת בין השעה 16:00 לשעה 18:00
    `פעילות המסתיימת בין 18:00 ל־21:00`
        @nlg:he פעילות המסתיימת בין השעה 18:00 לשעה 21:00
    `פעילות המסתיימת בין 21:00 ל־24:00`
        @nlg:he פעילות המסתיימת בין השעה 21:00 לשעה 24:00
    `פעילות מנותקת בין 16:00 ל־24:00`
        @nlg:he פעילות מנותקת, בין השעה 16:00 לשעה 24:00
    `פעילות ליווי עם לינה`
        @nlg:he פעילות ליווי עם לינה

@ref הסכם ההשלמה 29.2.2012, סעיף 29 — עמודת המספרים בטבלת סעיף 40(ב)
GIVEN `הפעילות` IS A `פעילות ליווי טיולים`
GIVETH A NUMBER
`המספר שבטבלת סעיף 40` `הפעילות` MEANS
    CONSIDER `הפעילות`
    WHEN `פעילות המסתיימת עד 15:00`          THEN 0
    WHEN `פעילות המסתיימת בין 15:00 ל־16:00` THEN 0.5
    WHEN `פעילות המסתיימת בין 16:00 ל־18:00` THEN 1.5
    WHEN `פעילות המסתיימת בין 18:00 ל־21:00` THEN 3
    WHEN `פעילות המסתיימת בין 21:00 ל־24:00` THEN 4.5
    WHEN `פעילות מנותקת בין 16:00 ל־24:00`   THEN 3
    WHEN `פעילות ליווי עם לינה`              THEN 6.5

@ref הסכם הבסיס 25.12.2008, סעיף 40(א); הסכם ההשלמה 29.2.2012 סעיף 29 — היחידה אינה קריאה
GIVEN `הפעילות` IS A `פעילות ליווי טיולים`,
      `נתוני השכר` IS A `נתוני שכר`
GIVETH A NUMBER
`גמול ליווי טיולים בשקלים` `הפעילות` `נתוני השכר` MEANS
          (`המספר שבטבלת סעיף 40` `הפעילות`)
    TIMES `יחידת המידה של טבלת ליווי הטיולים אינה קריאה בקורפוס`

-- סעיף 40(ד) הוא הפרט היחיד בפרק הטיולים שהקורפוס כן פותר עד הסוף:
-- התגמול שבנספח א' להסכם 8.9.98, למורה המלווה טיולים ביום החופשי שלו או
-- ביום שבו הוא מועסק פחות מארבע שעות, "ישולם על בסיס ערך שעת מילוי מקום
-- בתנאי העסקה של הרפורמה" — כלומר ערך השעה של סעיף 31(א)(1).
@ref הסכם ההשלמה 29.2.2012, סעיף 29(ד) (סעיף 40(ד) החדש)
GIVEN `מספר השעות` IS A NUMBER,
      `נתוני השכר` IS A `נתוני שכר`
GIVETH A NUMBER
`תגמול ליווי טיולים לפי נספח א' להסכם 8.9.98` `מספר השעות` `נתוני השכר` MEANS
    `מספר השעות` TIMES (`ערך שעה לעניין` `שעת מילוי מקום` `נתוני השכר`)


§§ `סעיף 42 — הגמולים שחדלו`

-- סעיף 42 אינו מונה דבר. כל שהוא אומר הוא "כי אין בביטול גמולי התפקיד,
-- אשר היו נהוגים ערב הרפורמה, כדי לגרוע מתפקידים ו/או מטלות שהוטלו או
-- שנהוג היה להטילן על עובד ההוראה ערב יישום הרפורמה".
--
-- המשמעות המבצעית שלו היא כולה במילה "בלבד" שבפתח סעיף 39: מה שאינו
-- ברשימה הסגורה אינו משולם, והמטלה עצמה בכל זאת נשארת. במודול הזה
-- הרשימה הסגורה היא טיפוס — `תפקיד מזכה בגמול` ב-`he-domain` — ולכן
-- סעיף 42 נאכף על ידי מערכת הטיפוסים ולא על ידי כלל: גמול בגין תפקיד
-- שאינו ברשימה אינו ניתן לביטוי כלל.


§§ `פיצולים שנתגלו בכתיבת המודול`

-- FG1 — מה קורה לשעת השהייה בנסיבת סעיף 29(ד).
--   סעיף 29(ד): המורה זכאי ל-125% "ולא תשולם לו התמורה הרגילה עבור אותה
--   שעת שהייה (100%)". סעיף 29(ה), כשהמורה בוחר לבצע את שעת השהייה ביום
--   אחר: 125% "ובנוסף יהיה זכאי לתמורה הרגילה עבור אותה שעת שהייה (100%)".
--   קריאה א': שעות השהייה כלולות ממילא במשכורת החודשית, ולכן (ד) מורה על
--   הפחתה של שעה אחת לפי בסיס סעיף 31(א)(4).
--   קריאה ב': (ד) אינו מפחית דבר, ורק מבהיר שלא מתווסף תשלום; המילה
--   "ובנוסף" ב-(ה) היא שמלמדת שב-(ד) לא מתווסף.
--   נלקחה ב'. אילו (ד) היה מפחית, (ה) היה משלם פעמיים בעד שעת שהייה אחת.
--
-- FG2 — האם גמול מורה משלב נמנה במניין שני הגמולים.
--   סיפת סעיף 39 מוציאה במפורש את (א)(3) ואת (א)(4) יחד מהגדרת "שכר
--   משולב למשרה מלאה". סעיף 39(ג) מוציא מן המניין את "גמול חינוך מיוחד"
--   בלבד.
--   קריאה א': המכשיר ידע לצרף את שניהם משפט אחד קודם ולא צירף כאן, ולכן
--   גמול מורה משלב נמנה.
--   קריאה ב': שני הגמולים הם אותו עניין מהותי ויש לקרוא את (ג) כמוציא את
--   שניהם.
--   נלקחה א', על פי לשון הסעיף. מעשית הפיצול אינו נתקל היום, שכן שיעורו
--   של גמול מורה משלב מסרב ממילא.
--
-- FG3 — לפי איזה היקף משרה מחושב גמול מורה משלב.
--   סיפת סעיף 39 מוציאה את (א)(4) מכלל "משרה מלאה", אך סעיף 39(ד), שהוא
--   הכלל המחליף, מדבר על "חישוב גמול חינוך מיוחד בלבד". נשאר חור: מורה
--   משלב אינו לפי משרה מלאה ואין נאמר לפי מה כן.
--   קריאה א': לפי שיעור השעות הפרונטאליות בחינוך מיוחד, בהיקש מסעיף 39(ד).
--   קריאה ב': לפי חלקיות המשרה בפועל, כברירת המחדל של תקנון 1.1.
--   נלקחה א' בהיקש, והיא כתובה במפורש ב-`בסיס גמול התפקיד` כדי שתהיה
--   גלויה לביקורת. ממילא השיעור מסרב, ולכן ההכרעה אינה משנה סכום היום.
--
-- FG4 — ארבעה גמולי תפקיד שאינם ברשימה של `he-domain`.
--   סעיף 3(א) לתיקון מיום 19.3.2017 מוסיף סעיף 39ב ובו ארבעה תפקידים
--   נוספים: רכז השתלבות ואוכלוסיות מיוחדות 6%, מעריך תפקודי למידה (מת"ל)
--   בחטיבת ביניים 6%, רכז טיולים 6%, ומורה חונך 2.4% לכל מתמחה. סעיף
--   3(א)(ה) קובע שכללי החישוב שלהם זהים לאלה של רכז מקצוע, וסעיף 3(א)(ו)
--   מחיל עליהם את סעיפים 39(ב) ו-39(ב1).
--   טיפוס `תפקיד מזכה בגמול` ב-`he-domain` מונה שנים-עשר תפקידים ואינו
--   מונה את הארבעה האלה, ולכן הם אינם ניתנים לביטוי כאן. זה אינו פיצול
--   פרשני אלא פער כיסוי, והוא נרשם כאן משום שהוא נתגלה בכתיבת המודול
--   הזה: התיקון הזה הוא גם המקור לרכז פדגוגי, שכן נכלל. התיקון דרוש
--   ב-`he-domain`, לא כאן.


§§ `בדיקות`

-- נתוני מבחן. אלה אינם דין: הם מורה בדוי שספרותיו נבחרו כדי שהאריתמטיקה
-- תהיה ניתנת לבדיקה בעין. השכר המשולב 8,038.19 והתוספת 1,086 הם ספרות
-- מקרה C3 שבתכנית — בעל תואר ראשון, יסודי, דרגה 3, ותק 6.

`נתוני מבחן` MEANS `נתוני שכר` WITH
    `השכר המשולב למשרה מלאה`                  IS 8038.19
    `תוספת אופק 2022 למשרה מלאה`              IS 1086
    `היקף המשרה`                              IS 1
    `השעות למשרה מלאה`                        IS 36
    `שיעור השעות הפרונטאליות בחינוך מיוחד`    IS 0
    `שיעור השעות הפרונטאליות בכיתת מחוננים`   IS 0
    `גמולי התפקיד הנמנים במשכורת הקובעת`      IS 0

`נתוני מבחן חצי משרה` MEANS `נתוני שכר` WITH
    `השכר המשולב למשרה מלאה`                  IS 8038.19
    `תוספת אופק 2022 למשרה מלאה`              IS 1086
    `היקף המשרה`                              IS 0.5
    `השעות למשרה מלאה`                        IS 36
    `שיעור השעות הפרונטאליות בחינוך מיוחד`    IS 0
    `שיעור השעות הפרונטאליות בכיתת מחוננים`   IS 0
    `גמולי התפקיד הנמנים במשכורת הקובעת`      IS 0

`נתוני מבחן רבע משרה` MEANS `נתוני שכר` WITH
    `השכר המשולב למשרה מלאה`                  IS 8038.19
    `תוספת אופק 2022 למשרה מלאה`              IS 1086
    `היקף המשרה`                              IS 0.25
    `השעות למשרה מלאה`                        IS 36
    `שיעור השעות הפרונטאליות בחינוך מיוחד`    IS 0
    `שיעור השעות הפרונטאליות בכיתת מחוננים`   IS 0
    `גמולי התפקיד הנמנים במשכורת הקובעת`      IS 0

GIVEN `התפקיד` IS A `תפקיד מזכה בגמול`
GIVETH A `נתוני תפקיד`
`תפקיד מכהן` `התפקיד` MEANS `נתוני תפקיד` WITH
    `התפקיד`                           IS `התפקיד`
    `מספר הכיתות בשכבה`                IS 6
    `המורה מכהן בתפקיד`                IS TRUE
    `אושר גמול נוסף בידי מנהל המחוז`   IS FALSE

GIVEN `התפקיד` IS A `תפקיד מזכה בגמול`
GIVETH A `נתוני תפקיד`
`תפקיד מאושר` `התפקיד` MEANS `נתוני תפקיד` WITH
    `התפקיד`                           IS `התפקיד`
    `מספר הכיתות בשכבה`                IS 6
    `המורה מכהן בתפקיד`                IS TRUE
    `אושר גמול נוסף בידי מנהל המחוז`   IS TRUE

GIVEN `התפקיד` IS A `תפקיד מזכה בגמול`
GIVETH A `נתוני תפקיד`
`תפקיד שאינו מכהן` `התפקיד` MEANS `נתוני תפקיד` WITH
    `התפקיד`                           IS `התפקיד`
    `מספר הכיתות בשכבה`                IS 6
    `המורה מכהן בתפקיד`                IS FALSE
    `אושר גמול נוסף בידי מנהל המחוז`   IS FALSE

`נתוני מבחן מחוננים` MEANS `נתוני שכר` WITH
    `השכר המשולב למשרה מלאה`                  IS 8038.19
    `תוספת אופק 2022 למשרה מלאה`              IS 1086
    `היקף המשרה`                              IS 1
    `השעות למשרה מלאה`                        IS 36
    `שיעור השעות הפרונטאליות בחינוך מיוחד`    IS 0
    `שיעור השעות הפרונטאליות בכיתת מחוננים`   IS 0.6
    `גמולי התפקיד הנמנים במשכורת הקובעת`      IS 0

-- כלי בדיקה, לא דין. ערך השעה הוא מנה, וההשוואה המדויקת של מנה עשרונית
-- אל ספרות שנכתבו ביד נכשלת על עיגול הייצוג הצף גם כששני הצדדים נכונים.
-- לכן שש הבדיקות שמתחתיו משוות עד הפרש זניח, ואומרות זאת במפורש במקום
-- להעתיק ספרה ארוכה ולקוות.
GIVEN `הערך` IS A NUMBER,
      `הציפייה` IS A NUMBER
GIVETH A BOOLEAN
`ההפרש זניח בין` `הערך` `לבין` `הציפייה` MEANS
    ((max `הערך` `הציפייה`) MINUS (min `הערך` `הציפייה`)) LESS THAN 0.000001

-- 1. בסיס התוספות האחוזיות הוא שכר משולב ועוד תוספת אופק 2022, ולא השכר
--    המשולב לבדו (סעיף 5.4 להסכם 19.10.2022; פיצול F2 שבתכנית).
#ASSERT 9124.19 EQUALS `בסיס התוספות האחוזיות למשרה מלאה` `נתוני מבחן`

-- 2. גמול חינוך כיתה: זרוע האחוזים היא 10% מ-9,124.19 = 912.419, ולכן
--    הרצפה של 1,000 ₪ (סעיף 10.1 להסכם 19.10.2022) היא הקובעת. זו
--    הבדיקה שמראה שהרצפה חיה ואינה קישוט.
#ASSERT 1000 EQUALS `גמול תפקיד בעד` (`תפקיד מכהן` `מחנך כיתה`) `בית ספר יסודי` `נתוני מבחן`

-- 3. מחנך כיתה א' — 11.5% מ-9,124.19 = 1,049.28, מעל הרצפה, ולכן
--    האחוזים גוברים. שתי הזרועות של סעיף 10.1 נבדקו.
#ASSERT 1049.28185 EQUALS `גמול תפקיד בעד` (`תפקיד מכהן` `מחנך כיתה א'`) `בית ספר יסודי` `נתוני מבחן`

-- 4. סיפת סעיף 39: הבסיס הוא של משרה מלאה, ולכן חצי משרה מקבל את אותו
--    גמול בדיוק כמו משרה מלאה, כל עוד עבר את סף שליש המשרה.
#ASSERT 1000 EQUALS `גמול תפקיד בעד` (`תפקיד מכהן` `מחנך כיתה`) `בית ספר יסודי` `נתוני מבחן חצי משרה`

-- 5. ומתחת לשליש משרה אין גמול כלל.
#ASSERT 0 EQUALS `גמול תפקיד בעד` (`תפקיד מכהן` `מחנך כיתה`) `בית ספר יסודי` `נתוני מבחן רבע משרה`

-- 6. רכז חינוך חברתי ביסודי — 8% לאחר סעיף 11.1 להסכם 19.10.2022, ולא
--    ה-6% של סעיף 39(א)(8) המקורי. 8% מ-9,124.19 = 729.9352.
#ASSERT 729.9352 EQUALS `גמול תפקיד בעד` (`תפקיד מכהן` `רכז חינוך חברתי`) `בית ספר יסודי` `נתוני מבחן`

-- 7. ובחטיבת ביניים נותר 10% (סעיף 11.2).
#ASSERT 912.419 EQUALS `גמול תפקיד בעד` (`תפקיד מכהן` `רכז חינוך חברתי`) `חטיבת ביניים` `נתוני מבחן`

-- 8. רכז פדגוגי — 8% לאחר סעיף 12.1, ולא 6% של סעיף 39ג כנוסחו ב-2017.
#ASSERT 729.9352 EQUALS `גמול תפקיד בעד` (`תפקיד מכהן` `רכז פדגוגי`) `בית ספר יסודי` `נתוני מבחן`

-- 9. ממונה שכבה על שכבה של שש כיתות — 6% (מעל 4 כיתות), 547.4514, ומתחת
--    לרצפת 1,100 ₪ של סעיף 10.2, ולכן משולמת הרצפה.
#ASSERT 1100 EQUALS `גמול תפקיד בעד` (`תפקיד מכהן` `ממונה שכבה`) `חטיבת ביניים` `נתוני מבחן`

-- 10. ושיעור ממונה שכבה עצמו — 7% עד ארבע כיתות, 6% מעליהן.
#ASSERT 0.07 EQUALS `שיעור גמול ממונה שכבה` 4
#ASSERT 0.06 EQUALS `שיעור גמול ממונה שכבה` 5

-- 11. סעיף 39(א)(3) ו-(א)(4): השיעורים כתובים אך כללי הזכאות אינם
--     בקורפוס, ולכן סירוב ולא 5.5%.
#ASSERT REFUSED `שיעור גמול התפקיד` `מורה לחינוך מיוחד` `בית ספר יסודי` 0
#ASSERT REFUSED `שיעור גמול התפקיד` `מורה משלב` `בית ספר יסודי` 0

-- 12. תקרת שני הגמולים (סעיף 39(ג)). שלושה תפקידים ללא אישור מנהל
--     המחוז: משולמים שניים בלבד — 1,000 (מחנך) ועוד 729.9352 (רכז חינוך
--     חברתי); רכז מעבדה השלישי אינו משולם.
#ASSERT 1729.9352 EQUALS `סך גמולי התפקיד` `בית ספר יסודי` `נתוני מבחן` (LIST `תפקיד מכהן` `מחנך כיתה`, `תפקיד מכהן` `רכז חינוך חברתי`, `תפקיד מכהן` `רכז מעבדה`)

-- 13. ואותה רשימה כשהשלישי אושר בידי מנהל המחוז: 3% מ-9,124.19 =
--     273.7257 מתווספים.
#ASSERT 2003.6609 EQUALS `סך גמולי התפקיד` `בית ספר יסודי` `נתוני מבחן` (LIST `תפקיד מכהן` `מחנך כיתה`, `תפקיד מכהן` `רכז חינוך חברתי`, `תפקיד מאושר` `רכז מעבדה`)

-- 14. סעיף 39(ב1): מורה שאינו מכהן בתפקיד אינו זכאי לגמולו, והתפקיד גם
--     אינו תופס מקום במניין — ולכן השלישי ברשימה כן משולם.
#ASSERT 1273.7257 EQUALS `סך גמולי התפקיד` `בית ספר יסודי` `נתוני מבחן` (LIST `תפקיד מכהן` `מחנך כיתה`, `תפקיד שאינו מכהן` `רכז חינוך חברתי`, `תפקיד מכהן` `רכז מעבדה`)

-- 15. ערך שעה: 9,124.19 / (36 X 4.33) = 58.55…, לפי סעיף 31(ב) כנוסחו
--     לאחר סעיף 19 להסכם ההשלמה.
#ASSERT `ההפרש זניח בין` (`ערך שעה לעניין` `שעת מילוי מקום` `נתוני מבחן`) `לבין` 58.5334231

-- 16. מילוי מקום, ארבע שעות, 125% (סעיף 29(ב)).
#ASSERT `ההפרש זניח בין` (`תמורת מילוי מקום בעד` 4 `שעות בנסיבת` `מילוי מקום רגיל` `לפי` `נתוני מבחן`) `לבין` 292.6671157

-- 17. נסיבת סעיף 29(ה) משלמת 225% לשעה — 125% ועוד 100% בעד שעת השהייה
--     שתבוצע ביום אחר — בעוד נסיבת סעיף 29(ד) משלמת 125% בלבד. פיצול FG1.
#ASSERT `ההפרש זניח בין` (`תמורת מילוי מקום בעד שעה אחת` `מילוי מקום במקום שעת שהייה שתבוצע ביום אחר` `נתוני מבחן`) `לבין` 131.7002021
#ASSERT `ההפרש זניח בין` (`תמורת מילוי מקום בעד שעה אחת` `מילוי מקום במקום שעת שהייה` `נתוני מבחן`) `לבין` 73.1667789

-- 18. סעיף 33(ד)(3) משלם 100% ולא 125%, ועל בסיס סעיף 31(א)(1). שתי
--     שעות מעל משרה מלאה שוות בדיוק פי 0.8 מאותן שעות במילוי מקום רגיל.
#ASSERT `ההפרש זניח בין` (`תמורה בעד שעות מעל משרה מלאה` 2 `נתוני מבחן`) `לבין` 117.0668463

-- 19. תקרות סעיף 33(ד)(2): 8.5 ליום א' עד ה', 5 ליום ו', 42 לשבוע.
#ASSERT `ההעסקה מעל משרה מלאה בתוך תקרות סעיף 33` 8.5 5 42
#ASSERT NOT (`ההעסקה מעל משרה מלאה בתוך תקרות סעיף 33` 9 5 42)
#ASSERT NOT (`ההעסקה מעל משרה מלאה בתוך תקרות סעיף 33` 8.5 5 43)

-- 20. פעילות בית ספרית: דיווח של 10 שעות אסיפת הורים נחתך ל-8 לפי תקרת
--     סעיף 30(ג), ולא ל-10 ולא ל-18.
#ASSERT 8 EQUALS `שעות פעילות מזכות במחצית` (`דיווח פעילות בית ספרית` WITH `סוג הפעילות` IS `אסיפת הורים וילדים פרטנית`, `השעות שדווחו במחצית` IS 10, `הדיווח אושר בידי מנהל בית הספר` IS TRUE)

-- 21. וללא אישור מנהל בית הספר (סעיף 30(ז)) אין שעות מזכות כלל.
#ASSERT 0 EQUALS `שעות פעילות מזכות במחצית` (`דיווח פעילות בית ספרית` WITH `סוג הפעילות` IS `אסיפת הורים וילדים פרטנית`, `השעות שדווחו במחצית` IS 10, `הדיווח אושר בידי מנהל בית הספר` IS FALSE)

-- 22. סעיף 30(ב): אחרי 18 שעות אין עוד הקצאה.
#ASSERT `ניתן להקצות שעת פעילות נוספת` 17
#ASSERT NOT (`ניתן להקצות שעת פעילות נוספת` 18)

-- 23. סכומן של שלוש תקרות סעיף 30(ג) הוא בדיוק התקרה הכוללת של סעיף
--     30(א). בדיקת שלמות של התעתיק, לא כלל.
#ASSERT 18 EQUALS (`תקרת הפעילות במחצית` `אסיפה בית ספרית כללית`) PLUS (`תקרת הפעילות במחצית` `אסיפת הורים וילדים פרטנית`) PLUS (`תקרת הפעילות במחצית` `פעילות לאחר שעות בית הספר`)

-- 24. גמול כיתת מחוננים (סעיף 41): 14% מוכפל בשיעור השעות הפרונטאליות
--     בכיתה, ולכן במורה בדיקה שאינו מלמד מחוננים הוא אפס, ובשישים אחוז
--     הוא 0.6 מן המלא.
#ASSERT 0 EQUALS `גמול כיתת מחוננים` `נתוני מבחן`
#ASSERT 766.43196 EQUALS `גמול כיתת מחוננים` `נתוני מבחן מחוננים`

-- 25. גמול ליווי טיולים: המספרים שבטבלת סעיף 40(ב) קריאים, אך ההמרה
--     לשקלים מסרבת משום שכותרות העמודות אינן קריאות בקורפוס.
#ASSERT 6.5 EQUALS `המספר שבטבלת סעיף 40` `פעילות ליווי עם לינה`
#ASSERT REFUSED `גמול ליווי טיולים בשקלים` `פעילות ליווי עם לינה` `נתוני מבחן`

-- 26. וסעיף 40(ד), הפרט היחיד בפרק הטיולים שהקורפוס פותר עד הסוף, אינו
--     מסרב: הוא ערך שעת מילוי מקום כפול מספר השעות.
#ASSERT `ההפרש זניח בין` (`תגמול ליווי טיולים לפי נספח א' להסכם 8.9.98` 2 `נתוני מבחן`) `לבין` 117.0668463

-- 27. ההכרעה על גמול השתלמות נושאת שם ומסרבת בשמו.
#ASSERT REFUSED `גמול השתלמות נבלע בהמרה ואינו משולם כשורה נפרדת למורה ברפורמה`


§§ `התפר — בניית נתוני השכר מן המודולים שמעל`

-- המודול הזה נכתב כשהיו חסרים שכניו, ולכן חמשת הגדלים שהוא מקבל מהם
-- נאספו ברשומה אחת, `נתוני שכר`, שהיא הפרמטר של כל פונקציית כסף כאן.
-- החיווט אינו משנה אף כלל למעלה: הוא פונקציה בונה אחת, וזו היא.
--
-- ארבעה מן השדות נגזרים עתה מן המכשירים ולא נמסרים ביד:
--   `השכר המשולב למשרה מלאה`     — `he-sachar-meshulav`, סעיף 36 והנספחים
--   `תוספת אופק 2022 למשרה מלאה` — `he-sachar-meshulav`, הסכם 2022 סעיף 5.1
--   `היקף המשרה`                  — `he-sachar-meshulav`, סעיף 5.3, כמנה
--   `השעות למשרה מלאה`            — `he-mishra`, הכרעת התלבטות 1
-- שלושת האחרים נשארים עובדות תלוש, משום שאין בקורפוס מכשיר שגוזר אותם:
-- שני שיעורי הפרונטאליות ו-סכום גמולי התפקיד הנמנים במשכורת הקובעת
-- (הפער G1 — סעיף 150 להסכם הבסיס מפנה להסכם מיום 31.8.2008 שאינו בקורפוס).

@ref תכנית §3.5; הסכם הבסיס 25.12.2008 סעיפים 31 ו־36; הסכם 19.10.2022 סעיפים 5.1 ו־5.3
GIVEN `המורה` IS A `מורה`,
      `שיעור הפרונטאליות בחינוך מיוחד` IS A NUMBER,
      `שיעור הפרונטאליות בכיתת מחוננים` IS A NUMBER,
      `סכום גמולי התפקיד שבמשכורת הקובעת` IS A NUMBER
GIVETH A `נתוני שכר`
@nlg:he נתוני השכר של המורה, כפי שהם מגיעים מן המודולים שמעל
`נתוני השכר של` `המורה` `שיעור הפרונטאליות בחינוך מיוחד` `שיעור הפרונטאליות בכיתת מחוננים` `סכום גמולי התפקיד שבמשכורת הקובעת` MEANS
    `נתוני שכר` WITH
        `השכר המשולב למשרה מלאה`
            IS `שכר מן הטבלה לפי` (`השיבוץ של` `המורה`)
        `תוספת אופק 2022 למשרה מלאה`
            IS `תוספת אופק 2022 במשרה מלאה של` `המורה` `בתקופה` `התקופה בשנת הלימודים תשפו`
        `היקף המשרה`
            IS `חלקיות משרתו של` `המורה`
        `השעות למשרה מלאה`
            IS `מספר השעות למשרה מלאה` ((`המורה`'s `ההעסקה`)'s `שלב החינוך`) (`המורה`'s `רצועת הגיל`)
        `שיעור השעות הפרונטאליות בחינוך מיוחד`
            IS `שיעור הפרונטאליות בחינוך מיוחד`
        `שיעור השעות הפרונטאליות בכיתת מחוננים`
            IS `שיעור הפרונטאליות בכיתת מחוננים`
        `גמולי התפקיד הנמנים במשכורת הקובעת`
            IS `סכום גמולי התפקיד שבמשכורת הקובעת`
