@lang he

IMPORT prelude
IMPORT `he-domain`

§ `אופק חדש — שבוע העבודה והיקף המשרה`

-- ===========================================================================
-- מה יש במודול הזה. הקשר שבין השעות לבין היקף המשרה, בשני הכיוונים: מן
-- השעות אל האחוז, ומן האחוז אל השעות. ועוד: רצפות היקף המשרה ותקרותיו.
--
-- מה אין בו, ובכוונה: אין כאן שקל אחד. פרק ו' להסכם הבסיס (סעיפים 14 עד
-- 34) עונה על השאלה "כמה היא משרה אחת, וכמה ממנה מחזיק המורה הזה" כולה
-- בשעות, ונעצר בסעיף 35 שבו מתחיל הכסף. השארת המודול נקי מכסף היא מה
-- שמאפשר להכריע את ההתלבטות בדבר מכנה ערך השעה במקום אחד — ראו את
-- ההתלבטות ה"1" להלן.
--
-- מקורות:
--   הסכם הבסיס      — הסכם קיבוצי מיום 25.12.2008, פרק ו' (סעיפים 14 עד 34)
--                     וסעיפים 32, 33, 33א
--   העותק החתום     — אותו הסכם בעותק הרישום החתום, הנושא את נספחי א' ו־ב'
--                     (סולמות שבוע העבודה). זהו המקום היחיד שבו הסולמות
--                     מודפסים.
--   הסכם ההשלמה     — הסכם קיבוצי מיום 29.2.2012, המתקן את סעיפים 13, 15,
--                     19 עד 23, 27, 30, 31 ו־33 ומוסיף את סעיף 33א
--   הסכם ספטמבר 2013 — הסכם קיבוצי מיום 17.9.2013, סעיפים 8 עד 10:
--                     מחנכי כיתה, וסעיפים 15א ו־17א (שעות תפקיד)
--
-- כתיב. כמו במודול הדומיין: הטיפוס בצורת הציטוט, השדה בצורה המיודעת,
-- הפרמטר בצורת הסמיכות. כל שם בגרשיים אחוריים.
--
-- הערה נמדדת, 19.9.2026. הסולמות שלהלן אינם מוקלדים ביד אלא נפלטים
-- מסקריפט, ולכן אין בהם אופרטור "^" כלל: קרט הנופל על האסימון השגוי
-- משנה מספר בלי להשמיע שגיאה, וסולם בן 118 שורות הוא בדיוק המקום שבו
-- כשל שקט כזה לא ייתפס. הסקריפט מוודא לפני הפליטה ששלוש העמודות
-- מסתכמות בעמודת הסה"כ, ושעמודת היקף המשרה שווה לסה"כ חלקי בסיס
-- הרצועה. אותן שתי בדיקות חוזרות כאן כ־#ASSERT, כדי שהן יישמרו גם אם
-- מישהו יערוך שורה ביד.
-- ===========================================================================


§§ `ימי העבודה בשבוע — סעיף 14`

-- 14(א): "מורה במשרה מלאה יעבוד 5 ימי עבודה בשבוע, גם בבתי ספר הפועלים
-- 6 ימים בשבוע."

@ref הסכם הבסיס 25.12.2008, סעיף 14(א)
GIVETH A NUMBER
`ימי העבודה בשבוע למשרה מלאה` MEANS 5

-- 14(ב) מתיר לשמר ארבעה ימים, בשלושה תנאים מצטברים ובאותו סדר שבו הם
-- מופיעים: בית ספר שהונהג בו שבוע לימודים של חמישה ימים; המורה עבד
-- ארבעה ימים ערב המעבר לרפורמה; ובהסכמת מנהל בית הספר. התנאי הרביעי
-- אינו תנאי לזכאות אלא סייג לה — יום עבודתו לא יארך יותר מתשע שעות.

@ref הסכם הבסיס 25.12.2008, סעיף 14(ב)
GIVEN `בבית הספר הונהג שבוע לימודים של חמישה ימים` IS A BOOLEAN,
      `המורה עבד ארבעה ימים ערב המעבר לרפורמה`     IS A BOOLEAN,
      `מנהל בית הספר הסכים`                        IS A BOOLEAN
GIVETH A BOOLEAN
`רשאי להמשיך לעבוד ארבעה ימים בשבוע` MEANS
        `בבית הספר הונהג שבוע לימודים של חמישה ימים`
    AND `המורה עבד ארבעה ימים ערב המעבר לרפורמה`
    AND `מנהל בית הספר הסכים`

@ref הסכם הבסיס 25.12.2008, סעיף 14(ב) סיפה — הסייג
GIVETH A NUMBER
`אורך יום העבודה המרבי לעובד ארבעה ימים` MEANS 9


§§ `שבוע העבודה למשרה מלאה — סעיפים 15 עד 22`

-- סעיף 15: ביסודי 36 שעות, מהן 26 פרונטאליות, 5 פרטניות ו־5 שהייה.
-- סעיף 17: בחטיבת הביניים 36 שעות, מהן 23, 4 ו־9.
-- שני הסעיפים נושאים מבנה זהה, ולכן שתי שורות ולא שני פרקים.

@ref הסכם הבסיס 25.12.2008, סעיף 15(א) עד 15(ד)
GIVETH A `שבוע עבודה`
`שבוע העבודה ביסודי` MEANS `שבוע עבודה` OF 26, 5, 5

@ref הסכם הבסיס 25.12.2008, סעיף 17(א) עד 17(ד)
GIVETH A `שבוע עבודה`
`שבוע העבודה בחטיבת ביניים` MEANS `שבוע עבודה` OF 23, 4, 9

@ref הסכם הבסיס 25.12.2008, סעיפים 15(א) ו־17(א) — סך שבוע העבודה
GIVEN `שבוע עבודה כלשהו` IS A `שבוע עבודה`
GIVETH A NUMBER
`סך שעות שבוע העבודה` `שבוע עבודה כלשהו` MEANS
         `שבוע עבודה כלשהו`'s `השעות הפרונטאליות`
    PLUS `שבוע עבודה כלשהו`'s `השעות הפרטניות`
    PLUS `שבוע עבודה כלשהו`'s `שעות השהייה`

-- סעיף 15(ד)(1) וסעיף 17(ד)(1): מכסת שעות הישיבות מתוך שעות השהייה.
-- הן חשובות כאן ולא בגלל עצמן: סעיף 28 מטיל את הפעילויות הנוספות דווקא
-- עליהן.

@ref הסכם הבסיס 25.12.2008, סעיפים 15(ד)(1), 17(ד)(1) ו־18(ב)(1)
GIVEN `שלב החינוך` IS A `שלב חינוך`
GIVETH A NUMBER
`מכסת שעות הישיבות השבועית` `שלב החינוך` MEANS
    CONSIDER `שלב החינוך`
    WHEN `בית ספר יסודי`  THEN 2
    WHEN `חטיבת ביניים`   THEN 4

-- סעיף 9 להסכם ההשלמה הוסיף לסעיפים 15 ו־17 סעיף־קטן (ו): אורכה של שעה
-- פרטנית ושל שעת שהייה שווה לאורכה של שעה פרונטאלית. זו ההצדקה לכך
-- שהמודול הזה סוכם שעות משלושה סוגים בלי מקדם המרה.

@ref הסכם ההשלמה 29.2.2012, סעיף 9 (סעיפים 15(ו) ו־17(ו) החדשים)
GIVETH A BOOLEAN
`אורכן של שעה פרטנית ושל שעת שהייה שווה לאורכה של שעה פרונטאלית` MEANS TRUE

-- סעיף 16. למורה המלמד ביסודי ובסיס משרתו נשמר על 24 ש"ש של חטיבת
-- ביניים, וכן למורה חדש המלמד בכיתות ז' עד ט' בבית ספר יסודי — חל מבנה
-- שבוע העבודה של היסודי. כלומר בסיס המשרה השמור אינו משנה את המבנה.

@ref הסכם הבסיס 25.12.2008, סעיף 16
GIVEN `בסיס המשרה` IS A `בסיס משרה`
GIVETH A `שבוע עבודה`
`שבוע העבודה ביסודי לפי בסיס המשרה` `בסיס המשרה` MEANS
    CONSIDER `בסיס המשרה`
    WHEN `בסיס משרה של בית ספר יסודי`  THEN `שבוע העבודה ביסודי`
    WHEN `בסיס משרה של חטיבת ביניים`   THEN `שבוע העבודה ביסודי`

-- סעיפים 18 עד 20. סעיף 18 אינו משנה את מספרי השעות אלא את תוכנן, ולכן
-- מורה לחינוך מיוחד נושא את אותו שבוע עבודה כמו עמיתו. סעיף 19 הוא
-- ששובר את המספרים: ביסודי 3 פרטניות ו־7 שהייה, בחטיבה 2 ו־11 — והשעות
-- הפרונטאליות אינן משתנות. סעיף 20 מחיל את סעיף 19 על התפקידים
-- הפארא־רפואיים.

@ref הסכם הבסיס 25.12.2008, סעיפים 15, 17, 18, 19 ו־20; הסכם ההשלמה 29.2.2012 סעיפים 10, 11 ו־12
GIVEN `שלב החינוך` IS A `שלב חינוך`,
      `סוג ההוראה` IS A `סוג הוראה`
GIVETH A `שבוע עבודה`
`שבוע העבודה המלא` `שלב החינוך` `סוג ההוראה` MEANS
    CONSIDER `סוג ההוראה`
    WHEN `הוראה רגילה`          THEN `שבוע העבודה לפי שלב החינוך`
    WHEN `הוראה בחינוך מיוחד`   THEN `שבוע העבודה לפי שלב החינוך`
    WHEN `הוראת שילוב`          THEN `שבוע העבודה של מורה שילוב`
    WHEN `תפקיד פארא־רפואי`     THEN `שבוע העבודה של מורה שילוב`
    WHERE
        `שבוע העבודה לפי שלב החינוך` MEANS
            CONSIDER `שלב החינוך`
            WHEN `בית ספר יסודי`  THEN `שבוע העבודה ביסודי`
            WHEN `חטיבת ביניים`   THEN `שבוע העבודה בחטיבת ביניים`
        `שבוע העבודה של מורה שילוב` MEANS
            CONSIDER `שלב החינוך`
            WHEN `בית ספר יסודי`  THEN `שבוע עבודה` OF 26, 3, 7
            WHEN `חטיבת ביניים`   THEN `שבוע עבודה` OF 23, 2, 11

-- סעיף 11(ג) להסכם ההשלמה הוסיף לסעיף 19 סעיף־קטן (ג): שעות הנסיעה
-- במעבר מבית ספר לבית ספר ייחשבו כשעות שהייה. זהו כלל סיווג, לא כלל
-- חישוב, ולכן הוא נרשם כאן ואינו נכנס לנוסחה.

@ref הסכם ההשלמה 29.2.2012, סעיף 11(ג) (סעיף 19(ג) החדש)
GIVETH A BOOLEAN
`שעות הנסיעה במעבר מבית ספר לבית ספר נחשבות שעות שהייה` MEANS TRUE

-- סעיפים 21 ו־22 ממפים בית ספר לחינוך מיוחד רב־שלבי אל אחד משני המבנים
-- לפי הכיתות שבהן המורה מלמד. סעיף 22(ג) — כיתות י' ומעלה — מותנה
-- במכתבו של הממונה על השכר מיום 25.12.08, שאינו בקורפוס; לכן הענף הזה
-- מסרב ואינו מחזיר את מבנה חטיבת הביניים כאילו הסייג אינו קיים.

@ref הסכם הבסיס 25.12.2008, סעיפים 21, 22(א) ו־22(ב)
GIVEN `כיתות א' עד ו'` IS A BOOLEAN,
      `כיתות ז' עד ט'` IS A BOOLEAN,
      `כיתות י' ומעלה` IS A BOOLEAN
GIVETH A `שלב חינוך`
`שלב החינוך בבית ספר לחינוך מיוחד רב שלבי` MEANS
    BRANCH
        IF `כיתות א' עד ו'` THEN `בית ספר יסודי`
        IF `כיתות ז' עד ט'` THEN `חטיבת ביניים`
        IF `כיתות י' ומעלה` THEN `מכתב הממונה על השכר מיום 25.12.2008 אינו בקורפוס`
        OTHERWISE                `אין בסעיפים 21 ו־22 מבנה לכיתות שאינן מנויות בהם`

@ref הסכם הבסיס 25.12.2008, סעיף 22(ג) — מכתב הממונה על השכר מיום 25.12.08, שאינו בקורפוס
GIVETH A `שלב חינוך`
`מכתב הממונה על השכר מיום 25.12.2008 אינו בקורפוס` MEANS
    REFUSE "מכתב הממונה על השכר מיום 25.12.2008 אינו בקורפוס"

@ref הסכם הבסיס 25.12.2008, סעיפים 21 ו־22 — שלבים שאינם מנויים
GIVETH A `שלב חינוך`
`אין בסעיפים 21 ו־22 מבנה לכיתות שאינן מנויות בהם` MEANS
    REFUSE "אין בסעיפים 21 ו־22 מבנה לכיתות שאינן מנויות בהם"

-- סעיף 23. מורה קבוע שעבר ממבנה חטיבת ביניים למבנה יסודי, עקב דרישת
-- משרד החינוך או סגירת בית ספרו, יועסק לפי מבנה היסודי. התוספת האישית
-- בשיעור 12.5% שהסעיף מקנה לו היא כסף, והיא שייכת ל־he-gmulim; כאן
-- נרשם רק מה שהסעיף עושה לשעות.

@ref הסכם הבסיס 25.12.2008, סעיף 23(א); הסכם ההשלמה 29.2.2012 סעיף 15
GIVEN `מורה קבוע`                        IS A BOOLEAN,
      `הועסק לפי מבנה חטיבת ביניים`      IS A BOOLEAN,
      `עבר עקב דרישת משרד החינוך`        IS A BOOLEAN,
      `עבר עקב סגירת בית הספר`           IS A BOOLEAN
GIVETH A BOOLEAN
`חל עליו מבנה שבוע העבודה של בית ספר יסודי לפי סעיף 23` MEANS
        `מורה קבוע`
    AND `הועסק לפי מבנה חטיבת ביניים`
    AND (   `עבר עקב דרישת משרד החינוך`
         OR `עבר עקב סגירת בית הספר`)


§§ `שעות גיל — סעיף 26`

-- סעיף 26 קובע שלוש הפחתות, ולא שלוש רצועות: מורה קיים בן 50 עד 55
-- (לא כולל) מפחית שתי שעות פרונטאליות; מורה קיים בן 55 ומעלה מפחית שלוש
-- פרונטאליות ושעה פרטנית אחת; מורה חדש בן 50 ומעלה מפחית שתי
-- פרונטאליות, "ולגבי מורה חדש לא תהיה הפחתה נוספת מגיל 55".
--
-- מכאן שרצועת הגיל של הטבלאות אינה זהה לגילו של המורה: מורה חדש בן 57
-- קורא את סולם "מגיל 50". נספחי א' ו־ב' אומרים זאת בעצמם, בכותרת רצועת
-- 55: "לא חל על מורים חדשים".

@ref הסכם הבסיס 25.12.2008, סעיף 26(ג) סיפה; נספחים א' ו־ב', כותרת רצועת 55
GIVEN `המעמד ברפורמה` IS A `מעמד ברפורמה`,
      `רצועת הגיל`    IS A `רצועת גיל`
GIVETH A `רצועת גיל`
`רצועת הגיל לעניין הסולם` `המעמד ברפורמה` `רצועת הגיל` MEANS
    CONSIDER `המעמד ברפורמה`
    WHEN `מורה קיים` THEN `רצועת הגיל`
    WHEN `מורה חדש`  THEN CONSIDER `רצועת הגיל`
                          WHEN `מתחת לגיל 50` THEN `מתחת לגיל 50`
                          WHEN `גיל 50 עד 54` THEN `גיל 50 עד 54`
                          WHEN `גיל 55 ומעלה` THEN `גיל 50 עד 54`

-- ההפחתה עצמה, מנוסחת על שבוע עבודה מלא כלשהו כדי שתחול גם על מבנה
-- השילוב ולא רק על מבנה ההוראה הרגילה.

@ref הסכם הבסיס 25.12.2008, סעיף 26(א), 26(ב) ו־26(ג)
GIVEN `שבוע עבודה כלשהו` IS A `שבוע עבודה`,
      `רצועת הגיל`       IS A `רצועת גיל`
GIVETH A `שבוע עבודה`
`שבוע העבודה לאחר שעות הגיל` `שבוע עבודה כלשהו` `רצועת הגיל` MEANS
    CONSIDER `רצועת הגיל`
    WHEN `מתחת לגיל 50` THEN `שבוע עבודה כלשהו`
    WHEN `גיל 50 עד 54` THEN `שבוע עבודה` OF (`פרונטאליות` MINUS 2), `פרטניות`,            `שהייה`
    WHEN `גיל 55 ומעלה` THEN `שבוע עבודה` OF (`פרונטאליות` MINUS 3), (`פרטניות` MINUS 1), `שהייה`
    WHERE
        `פרונטאליות` MEANS `שבוע עבודה כלשהו`'s `השעות הפרונטאליות`
        `פרטניות`    MEANS `שבוע עבודה כלשהו`'s `השעות הפרטניות`
        `שהייה`      MEANS `שבוע עבודה כלשהו`'s `שעות השהייה`

@ref הסכם הבסיס 25.12.2008, סעיף 26(ד) — הגיל הקובע
GIVETH A NUMBER
`היום שבו נקבע הגיל לעניין שעות הגיל — 31 בדצמבר` MEANS 31


§§ `סולמות שבוע העבודה — נספחים א' ו־ב' לעותק הרישום החתום`

-- סעיף 27(ז), כנוסחו בסעיף 17(א) להסכם ההשלמה: "לגבי מורה שחלקיות
-- משרתו הינה 1/3 משרה ומעלה, למעט עובד הוראה בתפקיד פארא־רפואי ומורה/ת
-- שילוב, יהיו מספר שעות עבודתו השבועיות בהתאם לשיעור חלקיות משרתו ...
-- כמפורט בטבלאות המצ"ב". הטבלאות האלה הן הסולמות שלהלן, והן המקום
-- היחיד בקורפוס שבו הסולם מודפס.
--
-- שורת סולם נושאת חמישה מספרים, ולא שלושה: היקף המשרה, שלושת סוגי
-- השעות (כרשומת `שבוע עבודה` של מודול הדומיין), סך השעות כפי שהוא מודפס
-- בטבלה, ושעות השהייה של מורה אם. שתי העמודות האחרונות אינן מיותרות:
-- הסה"כ המודפס הוא עד חיצוני לשלוש העמודות שמעליו, ושעות מורה אם הן
-- עמודה עצמאית בטבלה ואינן נגזרות משעות השהייה הרגילות.
--
-- שלוש הערות קריאה שהטבלה עצמה מכתיבה:
--
-- ראשית, עמודת "שעות שהייה למורה אם" היא מספר שעות השהייה שנותרו, לא
-- שיעור ההפחתה. ביסודי במשרה מלאה: שהייה 5, ובעמודת מורה אם 2.5.
-- בחטיבת ביניים: 9, ובעמודה 6.5. בשני המקרים ההפרש הוא 2.5, כלשון סעיף
-- 24 המקורי.
--
-- שנית, הטבלה מדפיסה שתי עמודות למורה אם — "בבית ספר אחד (79% משרה
-- ומעלה)" ו"המועסקת במספר בתי ספר" — ובכל מקום שבו הראשונה אינה כתובה
-- "לא רלוונטי", שתיהן נושאות את אותו מספר. לכן נשמרת כאן עמודה אחת,
-- והזכאות בבית ספר אחד נגזרת ממנה בתנאי 79% שהטבלה עצמה מציבה בכותרת.
-- זו הכרעה שנבדקה מול כל השורות ולא הנחה.
--
-- שלישית, בסולם היסודי עמודת השהייה אינה מונוטונית: ב־52.78% היא 2
-- וב־50.00% היא 3, משום שהעמודה הפרטנית יורדת שם מ־3 ל־2. כך בטבלה
-- המודפסת, וכך כאן.

@ref העותק החתום של הסכם הבסיס 25.12.2008, נספחים א' ו־ב' — שורה בסולם שבוע העבודה
DECLARE `שורת סולם` HAS
    `היקף המשרה`             IS A NUMBER     @nlg:he היקף המשרה באחוזים
    `שבוע העבודה שבשורה`     IS A `שבוע עבודה` @nlg:he שבוע העבודה שבשורה
    `סך השעות שבשורה`        IS A NUMBER     @nlg:he סך השעות השבועיות כפי שהוא מודפס בטבלה
    `שהיית מורה אם שבשורה`   IS A NUMBER     @nlg:he שעות השהייה של מורה אם

-- הסולמות עצמם. נפלטים מסקריפט; ראו את ההערה בראש הקובץ.
-- סדר העמודות בכל שורה: היקף המשרה, (פרונטאליות, פרטניות, שהייה),
-- סך השעות, שעות שהייה למורה אם.

`סולם יסודי מתחת לגיל 50` MEANS
    LIST (`שורת סולם` OF    100, (`שבוע עבודה` OF 26, 5,  5), 36, 2.5),
         (`שורת סולם` OF  97.22, (`שבוע עבודה` OF 25, 5,  5), 35, 2.5),
         (`שורת סולם` OF  94.44, (`שבוע עבודה` OF 24, 5,  5), 34, 2.5),
         (`שורת סולם` OF  91.67, (`שבוע עבודה` OF 23, 5,  5), 33, 2.5),
         (`שורת סולם` OF  86.11, (`שבוע עבודה` OF 22, 4,  5), 31, 2.5),
         (`שורת סולם` OF  80.56, (`שבוע עבודה` OF 21, 4,  4), 29,   2),
         (`שורת סולם` OF  77.78, (`שבוע עבודה` OF 20, 4,  4), 28,   2),
         (`שורת סולם` OF  72.22, (`שבוע עבודה` OF 19, 4,  3), 26, 1.5),
         (`שורת סולם` OF  69.44, (`שבוע עבודה` OF 18, 4,  3), 25, 1.5),
         (`שורת סולם` OF  63.89, (`שבוע עבודה` OF 17, 3,  3), 23, 1.5),
         (`שורת סולם` OF  61.11, (`שבוע עבודה` OF 16, 3,  3), 22, 1.5),
         (`שורת סולם` OF  58.33, (`שבוע עבודה` OF 15, 3,  3), 21, 1.5),
         (`שורת סולם` OF  52.78, (`שבוע עבודה` OF 14, 3,  2), 19, 1.5),
         (`שורת סולם` OF     50, (`שבוע עבודה` OF 13, 2,  3), 18, 1.5),
         (`שורת סולם` OF  44.44, (`שבוע עבודה` OF 12, 2,  2), 16,   1),
         (`שורת סולם` OF  41.67, (`שבוע עבודה` OF 11, 2,  2), 15,   1),
         (`שורת סולם` OF  38.89, (`שבוע עבודה` OF 10, 2,  2), 14,   1),
         (`שורת סולם` OF  36.11, (`שבוע עבודה` OF  9, 2,  2), 13,   1),
         (`שורת סולם` OF  33.33, (`שבוע עבודה` OF  8, 2,  2), 12,   1)

`סולם יסודי מגיל 50` MEANS
    LIST (`שורת סולם` OF    100, (`שבוע עבודה` OF 24, 5,  5), 34, 2.5),
         (`שורת סולם` OF  97.06, (`שבוע עבודה` OF 23, 5,  5), 33, 2.5),
         (`שורת סולם` OF  94.12, (`שבוע עבודה` OF 22, 5,  5), 32, 2.5),
         (`שורת סולם` OF  91.18, (`שבוע עבודה` OF 21, 5,  5), 31, 2.5),
         (`שורת סולם` OF  85.29, (`שבוע עבודה` OF 20, 4,  5), 29, 2.5),
         (`שורת סולם` OF  79.41, (`שבוע עבודה` OF 19, 4,  4), 27,   2),
         (`שורת סולם` OF  76.47, (`שבוע עבודה` OF 18, 4,  4), 26,   2),
         (`שורת סולם` OF  70.59, (`שבוע עבודה` OF 17, 4,  3), 24, 1.5),
         (`שורת סולם` OF  70.59, (`שבוע עבודה` OF 17, 4,  3), 24, 1.5),
         (`שורת סולם` OF  64.71, (`שבוע עבודה` OF 16, 3,  3), 22, 1.5),
         (`שורת סולם` OF  61.76, (`שבוע עבודה` OF 15, 3,  3), 21, 1.5),
         (`שורת סולם` OF  58.82, (`שבוע עבודה` OF 14, 3,  3), 20, 1.5),
         (`שורת סולם` OF  52.94, (`שבוע עבודה` OF 13, 3,  2), 18, 1.5),
         (`שורת סולם` OF     50, (`שבוע עבודה` OF 12, 2,  3), 17, 1.5),
         (`שורת סולם` OF  44.12, (`שבוע עבודה` OF 11, 2,  2), 15,   1),
         (`שורת סולם` OF  41.18, (`שבוע עבודה` OF 10, 2,  2), 14,   1),
         (`שורת סולם` OF  38.24, (`שבוע עבודה` OF  9, 2,  2), 13,   1),
         (`שורת סולם` OF  35.29, (`שבוע עבודה` OF  8, 2,  2), 12,   1),
         (`שורת סולם` OF  35.29, (`שבוע עבודה` OF  8, 2,  2), 12,   1)

`סולם יסודי מגיל 55` MEANS
    LIST (`שורת סולם` OF    100, (`שבוע עבודה` OF 23, 4,  5), 32, 2.5),
         (`שורת סולם` OF  96.88, (`שבוע עבודה` OF 22, 4,  5), 31, 2.5),
         (`שורת סולם` OF  93.75, (`שבוע עבודה` OF 21, 4,  5), 30, 2.5),
         (`שורת סולם` OF  90.63, (`שבוע עבודה` OF 20, 4,  5), 29, 2.5),
         (`שורת סולם` OF   87.5, (`שבוע עבודה` OF 20, 3,  5), 28, 2.5),
         (`שורת סולם` OF  81.25, (`שבוע עבודה` OF 19, 3,  4), 26,   2),
         (`שורת סולם` OF  78.13, (`שבוע עבודה` OF 18, 3,  4), 25,   2),
         (`שורת סולם` OF  71.88, (`שבוע עבודה` OF 17, 3,  3), 23, 1.5),
         (`שורת סולם` OF  71.88, (`שבוע עבודה` OF 17, 3,  3), 23, 1.5),
         (`שורת סולם` OF  65.63, (`שבוע עבודה` OF 16, 2,  3), 21, 1.5),
         (`שורת סולם` OF   62.5, (`שבוע עבודה` OF 15, 2,  3), 20, 1.5),
         (`שורת סולם` OF  59.38, (`שבוע עבודה` OF 14, 2,  3), 19, 1.5),
         (`שורת סולם` OF  53.13, (`שבוע עבודה` OF 13, 2,  2), 17, 1.5),
         (`שורת סולם` OF     50, (`שבוע עבודה` OF 12, 1,  3), 16, 1.5),
         (`שורת סולם` OF  43.75, (`שבוע עבודה` OF 11, 1,  2), 14,   1),
         (`שורת סולם` OF  40.63, (`שבוע עבודה` OF 10, 1,  2), 13,   1),
         (`שורת סולם` OF   37.5, (`שבוע עבודה` OF  9, 1,  2), 12,   1),
         (`שורת סולם` OF  34.38, (`שבוע עבודה` OF  8, 1,  2), 11,   1),
         (`שורת סולם` OF  34.38, (`שבוע עבודה` OF  8, 1,  2), 11,   1)

`סולם חטיבת ביניים מתחת לגיל 50` MEANS
    LIST (`שורת סולם` OF    100, (`שבוע עבודה` OF 23, 4,  9), 36, 6.5),
         (`שורת סולם` OF  94.44, (`שבוע עבודה` OF 22, 4,  8), 34, 5.5),
         (`שורת סולם` OF  91.67, (`שבוע עבודה` OF 21, 4,  8), 33, 5.5),
         (`שורת סולם` OF  83.33, (`שבוע עבודה` OF 20, 3,  7), 30,   5),
         (`שורת סולם` OF  80.56, (`שבוע עבודה` OF 19, 3,  7), 29,   5),
         (`שורת סולם` OF  77.78, (`שבוע עבודה` OF 18, 3,  7), 28,   5),
         (`שורת סולם` OF  72.22, (`שבוע עבודה` OF 17, 3,  6), 26,   4),
         (`שורת סולם` OF  69.44, (`שבוע עבודה` OF 16, 3,  6), 25,   4),
         (`שורת סולם` OF  66.67, (`שבוע עבודה` OF 15, 3,  6), 24,   4),
         (`שורת סולם` OF  61.11, (`שבוע עבודה` OF 14, 3,  5), 22, 3.5),
         (`שורת סולם` OF  55.56, (`שבוע עבודה` OF 13, 2,  5), 20, 3.5),
         (`שורת סולם` OF     50, (`שבוע עבודה` OF 12, 2,  4), 18,   3),
         (`שורת סולם` OF  47.22, (`שבוע עבודה` OF 11, 2,  4), 17,   3),
         (`שורת סולם` OF  41.67, (`שבוע עבודה` OF 10, 2,  3), 15,   2),
         (`שורת סולם` OF  38.89, (`שבוע עבודה` OF  9, 2,  3), 14,   2),
         (`שורת סולם` OF  36.11, (`שבוע עבודה` OF  8, 2,  3), 13,   2),
         (`שורת סולם` OF  33.33, (`שבוע עבודה` OF  7, 2,  3), 12,   2)

`סולם חטיבת ביניים מגיל 50` MEANS
    LIST (`שורת סולם` OF    100, (`שבוע עבודה` OF 21, 4,  9), 34, 6.5),
         (`שורת סולם` OF  94.12, (`שבוע עבודה` OF 20, 4,  8), 32, 5.5),
         (`שורת סולם` OF  91.18, (`שבוע עבודה` OF 19, 4,  8), 31, 5.5),
         (`שורת סולם` OF  82.35, (`שבוע עבודה` OF 18, 3,  7), 28,   5),
         (`שורת סולם` OF  79.41, (`שבוע עבודה` OF 17, 3,  7), 27,   5),
         (`שורת סולם` OF  73.53, (`שבוע עבודה` OF 16, 3,  6), 25,   5),
         (`שורת סולם` OF  73.53, (`שבוע עבודה` OF 16, 3,  6), 25,   4),
         (`שורת סולם` OF  70.59, (`שבוע עבודה` OF 15, 3,  6), 24,   4),
         (`שורת סולם` OF  67.65, (`שבוע עבודה` OF 14, 3,  6), 23,   4),
         (`שורת סולם` OF  61.76, (`שבוע עבודה` OF 13, 3,  5), 21, 3.5),
         (`שורת סולם` OF  55.88, (`שבוע עבודה` OF 12, 2,  5), 19, 3.5),
         (`שורת סולם` OF     50, (`שבוע עבודה` OF 11, 2,  4), 17,   3),
         (`שורת סולם` OF  47.06, (`שבוע עבודה` OF 10, 2,  4), 16,   3),
         (`שורת סולם` OF  41.18, (`שבוע עבודה` OF  9, 2,  3), 14,   2),
         (`שורת סולם` OF  38.24, (`שבוע עבודה` OF  8, 2,  3), 13,   2),
         (`שורת סולם` OF  35.29, (`שבוע עבודה` OF  7, 2,  3), 12,   2),
         (`שורת סולם` OF  35.29, (`שבוע עבודה` OF  7, 2,  3), 12,   2)

`סולם חטיבת ביניים מגיל 55` MEANS
    LIST (`שורת סולם` OF    100, (`שבוע עבודה` OF 20, 3,  9), 32, 6.5),
         (`שורת סולם` OF  93.75, (`שבוע עבודה` OF 19, 3,  8), 30, 5.5),
         (`שורת סולם` OF  90.63, (`שבוע עבודה` OF 18, 3,  8), 29, 5.5),
         (`שורת סולם` OF  81.25, (`שבוע עבודה` OF 17, 2,  7), 26,   5),
         (`שורת סולם` OF  81.25, (`שבוע עבודה` OF 17, 2,  7), 26,   5),
         (`שורת סולם` OF     75, (`שבוע עבודה` OF 16, 2,  6), 24,   5),
         (`שורת סולם` OF     75, (`שבוע עבודה` OF 16, 2,  6), 24,   4),
         (`שורת סולם` OF  71.88, (`שבוע עבודה` OF 15, 2,  6), 23,   4),
         (`שורת סולם` OF  68.75, (`שבוע עבודה` OF 14, 2,  6), 22,   4),
         (`שורת סולם` OF  59.38, (`שבוע עבודה` OF 13, 1,  5), 19, 3.5),
         (`שורת סולם` OF  56.25, (`שבוע עבודה` OF 12, 1,  5), 18, 3.5),
         (`שורת סולם` OF     50, (`שבוע עבודה` OF 11, 1,  4), 16,   3),
         (`שורת סולם` OF  46.88, (`שבוע עבודה` OF 10, 1,  4), 15,   3),
         (`שורת סולם` OF  40.63, (`שבוע עבודה` OF  9, 1,  3), 13,   2),
         (`שורת סולם` OF   37.5, (`שבוע עבודה` OF  8, 1,  3), 12,   2),
         (`שורת סולם` OF  34.38, (`שבוע עבודה` OF  7, 1,  3), 11,   2),
         (`שורת סולם` OF  34.38, (`שבוע עבודה` OF  7, 1,  3), 11,   2)

`סולם חטיבת ביניים להיקפי משרה נמוכים` MEANS
    LIST (`שורת סולם` OF     25, (`שבוע עבודה` OF  6, 1,  2),  9, 1.5),
         (`שורת סולם` OF  22.22, (`שבוע עבודה` OF  5, 1,  2),  8, 1.5),
         (`שורת סולם` OF  19.44, (`שבוע עבודה` OF  4, 1,  2),  7, 1.5)


§§ `בחירת הסולם`

@ref העותק החתום של הסכם הבסיס 25.12.2008, נספחים א' (יסודי) ו־ב' (חטיבת ביניים)
GIVEN `שלב החינוך` IS A `שלב חינוך`,
      `רצועת הגיל` IS A `רצועת גיל`
GIVETH A LIST OF `שורת סולם`
`סולם שבוע העבודה` `שלב החינוך` `רצועת הגיל` MEANS
    CONSIDER `שלב החינוך`
    WHEN `בית ספר יסודי` THEN
        CONSIDER `רצועת הגיל`
        WHEN `מתחת לגיל 50` THEN `סולם יסודי מתחת לגיל 50`
        WHEN `גיל 50 עד 54` THEN `סולם יסודי מגיל 50`
        WHEN `גיל 55 ומעלה` THEN `סולם יסודי מגיל 55`
    WHEN `חטיבת ביניים` THEN
        CONSIDER `רצועת הגיל`
        WHEN `מתחת לגיל 50` THEN `סולם חטיבת ביניים מתחת לגיל 50`
        WHEN `גיל 50 עד 54` THEN `סולם חטיבת ביניים מגיל 50`
        WHEN `גיל 55 ומעלה` THEN `סולם חטיבת ביניים מגיל 55`

-- מספר השעות השבועיות למשרה מלאה ברצועה — היינו שורת 100% של הסולם.
-- הוא המכנה של סעיף 31(ב) כנוסחו בסעיף 19 להסכם ההשלמה, והוא הנתון
-- שההתלבטות ה"1" נסובה עליו. ראו את פרק ההתלבטויות להלן.

@ref הסכם הבסיס 25.12.2008, סעיפים 15(א) ו־17(א); סעיף 26; נספחים א' ו־ב', שורת 100%
GIVEN `שלב החינוך` IS A `שלב חינוך`,
      `רצועת הגיל` IS A `רצועת גיל`
GIVETH A NUMBER
`השעות השבועיות למשרה מלאה` `שלב החינוך` `רצועת הגיל` MEANS
    `סך שעות שבוע העבודה`
        (`שבוע העבודה לאחר שעות הגיל`
            (`שבוע העבודה המלא` `שלב החינוך` `הוראה רגילה`)
            `רצועת הגיל`)


§§ `היקף המשרה — שני הכיוונים`

-- מן השעות אל האחוז. מפתח החיפוש הוא מספר השעות הפרונטאליות, משום שהוא
-- יחיד בכל רצועה — בשונה מן האחוז, החוזר פעמיים ברצועות 50 ו־55 (שם
-- שתי שורות שנגזרו מהפחתה זהה נפלו זו על זו, ושתיהן נושאות אותם מספרים
-- בדיוק).

@ref העותק החתום של הסכם הבסיס 25.12.2008, נספחים א' ו־ב'; סעיף 27(ז)
GIVEN `שעות פרונטאליות` IS A NUMBER,
      `הסולם`           IS A LIST OF `שורת סולם`
GIVETH A `שורת סולם`
`שורת הסולם לפי שעות פרונטאליות` `שעות פרונטאליות` `הסולם` MEANS
    IF null `השורות המתאימות`
    THEN `אין בסולם שורה למספר השעות שנמסר`
    ELSE at `השורות המתאימות` 0
    WHERE
        `השורות המתאימות` MEANS
            filter (GIVEN `שורה` YIELD
                        `שורה`'s `שבוע העבודה שבשורה`'s `השעות הפרונטאליות`
                        EQUALS `שעות פרונטאליות`)
                   `הסולם`

-- מן האחוז אל השעות. אותה צורה, מפתח אחר.

@ref העותק החתום של הסכם הבסיס 25.12.2008, נספחים א' ו־ב'; סעיף 27(ז)
GIVEN `היקף משרה` IS A NUMBER,
      `הסולם`     IS A LIST OF `שורת סולם`
GIVETH A `שורת סולם`
`שורת הסולם לפי היקף משרה` `היקף משרה` `הסולם` MEANS
    IF null `השורות המתאימות`
    THEN `אין בסולם שורה להיקף המשרה שנמסר`
    ELSE at `השורות המתאימות` 0
    WHERE
        `השורות המתאימות` MEANS
            filter (GIVEN `שורה` YIELD `שורה`'s `היקף המשרה` EQUALS `היקף משרה`)
                   `הסולם`

@ref העותק החתום של הסכם הבסיס 25.12.2008, נספחים א' ו־ב' — סולם בדיד
GIVETH A `שורת סולם`
`אין בסולם שורה למספר השעות שנמסר` MEANS
    REFUSE "אין בסולם שורה למספר השעות שנמסר"

@ref העותק החתום של הסכם הבסיס 25.12.2008, נספחים א' ו־ב' — סולם בדיד
GIVETH A `שורת סולם`
`אין בסולם שורה להיקף המשרה שנמסר` MEANS
    REFUSE "אין בסולם שורה להיקף המשרה שנמסר"

-- שתי השאלות שמודול זה קיים כדי לענות עליהן, מנוסחות על רשומת המורה של
-- מודול הדומיין. סעיף 27(ז), כנוסחו בהסכם ההשלמה, מוציא מן הסולמות את
-- מורה השילוב ואת בעל התפקיד הפארא־רפואי; סעיף 27(ז1) מפנה אותם
-- לטבלאות משלהם, ושם — בגוף ההסכם — נותר קו ריק במקום מספר הנספח.
-- הענף הזה מסרב, ואינו משיב את סולם ההוראה הרגילה כאילו אין הבדל.

@ref הסכם הבסיס 25.12.2008, סעיף 27(ז); הסכם ההשלמה 29.2.2012, סעיפים 17(א) ו־17(ב)
GIVEN `המורה` IS A `מורה`
GIVETH A `שורת סולם`
`שורת הסולם של` `המורה` MEANS
    CONSIDER `המורה`'s `ההעסקה`'s `סוג ההוראה`
    WHEN `הוראה רגילה`        THEN `השורה מן הסולם`
    WHEN `הוראה בחינוך מיוחד` THEN `השורה מן הסולם`
    WHEN `הוראת שילוב`        THEN `נספחי שבוע העבודה של מורה שילוב לא מולאו`
    WHEN `תפקיד פארא־רפואי`   THEN `נספחי שבוע העבודה של מורה שילוב לא מולאו`
    WHERE
        `השורה מן הסולם` MEANS
            `שורת הסולם לפי שעות פרונטאליות`
                (`המורה`'s `ההעסקה`'s `שבוע העבודה`'s `השעות הפרונטאליות`)
                (`סולם שבוע העבודה`
                    (`המורה`'s `ההעסקה`'s `שלב החינוך`)
                    (`רצועת הגיל לעניין הסולם`
                        (`המורה`'s `המעמד ברפורמה`)
                        (`המורה`'s `רצועת הגיל`)))

@ref הסכם ההשלמה 29.2.2012, סעיף 17(ב) — סעיף 27(ז1), שמספר הנספח בו נותר קו ריק
GIVETH A `שורת סולם`
`נספחי שבוע העבודה של מורה שילוב לא מולאו` MEANS
    REFUSE "נספחי שבוע העבודה של מורה שילוב לא מולאו בגוף ההסכם — במקום מספר הנספח נותר קו ריק"

@ref הסכם הבסיס 25.12.2008, סעיף 27(ז); נספחים א' ו־ב'
GIVEN `המורה` IS A `מורה`
GIVETH A NUMBER
`היקף משרתו של` `המורה` MEANS (`שורת הסולם של` `המורה`)'s `היקף המשרה`


§§ `מורה אם ועובדת הוראה לאחר חופשת לידה — סעיפים 24 ו־25`

-- סעיף 24 המקורי הקנה למורה אם במשרה מלאה הפחתה של חצי שעה ביום — 2.5
-- שעות שבועיות — משעות השהייה. סעיף 16(א) להסכם ההשלמה החליף את
-- המנגנון מיום 1.9.2011: "שעת הוראה פרונטאלית אחת בשבוע ושעת שהיה אחת
-- בשבוע, מתוך מכסת שעות עבודתה השבועיות". שתי שעות במקום 2.5, ואחת מהן
-- מן העמודה הפרונטאלית. ההתנגשות עם עמודת הנספחים נרשמת כהתלבטות ה"2".

@ref הסכם הבסיס 25.12.2008, סעיף 24; הסכם ההשלמה 29.2.2012, סעיף 16(א), מיום 1.9.2011
GIVEN `שבוע עבודה מלא` IS A `שבוע עבודה`
GIVETH A `שבוע עבודה`
`שבוע העבודה של מורה אם במשרה מלאה` `שבוע עבודה מלא` MEANS
    `שבוע עבודה`
        OF (`שבוע עבודה מלא`'s `השעות הפרונטאליות` MINUS 1),
           `שבוע עבודה מלא`'s `השעות הפרטניות`,
           (`שבוע עבודה מלא`'s `שעות השהייה` MINUS 1)

-- סעיף 16(ב) להסכם ההשלמה, סעיף 24(ב) החדש: מורה אם שבהסכמתה, בשל צורכי
-- המערכת, לא הפחיתה את השעה הפרונטאלית — היקף משרתה יחושב כאילו הוסיפה
-- שעת הוראה פרונטאלית אחת מעבר לשעות שהיא מלמדת בפועל.

@ref הסכם ההשלמה 29.2.2012, סעיף 16(ב) — סעיף 24(ב) החדש
GIVEN `השעות הפרונטאליות בפועל` IS A NUMBER
GIVETH A NUMBER
`השעות הפרונטאליות לחישוב היקף משרתה של מורה אם שלא הפחיתה` `השעות הפרונטאליות בפועל` MEANS
    `השעות הפרונטאליות בפועל` PLUS 1

-- הערת הנספחים עצמם, פעמיים בכל אחד מהם: "הפחתת שעות השהייה למורה אם
-- אינה משנה את בסיס המשרה או היקף המשרה של המורה."

@ref העותק החתום של הסכם הבסיס 25.12.2008, נספחים א' ו־ב', הערת שוליים ראשונה
GIVETH A BOOLEAN
`הפחתת שעות מורה אם אינה משנה את היקף המשרה` MEANS TRUE

-- הערת השוליים השנייה: "הזכאות להפחתת שעות שהייה מוקנית למורה אם שהיקף
-- משרתה הכולל הוא 79% ומעלה", וזהו גם סף סעיף 7(ג) להסכם הבסיס. בעמודת
-- "בבית ספר אחד" הטבלה כותבת "לא רלוונטי" בכל שורה שמתחתיו.

@ref הסכם הבסיס 25.12.2008, סעיף 7(ג); נספחים א' ו־ב', הערת שוליים שנייה
GIVEN `היקף המשרה הכולל` IS A NUMBER
GIVETH A BOOLEAN
`זכאית להפחתת שעות שהייה של מורה אם בבית ספר אחד` `היקף המשרה הכולל` MEANS
    `היקף המשרה הכולל` AT LEAST 79

-- סעיף 25. עובדת הוראה לאחר חופשת לידה בהיקף 90% ומעלה: הפחתה של שעה
-- ביום משעות השהייה — חמש שבועיות — למשך ארבעה חודשים מתום חופשת הלידה
-- על פי חוק, בלי הפחתת שכר או היקף משרה; ובאותה תקופה סעיף 24 אינו חל
-- עליה. בהיקף 79% עד 90% היא מקבלת את הפחתת מורה אם שבמשרה חלקית, לפי
-- סעיף 27(ט) — היינו עמודת הנספחים.

@ref הסכם הבסיס 25.12.2008, סעיף 25 רישה
GIVEN `היקף המשרה` IS A NUMBER
GIVETH A NUMBER
`הפחתת שעות השהייה לעובדת הוראה לאחר חופשת לידה` `היקף המשרה` MEANS
    IF `היקף המשרה` AT LEAST 90 THEN 5 ELSE 0

@ref הסכם הבסיס 25.12.2008, סעיף 25 — משך הזכאות
GIVETH A NUMBER
`חודשי הזכאות לאחר חופשת לידה` MEANS 4

@ref הסכם הבסיס 25.12.2008, סעיף 25 סיפה; סעיף 27(ט)
GIVEN `היקף המשרה` IS A NUMBER
GIVETH A BOOLEAN
`מופנית להפחתת מורה אם שבמשרה חלקית` `היקף המשרה` MEANS
        `היקף המשרה` AT LEAST 79
    AND `היקף המשרה` LESS THAN 90


§§ `רצפות היקף המשרה — סעיף 27`

-- סעיף 27(א) קובע רצפה של שליש משרה, "בכפוף לאמור להלן", וסעיפים־קטנים
-- (ב) עד (ה) הם ה"להלן": (ב) מתיר למורה קיים לשמר היקף שבין שליש ל־50%
-- שבו הועסק בשנה הקודמת; (ג) מעלה את הרצפה ל־50% למורה חדש, למעט מורה
-- חדש בחינוך מיוחד, אלא אם אישר מנהל אגף כוח־אדם בהוראה; (ד) משיב את
-- המורה החדש בחינוך מיוחד לרצפת השליש; (ה) מוציא מן הרצפה כליל את מורה
-- השילוב ואת בעל התפקיד הפארא־רפואי.
--
-- הערת מדידה על השליש. הסולם מדפיס את שורת השליש כ־33.33%, ואילו שליש
-- מדויק הוא 33.333…; השוואה מול השליש המדויק הייתה פוסלת את שורת
-- הנספח היחידה שהיא בדיוק שליש (12 שעות מתוך 36). לכן הסף כאן הוא
-- הערך המודפס. כשהשעות עצמן בידינו, הבדיקה המדויקת היא זו שבסוף
-- הסעיף, והיא אינה זקוקה לסף מודפס כלל.

@ref הסכם הבסיס 25.12.2008, סעיף 27(א) — שליש משרה כפי שהוא מודפס בנספחים
GIVETH A NUMBER
`שליש משרה כפי שהוא מודפס בסולם` MEANS 33.33

@ref הסכם הבסיס 25.12.2008, סעיף 27(ג) — הרצפה הגבוהה
GIVETH A NUMBER
`מחצית משרה` MEANS 50

@ref הסכם הבסיס 25.12.2008, סעיפים 27(א) עד 27(ה); הסכם ההשלמה 29.2.2012, סעיף 17
GIVEN `היקף המשרה`                             IS A NUMBER,
      `המעמד ברפורמה`                          IS A `מעמד ברפורמה`,
      `סוג ההוראה`                             IS A `סוג הוראה`,
      `הועסק בשנה הקודמת בין שליש למחצית משרה` IS A BOOLEAN,
      `מנהל אגף כוח אדם בהוראה אישר`           IS A BOOLEAN
GIVETH A BOOLEAN
`היקף המשרה מותר לפי סעיף 27` MEANS
    CONSIDER `סוג ההוראה`
    WHEN `הוראת שילוב`        THEN TRUE
    WHEN `תפקיד פארא־רפואי`   THEN TRUE
    WHEN `הוראה בחינוך מיוחד` THEN `מגיע לרצפת השליש`
    WHEN `הוראה רגילה`        THEN
        CONSIDER `המעמד ברפורמה`
        WHEN `מורה קיים` THEN     `מגיע לרצפת השליש`
        WHEN `מורה חדש`  THEN     `מגיע לרצפת השליש`
                              AND (   `היקף המשרה` AT LEAST `מחצית משרה`
                                   OR `מנהל אגף כוח אדם בהוראה אישר`)
    WHERE
        `מגיע לרצפת השליש` MEANS
                `היקף המשרה` AT LEAST `שליש משרה כפי שהוא מודפס בסולם`
            OR  `הועסק בשנה הקודמת בין שליש למחצית משרה`

-- סעיף 27(ו): היקף משרתו של מורה בשנת שבתון או חל"ת חלקי, שהיקפו נמוך
-- משליש משרה, נקבע בחלוקת שעותיו הפרונטאליות במספר הכולל של השעות
-- השבועיות המהוות משרה מלאה לגביו. שימו לב שהמונה פרונטאלי והמכנה כולל
-- — כך בלשון הסעיף, ולא כפי שהיינו מנסחים.

@ref הסכם הבסיס 25.12.2008, סעיף 27(ו)
GIVEN `השעות הפרונטאליות השבועיות` IS A NUMBER,
      `השעות השבועיות למשרה מלאה`  IS A NUMBER
GIVETH A NUMBER
`היקף המשרה בשנת שבתון או חל"ת חלקי` `השעות הפרונטאליות השבועיות` `השעות השבועיות למשרה מלאה` MEANS
    100 TIMES (`השעות הפרונטאליות השבועיות` DIVIDED BY `השעות השבועיות למשרה מלאה`)

-- סעיף 27(ח1), שהוסף בסעיף 17(ג) להסכם ההשלמה: "שעות פרונטאליות בודדות"
-- — שלוש שעות פרונטאליות או פחות. המורה לא יבצע באותו בית ספר שעות
-- פרטניות או שעות שהייה כלל, והיקף משרתו שם הוא היחס שבין השעות
-- הבודדות לבין בסיס המשרה שלו.

@ref הסכם ההשלמה 29.2.2012, סעיף 17(ג) — סעיף 27(ח1) החדש
GIVETH A NUMBER
`תקרת השעות הפרונטאליות הבודדות` MEANS 3

@ref הסכם ההשלמה 29.2.2012, סעיף 17(ג) — סעיף 27(ח1) החדש
GIVEN `השעות הפרונטאליות הבודדות` IS A NUMBER,
      `בסיס המשרה בשעות`          IS A NUMBER
GIVETH A NUMBER
`היקף המשרה בשעות פרונטאליות בודדות` `השעות הפרונטאליות הבודדות` `בסיס המשרה בשעות` MEANS
    100 TIMES (`השעות הפרונטאליות הבודדות` DIVIDED BY `בסיס המשרה בשעות`)

-- סעיף 27(יב), שהוסף בסעיף 17(ו) להסכם ההשלמה: למורה במשרה חלקית הנמוכה
-- משליש, בסיס המשרה לעניין הזכאות לשעות גיל הוא 34 שעות למורה קיים בן
-- 50 עד 55 ולמורה חדש בן 50 ומעלה, ו־32 שעות למורה קיים בן 55 ומעלה.
-- שימו לב שהוא חוזר בדיוק על שורות ה־100% של הסולמות, ובכך מאשר את
-- הקריאה שהסולמות מגלמים: המכנה של המורה הזה הוא שלו, לא של עמיתו הצעיר.

@ref הסכם ההשלמה 29.2.2012, סעיף 17(ו) — סעיף 27(יב) החדש
GIVEN `המעמד ברפורמה` IS A `מעמד ברפורמה`,
      `רצועת הגיל`    IS A `רצועת גיל`
GIVETH A NUMBER
`בסיס המשרה בשעות למשרה חלקית הנמוכה משליש` `המעמד ברפורמה` `רצועת הגיל` MEANS
    CONSIDER (`רצועת הגיל לעניין הסולם` `המעמד ברפורמה` `רצועת הגיל`)
    WHEN `מתחת לגיל 50` THEN 36
    WHEN `גיל 50 עד 54` THEN 34
    WHEN `גיל 55 ומעלה` THEN 32

-- סעיף 27(י): לגבי מורה המועסק במספר בתי ספר יחושבו השעות לכל בית ספר
-- בנפרד לפי הטבלאות. זהו כלל חישוב ולא סכימה, ולכן הוא נרשם, וסעיפים
-- 33(ה) ו־33א הם שעושים איתו משהו.

@ref הסכם הבסיס 25.12.2008, סעיף 27(י)
GIVETH A BOOLEAN
`במספר בתי ספר מחושבות השעות לכל בית ספר בנפרד` MEANS TRUE


§§ `שעות תפקיד — סעיפים 15א ו־17א`

-- סעיף 9(א) להסכם ספטמבר 2013 ביטל את סעיף 17(ה), וסעיף 10(א) ביטל את
-- סעיף 15(ה). במקומם באו שני סעיפים חדשים — 17א לחטיבת הביניים ו־15א
-- לכיתות ז' עד ט' בבית ספר יסודי — הנושאים נוסח זהה כמעט מילה במילה.
-- לכן כלל אחד כאן, ולא שניים.
--
-- ההבדל היחיד שיש לו נפקות בחשבון: בחטיבת הביניים רכז החינוך החברתי
-- וסל רכזי המקצוע נמדדים לפי "מספר הכיתות שבחטיבת הביניים", ואילו
-- ביסודי לפי "מספר הכיתות בשכבות ז', ח' ו־ט' בבית הספר". שני הביטויים
-- מציינים את אותו מונה, ולכן פרמטר אחד נושא את שניהם.

@ref הסכם ספטמבר 2013 17.9.2013, סעיף 9(א); סעיף 10(א) — ביטול סעיפים 15(ה) ו־17(ה)
GIVETH A `שבוע עבודה`
`סולם ממונה השכבה שבסעיפים 15(ה) ו־17(ה) בוטל` MEANS
    REFUSE "סעיפים 15(ה) ו־17(ה) בוטלו בסעיפים 9(א) ו־10(א) להסכם מיום 17.9.2013 והוחלפו בשעות תפקיד"

@ref הסכם ספטמבר 2013 17.9.2013, סעיפים 17א(א)(1) ו־15א(א)(1)
GIVEN `מספר הכיתות בשכבה` IS A NUMBER
GIVETH A NUMBER
`שעות תפקיד לממונה שכבה במקום שעות פרונטאליות` `מספר הכיתות בשכבה` MEANS
    IF `מספר הכיתות בשכבה` AT LEAST 4
    THEN min (0.5 TIMES `מספר הכיתות בשכבה`) 6
    ELSE 0

@ref הסכם ספטמבר 2013 17.9.2013, סעיפים 17א(א)(2) ו־15א(א)(2)
GIVEN `מספר הכיתות בשכבה`         IS A NUMBER,
      `השעות הפרטניות שבמשרתו`    IS A NUMBER
GIVETH A NUMBER
`שעות תפקיד לממונה שכבה במקום שעות פרטניות` `מספר הכיתות בשכבה` `השעות הפרטניות שבמשרתו` MEANS
    IF `מספר הכיתות בשכבה` AT LEAST 4
    THEN min (0.5 TIMES `מספר הכיתות בשכבה`) `השעות הפרטניות שבמשרתו`
    ELSE 0

@ref הסכם ספטמבר 2013 17.9.2013, סעיפים 17א(ב) ו־15א(ב)
GIVEN `מספר הכיתות בחטיבה` IS A NUMBER
GIVETH A NUMBER
`שעות תפקיד לרכז חינוך חברתי במקום שעות פרונטאליות` `מספר הכיתות בחטיבה` MEANS
    0.4 TIMES `מספר הכיתות בחטיבה`

@ref הסכם ספטמבר 2013 17.9.2013, סעיפים 17א(ג) ו־15א(ג) — סל רכזי המקצוע
GIVEN `מספר הכיתות בחטיבה` IS A NUMBER
GIVETH A NUMBER
`סל שעות התפקיד של רכזי המקצוע` `מספר הכיתות בחטיבה` MEANS
    0.5 TIMES `מספר הכיתות בחטיבה`

@ref הסכם ספטמבר 2013 17.9.2013, סעיפים 17א(ג) ו־15א(ג) סיפה — לא יותר משעה אחת לרכז
GIVEN `השעות שהקצה מנהל בית הספר` IS A NUMBER
GIVETH A NUMBER
`שעות תפקיד לרכז מקצוע` `השעות שהקצה מנהל בית הספר` MEANS
    min `השעות שהקצה מנהל בית הספר` 1

-- סעיף־קטן (ד) הוא התנאי שכל שלוש ההקצאות כפופות לו: מכסה מזערית של
-- שעות הוראה פרונטאלית בפועל. הטבלה שבסעיף נושאת שתי עמודות — האחת
-- לעובד הוראה במשרה מלאה, והשנייה לעובד הוראה שמשרתו אינה מלאה וכן
-- לעובד הוראה הזכאי לשעות גיל. במשרה מלאה המכסה היא 12 לשלושת
-- התפקידים; בעמודה השנייה היא 50% משעות ההוראה הפרונטאלית שבטבלאות
-- שבוע העבודה, "ובכל מקרה לא פחות מ־" 6 לרכז שכבה ו־8 לשני האחרים.

@ref הסכם ספטמבר 2013 17.9.2013, סעיפים 17א(ד) ו־15א(ד)
GIVEN `התפקיד`                     IS A `תפקיד מזכה בגמול`,
      `במשרה מלאה וללא שעות גיל`   IS A BOOLEAN,
      `השעות הפרונטאליות שבטבלה`   IS A NUMBER
GIVETH A NUMBER
`מכסת שעות ההוראה הפרונטאלית המזערית` `התפקיד` `במשרה מלאה וללא שעות גיל` `השעות הפרונטאליות שבטבלה` MEANS
    IF `במשרה מלאה וללא שעות גיל`
    THEN 12
    ELSE max (0.5 TIMES `השעות הפרונטאליות שבטבלה`) `הרצפה המוחלטת`
    WHERE
        `הרצפה המוחלטת` MEANS
            CONSIDER `התפקיד`
            WHEN `ממונה שכבה`      THEN 6
            WHEN `רכז מקצוע`       THEN 8
            WHEN `רכז חינוך חברתי` THEN 8
            OTHERWISE                   `סעיפים 17א ו־15א אינם מקצים שעות תפקיד לתפקיד זה`

@ref הסכם ספטמבר 2013 17.9.2013, סעיפים 17א ו־15א — רשימת שלושת התפקידים
GIVETH A NUMBER
`סעיפים 17א ו־15א אינם מקצים שעות תפקיד לתפקיד זה` MEANS
    REFUSE "סעיפים 17א ו־15א מקצים שעות תפקיד לממונה שכבה, לרכז מקצוע ולרכז חינוך חברתי בלבד"

-- סעיף־קטן (ה): בחטיבת ביניים צמודה — חטיבת ביניים בבית ספר שש שנתי —
-- נמנות לעניין סעיף־קטן (ד) גם שעות ההוראה הפרונטאלית שבעל התפקיד
-- מבצע בחטיבה העליונה. החטיבה העליונה מחוץ לתחולת הקידוד הזה, ולכן
-- שעותיה נכנסות כנתון ולא כחישוב.

@ref הסכם ספטמבר 2013 17.9.2013, סעיף 17א(ה)
GIVEN `השעות הפרונטאליות בחטיבת הביניים` IS A NUMBER,
      `השעות הפרונטאליות בחטיבה העליונה` IS A NUMBER
GIVETH A NUMBER
`השעות הפרונטאליות לעניין סעיף 17א(ד) בחטיבה צמודה` `השעות הפרונטאליות בחטיבת הביניים` `השעות הפרונטאליות בחטיבה העליונה` MEANS
    `השעות הפרונטאליות בחטיבת הביניים` PLUS `השעות הפרונטאליות בחטיבה העליונה`

-- סעיף 8 להסכם ספטמבר 2013: מחנכי כיתה רשאים להשתמש בעד שעתיים מתוך
-- השעות הפרטניות שבסעיפים 15(ג) ו־17(ג) לצורך ניהול הכיתה. זו הקצאה
-- מתוך הפרטניות ולא מעליהן, ולכן היא אינה משנה את סך השעות ואינה משנה
-- את היקף המשרה.

@ref הסכם ספטמבר 2013 17.9.2013, סעיף 8
GIVETH A NUMBER
`שעות פרטניות שמחנך כיתה רשאי להקדיש לניהול הכיתה` MEANS 2


§§ `פעילויות נוספות — סעיף 28`

-- סעיף 28(ב): "יבואו השעות בהן הן מבוצעות על חשבון שעות השהיה האמורות
-- בסעיפים 15(ד)(1), 17(ד)(1) ו־18(ב)(1)" — היינו על חשבון מכסת שעות
-- הישיבות בלבד, ולא על חשבון שעות השהייה כולן.

@ref הסכם הבסיס 25.12.2008, סעיף 28(א) ו־28(ב)
GIVEN `שלב החינוך`             IS A `שלב חינוך`,
      `שעות הפעילויות הנוספות` IS A NUMBER
GIVETH A BOOLEAN
`הפעילויות הנוספות נכנסות במכסת שעות הישיבות` `שלב החינוך` `שעות הפעילויות הנוספות` MEANS
    `שעות הפעילויות הנוספות` AT MOST (`מכסת שעות הישיבות השבועית` `שלב החינוך`)

-- סיפת סעיף 28(ב): "לצורך עניין זה ייערך חישוב חודשי של שעות השהייה."
-- המכשיר מורה לערוך חישוב חודשי ואינו אומר כמה שבועות יש בחודש. סעיף
-- 31(ב) נוקב ב־4.33 שבועות, אך לעניין ערך שעה ולא לעניין זה, ואין
-- בקורפוס דבר המחיל אותו כאן. לכן סירוב, ולא 4.33 מושאל.

@ref הסכם הבסיס 25.12.2008, סעיף 28(ב) סיפה
GIVETH A NUMBER
`מספר השבועות בחודש לעניין החישוב החודשי אינו נקוב בסעיף 28` MEANS
    REFUSE "סעיף 28(ב) מורה לערוך חישוב חודשי של שעות השהייה ואינו נוקב במספר השבועות בחודש"


§§ `תקרות — סעיפים 32 ו־33`

@ref הסכם הבסיס 25.12.2008, סעיף 32(א)
GIVEN `שעות עבודה רגילות ביום`      IS A NUMBER,
      `שעות מילוי מקום ביום`        IS A NUMBER,
      `שעות פעילות בית ספרית ביום`  IS A NUMBER
GIVETH A BOOLEAN
`עומד בתקרת יום העבודה שבסעיף 32(א)` `שעות עבודה רגילות ביום` `שעות מילוי מקום ביום` `שעות פעילות בית ספרית ביום` MEANS
    (       `שעות עבודה רגילות ביום`
       PLUS `שעות מילוי מקום ביום`
       PLUS `שעות פעילות בית ספרית ביום`)
    AT MOST 10.5

-- סעיף 32(ב) הוא סעיף מיצוי: התמורה בעד השעות הרגילות, מילוי המקום
-- והפעילויות הבית ספריות "מהווה הסדר תמורה כולל בגין כל עבודתו של עובד
-- ההוראה בתנאי הרפורמה, למעט תשלום גמול עבור ליווי טיולים". החריג יחיד
-- ונקוב בשמו; הסכומים עצמם ב-`he-gmulim`.

@ref הסכם הבסיס 25.12.2008, סעיף 32(ב)
GIVEN `הרכיב` IS A `רכיב שכר`
GIVETH A BOOLEAN
`חורג מהסדר התמורה הכולל שבסעיף 32(ב)` `הרכיב` MEANS
    CONSIDER `הרכיב`
    WHEN `גמול ליווי טיולים` THEN TRUE
    OTHERWISE                     FALSE

@ref הסכם הבסיס 25.12.2008, סעיף 32(ג)
GIVETH A BOOLEAN
`אין בסעיף 32 כדי לגרוע מזכויות על פי דין` MEANS TRUE

@ref הסכם הבסיס 25.12.2008, סעיף 33(א)
GIVETH A NUMBER
`היקף המשרה המרבי לפי סעיף 33(א)` MEANS 100

@ref הסכם הבסיס 25.12.2008, סעיף 33(ב)(1)
GIVETH A NUMBER
`מספר בתי הספר המרבי` MEANS 2

-- סעיף 33(ב)(2) מוציא מן המגבלה שלושה: מורה/ת שילוב, בעל תפקיד
-- פארא־רפואי, ומורה המלמד מקצוע שאגף כוח אדם בהוראה החליט לגביו שניתן
-- ללמדו ביותר משני בתי ספר.

@ref הסכם הבסיס 25.12.2008, סעיף 33(ב)(2); הסכם ההשלמה 29.2.2012, סעיף 10(א)
GIVEN `סוג ההוראה`                         IS A `סוג הוראה`,
      `אגף כוח אדם בהוראה החליט על המקצוע` IS A BOOLEAN
GIVETH A BOOLEAN
`מגבלת שני בתי הספר חלה` `סוג ההוראה` `אגף כוח אדם בהוראה החליט על המקצוע` MEANS
    CONSIDER `סוג ההוראה`
    WHEN `הוראת שילוב`      THEN FALSE
    WHEN `תפקיד פארא־רפואי` THEN FALSE
    OTHERWISE                    NOT `אגף כוח אדם בהוראה החליט על המקצוע`

@ref הסכם הבסיס 25.12.2008, סעיף 33(ב)(3)
GIVETH A NUMBER
`תקרת השעות השבועית כשאחד מבתי הספר אינו ברפורמה` MEANS 42

-- סעיף 33(ד). שלוש הוראות מבניות, ורביעית שהיא כסף: (1) השעות שמעבר
-- למאה אחוז הן פרונטאליות בלבד; (2) התקרות היומיות והשבועית; (3)
-- תגמול בשיעור 100% כפול ערך שעה — ב-`he-gmulim`; (4) הפרשות — מחוץ
-- לקידוד. סעיף 33(ד) פותח ב"על אף האמור בסעיף־קטן (א)", ולכן הוא חריג
-- לתקרת המאה אחוז ולא הרחבה שלה.

@ref הסכם הבסיס 25.12.2008, סעיף 33(ד)(1)
GIVETH A BOOLEAN
`השעות שמעבר למשרה מלאה הן פרונטאליות בלבד` MEANS TRUE

@ref הסכם הבסיס 25.12.2008, סעיף 33(ד)(2)
GIVETH A NUMBER
`תקרת השעות ביום מימים א' עד ה'` MEANS 8.5

@ref הסכם הבסיס 25.12.2008, סעיף 33(ד)(2)
GIVETH A NUMBER
`תקרת השעות ביום ו'` MEANS 5

@ref הסכם הבסיס 25.12.2008, סעיף 33(ד)(2)
GIVETH A NUMBER
`תקרת השעות בשבוע` MEANS 42

@ref הסכם הבסיס 25.12.2008, סעיפים 33(א), 33(ד) ו־33(ה)
GIVEN `היקף המשרה`                             IS A NUMBER,
      `יש החלטה של מנהל כוח אדם בהוראה במחוז`  IS A BOOLEAN,
      `חל סעיף 33(ה)`                          IS A BOOLEAN
GIVETH A BOOLEAN
`היקף המשרה מותר לפי סעיף 33` `היקף המשרה` `יש החלטה של מנהל כוח אדם בהוראה במחוז` `חל סעיף 33(ה)` MEANS
       `היקף המשרה` AT MOST `היקף המשרה המרבי לפי סעיף 33(א)`
    OR `יש החלטה של מנהל כוח אדם בהוראה במחוז`
    OR `חל סעיף 33(ה)`


§§ `מורה המועסק במספר בתי ספר — סעיף 33(ה) וסעיף 33א`

-- סעיף 33(ה), שהוסף בסעיף 20 להסכם ההשלמה, מטפל במקרה שבו הסולמות
-- מייצרים עודף: מורה שסך שעותיו הפרונטאליות בכל בתי הספר שווה למכסה
-- הפרונטאלית למשרה מלאה, אבל סך שעותיו השבועיות גבוה מן המכסה
-- השבועית. שני התנאים מצטברים, ובאותו סדר.

@ref הסכם ההשלמה 29.2.2012, סעיף 20 — סעיף 33(ה) החדש
GIVEN `סך השעות הפרונטאליות בכל בתי הספר` IS A NUMBER,
      `השעות הפרונטאליות למשרה מלאה`      IS A NUMBER,
      `סך השעות השבועיות בכל בתי הספר`    IS A NUMBER,
      `השעות השבועיות למשרה מלאה`         IS A NUMBER
GIVETH A BOOLEAN
`מתקיימים תנאי סעיף 33(ה)` `סך השעות הפרונטאליות בכל בתי הספר` `השעות הפרונטאליות למשרה מלאה` `סך השעות השבועיות בכל בתי הספר` `השעות השבועיות למשרה מלאה` MEANS
        `סך השעות הפרונטאליות בכל בתי הספר` EQUALS `השעות הפרונטאליות למשרה מלאה`
    AND `סך השעות השבועיות בכל בתי הספר` GREATER THAN `השעות השבועיות למשרה מלאה`

@ref הסכם ההשלמה 29.2.2012, סעיף 20 — המנה שבסעיף 33(ה)
GIVEN `סך השעות השבועיות בכל בתי הספר` IS A NUMBER,
      `השעות השבועיות למשרה מלאה`      IS A NUMBER
GIVETH A NUMBER
`היקף המשרה לפי סעיף 33(ה)` `סך השעות השבועיות בכל בתי הספר` `השעות השבועיות למשרה מלאה` MEANS
    100 TIMES (`סך השעות השבועיות בכל בתי הספר` DIVIDED BY `השעות השבועיות למשרה מלאה`)

-- סעיף 33א, שהוסף בסעיף 21 להסכם ההשלמה, מטפל במקרה ההפוך: הסולמות
-- מייצרים חסר. שני תנאיו מצטברים במפורש — "אשר מתקיימים בהם (במצטבר)".

@ref הסכם ההשלמה 29.2.2012, סעיף 21 — סעיף 33א(א)(1) ו־(2)
GIVEN `היקף ההעסקה הכולל בפועל`                    IS A NUMBER,
      `היקף ההעסקה שהיה חל בבית ספר אחד`           IS A NUMBER,
      `ההעסקה בכל בתי הספר לפי אותה טבלה`          IS A BOOLEAN
GIVETH A BOOLEAN
`מתקיימים תנאי סעיף 33א` `היקף ההעסקה הכולל בפועל` `היקף ההעסקה שהיה חל בבית ספר אחד` `ההעסקה בכל בתי הספר לפי אותה טבלה` MEANS
        `היקף ההעסקה הכולל בפועל` LESS THAN `היקף ההעסקה שהיה חל בבית ספר אחד`
    AND `ההעסקה בכל בתי הספר לפי אותה טבלה`

@ref הסכם ההשלמה 29.2.2012, סעיף 21 — סעיף 33א(ב), "שעות השלמה ברפורמה"
GIVEN `סך השעות השבועיות בפועל בכל בתי הספר`   IS A NUMBER,
      `סך השעות השבועיות בשורה של בית ספר אחד` IS A NUMBER
GIVETH A NUMBER
`שעות השלמה ברפורמה` `סך השעות השבועיות בפועל בכל בתי הספר` `סך השעות השבועיות בשורה של בית ספר אחד` MEANS
    `סך השעות השבועיות בשורה של בית ספר אחד` MINUS `סך השעות השבועיות בפועל בכל בתי הספר`

@ref הסכם ההשלמה 29.2.2012, סעיף 21 — סעיף 33א(ד), תוקף האישור
GIVETH A NUMBER
`שנות התוקף של אישור שעות ההשלמה` MEANS 1

@ref הסכם ההשלמה 29.2.2012, סעיף 21 — סעיף 33א(ז)
GIVETH A BOOLEAN
`התגמול בעד שעות ההשלמה ניתן בדרך של הגדלת היקף המשרה` MEANS TRUE


§§ `ההתלבטויות שהמכשירים מותירים`

-- התלבטות 1 — מהו "מספר השעות למשרה מלאה" שבמכנה ערך השעה.
--
-- סעיף 19 להסכם ההשלמה מחליף את סעיף 31(ב) ומעמיד את ערך השעה על
-- "הבסיס לחישוב ערך שעה ל־100% משרה / מספר השעות למשרה מלאה X 4.33
-- (שבועות)". לגבי מורה יסודי בן 52, שבוע העבודה למשרה מלאה הוא 34 שעות
-- ולא 36 (סעיף 26(א)).
--
-- קריאה ראשונה: "מספר השעות למשרה מלאה" הוא השבוע הסטטוטורי של השלב —
-- 36 — ולכן שעות הגיל אינן משנות את ערכה של כל שעה נותרת.
-- קריאה שנייה: זהו סך שעותיו שלו למשרה מלאה לאחר הפחתת הגיל — 34 —
-- ולכן כל שעה נותרת שווה יותר.
--
-- ההכרעה כאן: הקריאה השנייה. שלושה דברים מובילים אליה, ושלושתם בגוף
-- המכשירים. ראשית, נספח א' מכתיר את שורת 34 השעות ברצועת 50 ומעלה
-- ב"היקף משרה 100.00%" — המכשיר עצמו קורא ל־34 משרה מלאה של המורה
-- הזה. שנית, סעיף 27(יב), שהוסף בהסכם ההשלמה, אומר במפורש שבסיס המשרה
-- למורה קיים בן 50 עד 55 הוא 34 שעות ולמורה קיים בן 55 ומעלה 32 שעות.
-- שלישית, נוסחו הקודם של סעיף 31(ב) נקב ב־36 במפורש, ותיקון 2012 הוא
-- שהחליף את המספר בביטוי — קשה לקרוא זאת אלא כהרחבה מכוונת.
--
-- ההכרעה שווה כסף, והיא נלקחת כאן ולא ב-`he-gmulim`, משום שזה המודול
-- שאין בו כסף וזה המקום היחיד שבו היא צריכה להילקח.

@ref הסכם ההשלמה 29.2.2012, סעיף 19; הסכם הבסיס 25.12.2008, סעיפים 15(א) ו־17(א)
GIVEN `שלב החינוך` IS A `שלב חינוך`
GIVETH A NUMBER
`מספר השעות למשרה מלאה לפי הקריאה הראשונה` `שלב החינוך` MEANS
    `סך שעות שבוע העבודה` (`שבוע העבודה המלא` `שלב החינוך` `הוראה רגילה`)

@ref נספחים א' ו־ב', שורת 100% בכל רצועה; הסכם ההשלמה 29.2.2012, סעיף 17(ו) — סעיף 27(יב)
GIVEN `שלב החינוך` IS A `שלב חינוך`,
      `רצועת הגיל` IS A `רצועת גיל`
GIVETH A NUMBER
`מספר השעות למשרה מלאה לפי הקריאה השנייה` `שלב החינוך` `רצועת הגיל` MEANS
    `השעות השבועיות למשרה מלאה` `שלב החינוך` `רצועת הגיל`

@ref ההכרעה בהתלבטות 1 — הקריאה השנייה
GIVEN `שלב החינוך` IS A `שלב חינוך`,
      `רצועת הגיל` IS A `רצועת גיל`
GIVETH A NUMBER
`מספר השעות למשרה מלאה` `שלב החינוך` `רצועת הגיל` MEANS
    `מספר השעות למשרה מלאה לפי הקריאה השנייה` `שלב החינוך` `רצועת הגיל`

-- התלבטות 2 — הפחתת מורה אם במשרה מלאה: 2.5 שעות שהייה או שעה
-- פרונטאלית ושעת שהייה.
--
-- נספחי א' ו־ב' של העותק החתום משנת 2008 מדפיסים עמודה אחת בלבד למורה
-- אם — שעות שהייה — ובשורת ה־100% היא 2.5 ביסודי ו־6.5 בחטיבה, היינו
-- הפחתה של 2.5 שעות שהייה, כלשון סעיף 24 המקורי. סעיף 16(א) להסכם
-- ההשלמה החליף את המנגנון מיום 1.9.2011 ל"שעת הוראה פרונטאלית אחת
-- בשבוע ושעת שהיה אחת בשבוע", וסעיף 16(ג) תיקן את סעיף 27(ט) כך
-- שיקרא "ההפחתה בשעות ההוראה הפרונטאלית ובשעות השהייה" — אך הפנה
-- לאותם נספחים, שאין בהם עמודה פרונטאלית למורה אם.
--
-- קריאה ראשונה: הנספחים התיישנו בשורת ה־100%, והסעיף המתוקן גובר.
-- קריאה שנייה: יש לקרוא את הנספחים כמתוקנים, ואין בקורפוס נוסח מתוקן.
--
-- ההכרעה: הקריאה הראשונה. הסעיף המתוקן הוא ההוראה האופרטיבית והמאוחרת,
-- ותחילתו נקובה במפורש (1.9.2011). לכן `שבוע העבודה של מורה אם במשרה
-- מלאה` מפחית שעה פרונטאלית ושעת שהייה, בעוד שעמודת הנספח נשמרת
-- בשורות כפי שהיא מודפסת ומשמשת את המשרה החלקית לפי סעיף 27(ט).
-- ההפרש נמדד ב"בדיקות" להלן: 34 שעות מול 33.5.
--
-- מה שההכרעה הזאת אינה פותרת, ויש לומר זאת: היא משאירה את המשרה
-- החלקית על מנגנון 2008 ואת המשרה המלאה על מנגנון 2011, ואין בקורפוס
-- מכשיר המיישב ביניהם.

-- התלבטות 3 — הפניה תלויה: סעיפים 21(ב) ו־22(ד) מפנים לסעיפים שבוטלו.
--
-- סעיף 13 להסכם ההשלמה הוסיף לסעיף 21 סעיף־קטן (ב), שלפיו לממונה שכבה
-- בבית ספר כאמור תהיה חלוקת שבוע העבודה "בהתאם למפורט בסעיף 15(ה)";
-- סעיף 14 הוסיף לסעיף 22 סעיף־קטן (ד) המפנה לסעיף 17(ה). כעבור שנה
-- וחצי ביטלו סעיפים 9(א) ו־10(א) להסכם ספטמבר 2013 את שני הסעיפים
-- המופנים, והחליפו אותם בשעות תפקיד. אף מכשיר בקורפוס אינו מתקן את
-- ההפניות.
--
-- קריאה ראשונה: ההפניה נותרה בתוקף, וסולם ממונה השכבה שבוטל ממשיך
-- לחול בבתי הספר לחינוך מיוחד לבדם.
-- קריאה שנייה: ההפניה התרוקנה, ושעות התפקיד שבסעיפים 15א ו־17א
-- באות במקומה גם שם.
--
-- ההכרעה: אין הכרעה — סירוב. שתי הקריאות אפשריות, ההבדל ביניהן הוא
-- ממשי בשעות, ואין בקורפוס דבר להכריע לפיו. סירוב הוא ממצא, לא תקלה.

@ref הסכם ההשלמה 29.2.2012, סעיפים 13 ו־14; הסכם ספטמבר 2013 17.9.2013, סעיפים 9(א) ו־10(א)
GIVETH A `שבוע עבודה`
`חלוקת שבוע העבודה לממונה שכבה בבית ספר לחינוך מיוחד` MEANS
    REFUSE "סעיפים 21(ב) ו־22(ד) מפנים לסעיפים 15(ה) ו־17(ה), שבוטלו בהסכם מיום 17.9.2013, ואין בקורפוס מכשיר המתקן את ההפניה"

-- התלבטות 4 — נספחי ג' ו־ג1'.
--
-- סעיף 27(ח) מפנה את המורה המועסק בפחות משליש משרה באחד מבתי ספרו
-- לטבלאות "המצ"ב כנספחים ג' ו־ג1'". בעותק הרישום החתום מודפסת טבלה
-- אחת בלבד להיקפי משרה נמוכים, כותרתה "טבלת שבוע עבודה בחטיבת ביניים
-- להיקפי משרה נמוכים ברפורמה", והיא אינה נושאת אות נספח כלל.
--
-- קריאה ראשונה: זהו נספח ג', ונספח ג1' — המקבילה ליסודי — חסר בקורפוס.
-- קריאה שנייה: שני הנספחים הם אותה טבלה, ובתי הספר היסודיים אינם
-- מעסיקים בהיקפים כאלה.
--
-- ההכרעה: הקריאה הראשונה, משום שכותרת הטבלה נוקבת בחטיבת ביניים
-- במפורש; ולכן הענף היסודי מסרב.

@ref הסכם הבסיס 25.12.2008, סעיף 27(ח); העותק החתום, הטבלה להיקפי משרה נמוכים
GIVEN `שלב החינוך` IS A `שלב חינוך`
GIVETH A LIST OF `שורת סולם`
`סולם היקפי המשרה הנמוכים` `שלב החינוך` MEANS
    CONSIDER `שלב החינוך`
    WHEN `חטיבת ביניים`  THEN `סולם חטיבת ביניים להיקפי משרה נמוכים`
    WHEN `בית ספר יסודי` THEN `אין בקורפוס טבלת היקפי משרה נמוכים לבית ספר יסודי`

@ref הסכם הבסיס 25.12.2008, סעיף 27(ח) — נספח ג1' אינו בקורפוס
GIVETH A LIST OF `שורת סולם`
`אין בקורפוס טבלת היקפי משרה נמוכים לבית ספר יסודי` MEANS
    REFUSE "סעיף 27(ח) מפנה לנספחים ג' ו־ג1'; בעותק החתום מודפסת טבלה אחת בלבד, והיא לחטיבת ביניים"


§§ `בדיקות`

-- אלה אינן דין. הן בדיקות שהתעתיק שלם ושהכללים מתיישבים זה עם זה.

-- שבוע העבודה למשרה מלאה מסתכם ב־36 בשני השלבים — סעיפים 15(א) ו־17(א).
#ASSERT 36 EQUALS `סך שעות שבוע העבודה` `שבוע העבודה ביסודי`
#ASSERT 36 EQUALS `סך שעות שבוע העבודה` `שבוע העבודה בחטיבת ביניים`
#ASSERT 36 EQUALS `סך שעות שבוע העבודה` (`שבוע העבודה המלא` `בית ספר יסודי` `הוראת שילוב`)
#ASSERT 36 EQUALS `סך שעות שבוע העבודה` (`שבוע העבודה המלא` `חטיבת ביניים` `הוראת שילוב`)

-- עקביות פנימית של הסולמות: שלוש העמודות מסתכמות בעמודת הסה"כ, ועמודת
-- היקף המשרה שווה לסה"כ חלקי בסיס הרצועה. שתי הבדיקות נכתבות פעם אחת
-- ומוחלות על כל 118 השורות.

GIVEN `בסיס` IS A NUMBER,
      `שורה` IS A `שורת סולם`
GIVETH A BOOLEAN
`שורת הסולם עקבית עם בסיס` `בסיס` `שורה` MEANS
        `סך שעות שבוע העבודה` (`שורה`'s `שבוע העבודה שבשורה`) EQUALS `שורה`'s `סך השעות שבשורה`
    AND (`שורה`'s `היקף המשרה` MINUS `המדויק`) AT MOST 0.01
    AND (`המדויק` MINUS `שורה`'s `היקף המשרה`) AT MOST 0.01
    WHERE
        `המדויק` MEANS 100 TIMES ((`שורה`'s `סך השעות שבשורה`) DIVIDED BY `בסיס`)

GIVEN `בסיס`  IS A NUMBER,
      `הסולם` IS A LIST OF `שורת סולם`
GIVETH A BOOLEAN
`הסולם עקבי עם בסיס` `בסיס` `הסולם` MEANS
    all (GIVEN `שורה` YIELD `שורת הסולם עקבית עם בסיס` `בסיס` `שורה`) `הסולם`

#ASSERT `הסולם עקבי עם בסיס` 36 `סולם יסודי מתחת לגיל 50`
#ASSERT `הסולם עקבי עם בסיס` 34 `סולם יסודי מגיל 50`
#ASSERT `הסולם עקבי עם בסיס` 32 `סולם יסודי מגיל 55`
#ASSERT `הסולם עקבי עם בסיס` 36 `סולם חטיבת ביניים מתחת לגיל 50`
#ASSERT `הסולם עקבי עם בסיס` 34 `סולם חטיבת ביניים מגיל 50`
#ASSERT `הסולם עקבי עם בסיס` 32 `סולם חטיבת ביניים מגיל 55`
#ASSERT `הסולם עקבי עם בסיס` 36 `סולם חטיבת ביניים להיקפי משרה נמוכים`

-- סעיף 26 מול הנספחים. סעיף 26 הוא פרוזה — "הפחתה של שתי שעות הוראה
-- פרונטאליות" — והנספחים הם טבלה; שתיהן אמורות לתאר את אותו שבוע
-- עבודה. הבדיקה מפעילה את הפרוזה על שבוע המשרה המלאה ומשווה לשורת
-- ה־100% של הטבלה. זו הבדיקה היחידה כאן שיכולה להיכשל מפני שהמכשירים
-- חלוקים, ולא מפני שהעתקה השתבשה.

GIVEN `שבוע א` IS A `שבוע עבודה`,
      `שבוע ב` IS A `שבוע עבודה`
GIVETH A BOOLEAN
`שני שבועות העבודה זהים` `שבוע א` `שבוע ב` MEANS
        (`שבוע א`'s `השעות הפרונטאליות`) EQUALS (`שבוע ב`'s `השעות הפרונטאליות`)
    AND (`שבוע א`'s `השעות הפרטניות`)    EQUALS (`שבוע ב`'s `השעות הפרטניות`)
    AND (`שבוע א`'s `שעות השהייה`)       EQUALS (`שבוע ב`'s `שעות השהייה`)

GIVEN `הסולם` IS A LIST OF `שורת סולם`
GIVETH A `שבוע עבודה`
`שבוע העבודה שבשורת מאה האחוזים של` `הסולם` MEANS (at `הסולם` 0)'s `שבוע העבודה שבשורה`

#ASSERT `שני שבועות העבודה זהים` (`שבוע העבודה לאחר שעות הגיל` `שבוע העבודה ביסודי` `מתחת לגיל 50`) (`שבוע העבודה שבשורת מאה האחוזים של` `סולם יסודי מתחת לגיל 50`)
#ASSERT `שני שבועות העבודה זהים` (`שבוע העבודה לאחר שעות הגיל` `שבוע העבודה ביסודי` `גיל 50 עד 54`) (`שבוע העבודה שבשורת מאה האחוזים של` `סולם יסודי מגיל 50`)
#ASSERT `שני שבועות העבודה זהים` (`שבוע העבודה לאחר שעות הגיל` `שבוע העבודה ביסודי` `גיל 55 ומעלה`) (`שבוע העבודה שבשורת מאה האחוזים של` `סולם יסודי מגיל 55`)
#ASSERT `שני שבועות העבודה זהים` (`שבוע העבודה לאחר שעות הגיל` `שבוע העבודה בחטיבת ביניים` `מתחת לגיל 50`) (`שבוע העבודה שבשורת מאה האחוזים של` `סולם חטיבת ביניים מתחת לגיל 50`)
#ASSERT `שני שבועות העבודה זהים` (`שבוע העבודה לאחר שעות הגיל` `שבוע העבודה בחטיבת ביניים` `גיל 50 עד 54`) (`שבוע העבודה שבשורת מאה האחוזים של` `סולם חטיבת ביניים מגיל 50`)
#ASSERT `שני שבועות העבודה זהים` (`שבוע העבודה לאחר שעות הגיל` `שבוע העבודה בחטיבת ביניים` `גיל 55 ומעלה`) (`שבוע העבודה שבשורת מאה האחוזים של` `סולם חטיבת ביניים מגיל 55`)

-- מורה חדש בן 57 קורא את סולם "מגיל 50" — סעיף 26(ג) סיפה, וכותרת
-- רצועת 55 בנספחים.
#ASSERT 34 EQUALS `השעות השבועיות למשרה מלאה` `בית ספר יסודי` (`רצועת הגיל לעניין הסולם` `מורה חדש` `גיל 55 ומעלה`)
#ASSERT 32 EQUALS `השעות השבועיות למשרה מלאה` `בית ספר יסודי` (`רצועת הגיל לעניין הסולם` `מורה קיים` `גיל 55 ומעלה`)

-- ההתלבטות הראשונה, במספרים: לגבי מורה יסודי קיים בן 52 המכנה הוא 34
-- לפי הקריאה השנייה ו־36 לפי הראשונה. שתי שורות, כדי ששינוי ההכרעה
-- ייראה כאן ולא רק ב-`he-gmulim`.
#ASSERT 36 EQUALS `מספר השעות למשרה מלאה לפי הקריאה הראשונה` `בית ספר יסודי`
#ASSERT 34 EQUALS `מספר השעות למשרה מלאה` `בית ספר יסודי` `גיל 50 עד 54`

-- ההתלבטות השנייה, במספרים: מורה אם ביסודי במשרה מלאה — 34 שעות לפי
-- סעיף 24 המתוקן, ו־33.5 לפי עמודת הנספח (36 פחות 2.5).
#ASSERT 34 EQUALS `סך שעות שבוע העבודה` (`שבוע העבודה של מורה אם במשרה מלאה` `שבוע העבודה ביסודי`)
#ASSERT 2.5 EQUALS (at `סולם יסודי מתחת לגיל 50` 0)'s `שהיית מורה אם שבשורה`
#ASSERT 6.5 EQUALS (at `סולם חטיבת ביניים מתחת לגיל 50` 0)'s `שהיית מורה אם שבשורה`

-- חיפוש בסולם, שני הכיוונים. 13 שעות פרונטאליות ביסודי מתחת לגיל 50 הן
-- 50.00% משרה, ו־50.00% משרה הן 13 שעות פרונטאליות.
#ASSERT 50 EQUALS (`שורת הסולם לפי שעות פרונטאליות` 13 `סולם יסודי מתחת לגיל 50`)'s `היקף המשרה`
#ASSERT 13 EQUALS (`שורת הסולם לפי היקף משרה` 50 `סולם יסודי מתחת לגיל 50`)'s `שבוע העבודה שבשורה`'s `השעות הפרונטאליות`
#ASSERT 18 EQUALS (`שורת הסולם לפי שעות פרונטאליות` 13 `סולם יסודי מתחת לגיל 50`)'s `סך השעות שבשורה`
#ASSERT 100 EQUALS (`שורת הסולם לפי שעות פרונטאליות` 24 `סולם יסודי מגיל 50`)'s `היקף המשרה`
#ASSERT 100 EQUALS (`שורת הסולם לפי שעות פרונטאליות` 23 `סולם חטיבת ביניים מתחת לגיל 50`)'s `היקף המשרה`
#ASSERT 25 EQUALS (`שורת הסולם לפי שעות פרונטאליות` 6 `סולם חטיבת ביניים להיקפי משרה נמוכים`)'s `היקף המשרה`

-- הסולם בדיד: מספר שעות שאינו בטבלה אינו מקבל אחוז מעוגל, אלא סירוב.
#ASSERT REFUSED (`שורת הסולם לפי שעות פרונטאליות` 27 `סולם יסודי מתחת לגיל 50`)
#ASSERT REFUSED (`שורת הסולם לפי היקף משרה` 45 `סולם יסודי מתחת לגיל 50`)
#ASSERT REFUSED `סולם ממונה השכבה שבסעיפים 15(ה) ו־17(ה) בוטל`
#ASSERT REFUSED `חלוקת שבוע העבודה לממונה שכבה בבית ספר לחינוך מיוחד`
#ASSERT REFUSED (`סולם היקפי המשרה הנמוכים` `בית ספר יסודי`)
#ASSERT REFUSED (`שלב החינוך בבית ספר לחינוך מיוחד רב שלבי` FALSE FALSE TRUE)
#ASSERT REFUSED `מספר השבועות בחודש לעניין החישוב החודשי אינו נקוב בסעיף 28`

-- שעות תפקיד — סעיפים 17א ו־15א. שכבה בת 6 כיתות: חצי שעה לכיתה, שלוש
-- שעות, מתחת לתקרת שש. שכבה בת 13: חצי שעה לכיתה היא 6.5, והתקרה
-- חותכת ל־6. שכבה בת 3 כיתות אינה מזכה כלל.
#ASSERT 3 EQUALS `שעות תפקיד לממונה שכבה במקום שעות פרונטאליות` 6
#ASSERT 6 EQUALS `שעות תפקיד לממונה שכבה במקום שעות פרונטאליות` 13
#ASSERT 0 EQUALS `שעות תפקיד לממונה שכבה במקום שעות פרונטאליות` 3
#ASSERT 3 EQUALS `שעות תפקיד לממונה שכבה במקום שעות פרטניות` 6 4
#ASSERT 4 EQUALS `שעות תפקיד לממונה שכבה במקום שעות פרטניות` 13 4
#ASSERT 4.8 EQUALS `שעות תפקיד לרכז חינוך חברתי במקום שעות פרונטאליות` 12
#ASSERT 6 EQUALS `סל שעות התפקיד של רכזי המקצוע` 12
#ASSERT 1 EQUALS `שעות תפקיד לרכז מקצוע` 2
#ASSERT 12 EQUALS `מכסת שעות ההוראה הפרונטאלית המזערית` `ממונה שכבה` TRUE 23
#ASSERT 8 EQUALS `מכסת שעות ההוראה הפרונטאלית המזערית` `ממונה שכבה` FALSE 16
#ASSERT 6 EQUALS `מכסת שעות ההוראה הפרונטאלית המזערית` `ממונה שכבה` FALSE 10
#ASSERT 8 EQUALS `מכסת שעות ההוראה הפרונטאלית המזערית` `רכז מקצוע` FALSE 10
#ASSERT REFUSED (`מכסת שעות ההוראה הפרונטאלית המזערית` `רכז מעבדה` FALSE 10)

-- רצפות סעיף 27. מורה חדש ב־40% אינו מותר אלא באישור; מורה קיים באותו
-- היקף מותר אם כך הועסק בשנה הקודמת; מורה שילוב מותר בכל היקף.
#ASSERT NOT (`היקף המשרה מותר לפי סעיף 27` 40 `מורה חדש` `הוראה רגילה` FALSE FALSE)
#ASSERT `היקף המשרה מותר לפי סעיף 27` 40 `מורה חדש` `הוראה רגילה` FALSE TRUE
#ASSERT `היקף המשרה מותר לפי סעיף 27` 40 `מורה קיים` `הוראה רגילה` TRUE FALSE
#ASSERT NOT (`היקף המשרה מותר לפי סעיף 27` 20 `מורה קיים` `הוראה רגילה` FALSE FALSE)
#ASSERT `היקף המשרה מותר לפי סעיף 27` 20 `מורה קיים` `הוראת שילוב` FALSE FALSE
#ASSERT `היקף המשרה מותר לפי סעיף 27` 40 `מורה חדש` `הוראה בחינוך מיוחד` FALSE FALSE
#ASSERT `היקף המשרה מותר לפי סעיף 27` 33.33 `מורה קיים` `הוראה רגילה` FALSE FALSE

-- תקרת סעיף 33 והמנה שבסעיף 33(ה).
#ASSERT `היקף המשרה מותר לפי סעיף 33` 100 FALSE FALSE
#ASSERT NOT (`היקף המשרה מותר לפי סעיף 33` 110 FALSE FALSE)
#ASSERT `היקף המשרה מותר לפי סעיף 33` 110 TRUE FALSE
#ASSERT `היקף המשרה מותר לפי סעיף 33` 110 FALSE TRUE
#ASSERT `מתקיימים תנאי סעיף 33(ה)` 26 26 38 36
#ASSERT NOT (`מתקיימים תנאי סעיף 33(ה)` 25 26 38 36)

-- סעיף 33(ה) מוליד היקף גבוה ממאה אחוז, כלשון הסעיף עצמו: 38 שעות
-- שבועיות מול 36 הן 105.55…%.
#ASSERT (`היקף המשרה לפי סעיף 33(ה)` 38 36) GREATER THAN 100

-- סעיף 33א מוליד את החסר ההפוך: 34 שעות בפועל מול 36 בשורה של בית ספר
-- אחד הן שתי שעות השלמה.
#ASSERT 2 EQUALS `שעות השלמה ברפורמה` 34 36
#ASSERT `מתקיימים תנאי סעיף 33א` 94.44 100 TRUE
#ASSERT NOT (`מתקיימים תנאי סעיף 33א` 94.44 100 FALSE)

-- סעיף 32(א) — 10.5 שעות ביום.
#ASSERT `עומד בתקרת יום העבודה שבסעיף 32(א)` 8 1 1
#ASSERT NOT (`עומד בתקרת יום העבודה שבסעיף 32(א)` 8 2 1)

-- סעיף 32(ב) — ליווי טיולים הוא החריג היחיד.
#ASSERT `חורג מהסדר התמורה הכולל שבסעיף 32(ב)` `גמול ליווי טיולים`
#ASSERT NOT (`חורג מהסדר התמורה הכולל שבסעיף 32(ב)` `תמורת מילוי מקום`)

-- סעיפים 24 ו־25.
#ASSERT `זכאית להפחתת שעות שהייה של מורה אם בבית ספר אחד` 80.56
#ASSERT NOT (`זכאית להפחתת שעות שהייה של מורה אם בבית ספר אחד` 77.78)
#ASSERT 5 EQUALS `הפחתת שעות השהייה לעובדת הוראה לאחר חופשת לידה` 90
#ASSERT 0 EQUALS `הפחתת שעות השהייה לעובדת הוראה לאחר חופשת לידה` 85
#ASSERT `מופנית להפחתת מורה אם שבמשרה חלקית` 85


§§ `דוגמאות — היקף משרתו של מורה`

-- מורה חדשה, בית ספר יסודי רגיל, הוראה רגילה, 13 שעות פרונטאליות.
-- שורת הסולם: 13 פרונטאליות, 2 פרטניות, 3 שהייה, סך 18, היקף 50.00%.

`העסקה לדוגמה — יסודי, חצי משרה` MEANS `העסקה` WITH
    `שלב החינוך`  IS `בית ספר יסודי`
    `סוג המוסד`   IS `בית ספר רגיל`
    `סוג ההוראה`  IS `הוראה רגילה`
    `בסיס המשרה`  IS `בסיס משרה של בית ספר יסודי`
    `שבוע העבודה` IS `שבוע עבודה` OF 13, 2, 3
    `התפקידים`    IS EMPTY

`מורה לדוגמה — יסודי, חצי משרה` MEANS `מורה` WITH
    `המעמד ברפורמה`  IS `מורה חדש`
    `מעמד ההשכלה`    IS `בעל תואר ראשון`
    `בעל תואר שלישי` IS FALSE
    `רצועת הגיל`     IS `מתחת לגיל 50`
    `הדרגה`          IS `דרגה 1`
    `הוותק המוכר`    IS 1
    `היא מורה אם`    IS FALSE
    `ההעסקה`         IS `העסקה לדוגמה — יסודי, חצי משרה`

#ASSERT 50 EQUALS `היקף משרתו של` `מורה לדוגמה — יסודי, חצי משרה`

-- אותה מורה, אילו הועסקה כמורת שילוב: סעיף 27(ז) מוציא אותה מן
-- הסולמות, וסעיף 27(ז1) מפנה לנספח שמספרו לא מולא. סירוב.

`העסקה לדוגמה — שילוב` MEANS `העסקה` WITH
    `שלב החינוך`  IS `בית ספר יסודי`
    `סוג המוסד`   IS `בית ספר רגיל`
    `סוג ההוראה`  IS `הוראת שילוב`
    `בסיס המשרה`  IS `בסיס משרה של בית ספר יסודי`
    `שבוע העבודה` IS `שבוע עבודה` OF 13, 2, 3
    `התפקידים`    IS EMPTY

`מורה לדוגמה — שילוב` MEANS `מורה` WITH
    `המעמד ברפורמה`  IS `מורה חדש`
    `מעמד ההשכלה`    IS `בעל תואר ראשון`
    `בעל תואר שלישי` IS FALSE
    `רצועת הגיל`     IS `מתחת לגיל 50`
    `הדרגה`          IS `דרגה 1`
    `הוותק המוכר`    IS 1
    `היא מורה אם`    IS FALSE
    `ההעסקה`         IS `העסקה לדוגמה — שילוב`

#ASSERT REFUSED (`שורת הסולם של` `מורה לדוגמה — שילוב`)

-- מורה קיים בן 52 ביסודי, 24 שעות פרונטאליות: הסולם קורא לכך 100.00%
-- משרה, וזהו הנימוק המרכזי להכרעה בהתלבטות הראשונה.

`העסקה לדוגמה — יסודי, בן 52` MEANS `העסקה` WITH
    `שלב החינוך`  IS `בית ספר יסודי`
    `סוג המוסד`   IS `בית ספר רגיל`
    `סוג ההוראה`  IS `הוראה רגילה`
    `בסיס המשרה`  IS `בסיס משרה של בית ספר יסודי`
    `שבוע העבודה` IS `שבוע עבודה` OF 24, 5, 5
    `התפקידים`    IS EMPTY

`מורה לדוגמה — יסודי, בן 52` MEANS `מורה` WITH
    `המעמד ברפורמה`  IS `מורה קיים`
    `מעמד ההשכלה`    IS `בעל תואר ראשון`
    `בעל תואר שלישי` IS FALSE
    `רצועת הגיל`     IS `גיל 50 עד 54`
    `הדרגה`          IS `דרגה 5`
    `הוותק המוכר`    IS 15
    `היא מורה אם`    IS FALSE
    `ההעסקה`         IS `העסקה לדוגמה — יסודי, בן 52`

#ASSERT 100 EQUALS `היקף משרתו של` `מורה לדוגמה — יסודי, בן 52`
#ASSERT 34 EQUALS `מספר השעות למשרה מלאה` `בית ספר יסודי` `גיל 50 עד 54`
