36 is equal to `סך שעות שבוע העבודה` with `שבוע העבודה ביסודי`
36 is equal to `סך שעות שבוע העבודה` with `שבוע העבודה בחטיבת ביניים`
36 is equal to `סך שעות שבוע העבודה` with `שבוע העבודה המלא` with בית ספר יסודי and הוראה כמורה משלב
36 is equal to `סך שעות שבוע העבודה` with `שבוע העבודה המלא` with חטיבת ביניים and הוראה כמורה משלב
`הסולם עקבי עם בסיס` with 36 and `סולם יסודי מתחת לגיל 50`
`הסולם עקבי עם בסיס` with 34 and `סולם יסודי מגיל 50`
`הסולם עקבי עם בסיס` with 32 and `סולם יסודי מגיל 55`
`הסולם עקבי עם בסיס` with 36 and `סולם חטיבת ביניים מתחת לגיל 50`
`הסולם עקבי עם בסיס` with 34 and `סולם חטיבת ביניים מגיל 50`
`הסולם עקבי עם בסיס` with 32 and `סולם חטיבת ביניים מגיל 55`
`הסולם עקבי עם בסיס` with 36 and `סולם חטיבת ביניים להיקפי משרה נמוכים`
`שני שבועות העבודה זהים` with `שבוע העבודה לאחר שעות הגיל` with `שבוע העבודה ביסודי` and מתחת לגיל 50 and `שבוע העבודה שבשורת מאה האחוזים של` with `סולם יסודי מתחת לגיל 50`
`שני שבועות העבודה זהים` with `שבוע העבודה לאחר שעות הגיל` with `שבוע העבודה ביסודי` and בן 50 עד 54 and `שבוע העבודה שבשורת מאה האחוזים של` with `סולם יסודי מגיל 50`
`שני שבועות העבודה זהים` with `שבוע העבודה לאחר שעות הגיל` with `שבוע העבודה ביסודי` and בן 55 ומעלה and `שבוע העבודה שבשורת מאה האחוזים של` with `סולם יסודי מגיל 55`
`שני שבועות העבודה זהים` with `שבוע העבודה לאחר שעות הגיל` with `שבוע העבודה בחטיבת ביניים` and מתחת לגיל 50 and `שבוע העבודה שבשורת מאה האחוזים של` with `סולם חטיבת ביניים מתחת לגיל 50`
`שני שבועות העבודה זהים` with `שבוע העבודה לאחר שעות הגיל` with `שבוע העבודה בחטיבת ביניים` and בן 50 עד 54 and `שבוע העבודה שבשורת מאה האחוזים של` with `סולם חטיבת ביניים מגיל 50`
`שני שבועות העבודה זהים` with `שבוע העבודה לאחר שעות הגיל` with `שבוע העבודה בחטיבת ביניים` and בן 55 ומעלה and `שבוע העבודה שבשורת מאה האחוזים של` with `סולם חטיבת ביניים מגיל 55`
34 is equal to `השעות השבועיות למשרה מלאה` with בית ספר יסודי and `רצועת הגיל לעניין הסולם` with מורה חדש — אינו מורה קיים and בן 55 ומעלה
32 is equal to `השעות השבועיות למשרה מלאה` with בית ספר יסודי and `רצועת הגיל לעניין הסולם` with מורה קיים — הועסק בהוראה ערב המעבר לרפורמה and בן 55 ומעלה
36 is equal to `מספר השעות למשרה מלאה לפי הקריאה הראשונה` with בית ספר יסודי
34 is equal to `מספר השעות למשרה מלאה` with בית ספר יסודי and בן 50 עד 54
34 is equal to `סך שעות שבוע העבודה` with `שבוע העבודה של מורה אם במשרה מלאה` with `שבוע העבודה ביסודי`
2.5 is equal to `at` with `סולם יסודי מתחת לגיל 50` and 0 's `שהיית מורה אם שבשורה`
6.5 is equal to `at` with `סולם חטיבת ביניים מתחת לגיל 50` and 0 's `שהיית מורה אם שבשורה`
50 is equal to `שורת הסולם לפי שעות פרונטאליות` with 13 and `סולם יסודי מתחת לגיל 50` 's `היקף המשרה`
13 is equal to `שורת הסולם לפי היקף משרה` with 50 and `סולם יסודי מתחת לגיל 50` 's `שבוע העבודה שבשורה` 's `השעות הפרונטאליות`
18 is equal to `שורת הסולם לפי שעות פרונטאליות` with 13 and `סולם יסודי מתחת לגיל 50` 's `סך השעות שבשורה`
100 is equal to `שורת הסולם לפי שעות פרונטאליות` with 24 and `סולם יסודי מגיל 50` 's `היקף המשרה`
100 is equal to `שורת הסולם לפי שעות פרונטאליות` with 23 and `סולם חטיבת ביניים מתחת לגיל 50` 's `היקף המשרה`
25 is equal to `שורת הסולם לפי שעות פרונטאליות` with 6 and `סולם חטיבת ביניים להיקפי משרה נמוכים` 's `היקף המשרה`
the following must refuse: `שורת הסולם לפי שעות פרונטאליות` with 27 and `סולם יסודי מתחת לגיל 50`
the following must refuse: `שורת הסולם לפי היקף משרה` with 45 and `סולם יסודי מתחת לגיל 50`
the following must refuse: `סולם ממונה השכבה שבסעיפים 15(ה) ו־17(ה) בוטל`
the following must refuse: `חלוקת שבוע העבודה לממונה שכבה בבית ספר לחינוך מיוחד`
the following must refuse: `סולם היקפי המשרה הנמוכים` with בית ספר יסודי
the following must refuse: `שלב החינוך בבית ספר לחינוך מיוחד רב שלבי` with `FALSE`, `FALSE` and `TRUE`
the following must refuse: `מספר השבועות בחודש לעניין החישוב החודשי אינו נקוב בסעיף 28`
3 is equal to `שעות תפקיד לממונה שכבה במקום שעות פרונטאליות` with 6
6 is equal to `שעות תפקיד לממונה שכבה במקום שעות פרונטאליות` with 13
0 is equal to `שעות תפקיד לממונה שכבה במקום שעות פרונטאליות` with 3
3 is equal to `שעות תפקיד לממונה שכבה במקום שעות פרטניות` with 6 and 4
4 is equal to `שעות תפקיד לממונה שכבה במקום שעות פרטניות` with 13 and 4
4.8 is equal to `שעות תפקיד לרכז חינוך חברתי במקום שעות פרונטאליות` with 12
6 is equal to `סל שעות התפקיד של רכזי המקצוע` with 12
1 is equal to `שעות תפקיד לרכז מקצוע` with 2
12 is equal to `מכסת שעות ההוראה הפרונטאלית המזערית` with ממונה שכבה, `TRUE` and 23
8 is equal to `מכסת שעות ההוראה הפרונטאלית המזערית` with ממונה שכבה, `FALSE` and 16
6 is equal to `מכסת שעות ההוראה הפרונטאלית המזערית` with ממונה שכבה, `FALSE` and 10
8 is equal to `מכסת שעות ההוראה הפרונטאלית המזערית` with רכז מקצוע, `FALSE` and 10
the following must refuse: `מכסת שעות ההוראה הפרונטאלית המזערית` with רכז מעבדה, `FALSE` and 10
not `היקף המשרה מותר לפי סעיף 27` with 40, מורה חדש — אינו מורה קיים, הוראה בכיתה רגילה, `FALSE` and `FALSE`
`היקף המשרה מותר לפי סעיף 27` with 40, מורה חדש — אינו מורה קיים, הוראה בכיתה רגילה, `FALSE` and `TRUE`
`היקף המשרה מותר לפי סעיף 27` with 40, מורה קיים — הועסק בהוראה ערב המעבר לרפורמה, הוראה בכיתה רגילה, `TRUE` and `FALSE`
not `היקף המשרה מותר לפי סעיף 27` with 20, מורה קיים — הועסק בהוראה ערב המעבר לרפורמה, הוראה בכיתה רגילה, `FALSE` and `FALSE`
`היקף המשרה מותר לפי סעיף 27` with 20, מורה קיים — הועסק בהוראה ערב המעבר לרפורמה, הוראה כמורה משלב, `FALSE` and `FALSE`
`היקף המשרה מותר לפי סעיף 27` with 40, מורה חדש — אינו מורה קיים, הוראה בבית ספר לחינוך מיוחד או בכיתת חינוך מיוחד, `FALSE` and `FALSE`
`היקף המשרה מותר לפי סעיף 27` with 33.33, מורה קיים — הועסק בהוראה ערב המעבר לרפורמה, הוראה בכיתה רגילה, `FALSE` and `FALSE`
`היקף המשרה מותר לפי סעיף 33` with 100, `FALSE` and `FALSE`
not `היקף המשרה מותר לפי סעיף 33` with 110, `FALSE` and `FALSE`
`היקף המשרה מותר לפי סעיף 33` with 110, `TRUE` and `FALSE`
`היקף המשרה מותר לפי סעיף 33` with 110, `FALSE` and `TRUE`
`מתקיימים תנאי סעיף 33(ה)` with 26, 26, 38 and 36
not `מתקיימים תנאי סעיף 33(ה)` with 25, 26, 38 and 36
`היקף המשרה לפי סעיף 33(ה)` with 38 and 36 is greater than 100
2 is equal to `שעות השלמה ברפורמה` with 34 and 36
`מתקיימים תנאי סעיף 33א` with 94.44, 100 and `TRUE`
not `מתקיימים תנאי סעיף 33א` with 94.44, 100 and `FALSE`
`עומד בתקרת יום העבודה שבסעיף 32(א)` with 8, 1 and 1
not `עומד בתקרת יום העבודה שבסעיף 32(א)` with 8, 2 and 1
`חורג מהסדר התמורה הכולל שבסעיף 32(ב)` with גמול ליווי טיולים
not `חורג מהסדר התמורה הכולל שבסעיף 32(ב)` with תמורה בעד מילוי מקום
`זכאית להפחתת שעות שהייה של מורה אם בבית ספר אחד` with 80.56
not `זכאית להפחתת שעות שהייה של מורה אם בבית ספר אחד` with 77.78
5 is equal to `הפחתת שעות השהייה לעובדת הוראה לאחר חופשת לידה` with 90
0 is equal to `הפחתת שעות השהייה לעובדת הוראה לאחר חופשת לידה` with 85
`מופנית להפחתת מורה אם שבמשרה חלקית` with 85
50 is equal to `היקף משרתו של` with `מורה לדוגמה — יסודי, חצי משרה`
the following must refuse: `שורת הסולם של` with `מורה לדוגמה — שילוב`
100 is equal to `היקף משרתו של` with `מורה לדוגמה — יסודי, בן 52`
34 is equal to `מספר השעות למשרה מלאה` with בית ספר יסודי and בן 50 עד 54
