Parsing successful
Typechecking successful
Evaluation successful
he-sachar-meshulav.l4:1216:1-55:
  assertion satisfied
he-sachar-meshulav.l4:1217:1-55:
  assertion satisfied
he-sachar-meshulav.l4:1218:1-55:
  assertion satisfied
he-sachar-meshulav.l4:1219:1-55:
  assertion satisfied
he-sachar-meshulav.l4:1222:1-62:
  assertion satisfied
he-sachar-meshulav.l4:1225:1-64:
  assertion satisfied
he-sachar-meshulav.l4:1226:1-64:
  assertion satisfied
he-sachar-meshulav.l4:1227:1-62:
  assertion satisfied
he-sachar-meshulav.l4:1228:1-62:
  assertion satisfied
he-sachar-meshulav.l4:1231:1-57:
  assertion satisfied
he-sachar-meshulav.l4:1232:1-65:
  assertion satisfied
he-sachar-meshulav.l4:1233:1-70:
  assertion satisfied
he-sachar-meshulav.l4:1236:1-75:
  assertion satisfied
he-sachar-meshulav.l4:1237:1-75:
  assertion satisfied
he-sachar-meshulav.l4:1238:1-67:
  assertion satisfied
he-sachar-meshulav.l4:1239:1-67:
  assertion satisfied
he-sachar-meshulav.l4:1242:1-45:
  assertion satisfied
he-sachar-meshulav.l4:1245:1-78:
  assertion satisfied
he-sachar-meshulav.l4:1246:1-83:
  assertion satisfied
he-sachar-meshulav.l4:1247:1-82:
  assertion satisfied
he-sachar-meshulav.l4:1250:1-65:
  assertion satisfied
he-sachar-meshulav.l4:1251:1-65:
  assertion satisfied
he-sachar-meshulav.l4:1254:1-65:
  assertion satisfied
he-sachar-meshulav.l4:1257:1-76:
  assertion satisfied
he-sachar-meshulav.l4:1260:1-46:
  assertion satisfied
he-sachar-meshulav.l4:1261:1-44:
  assertion satisfied
he-sachar-meshulav.l4:1262:1-34:
  assertion satisfied
he-sachar-meshulav.l4:1263:1-38:
  assertion satisfied
he-sachar-meshulav.l4:1268:1-55:
  assertion satisfied
he-sachar-meshulav.l4:1269:1-55:
  assertion satisfied
he-sachar-meshulav.l4:1270:1-55:
  assertion satisfied
he-sachar-meshulav.l4:1271:1-55:
  assertion satisfied
he-sachar-meshulav.l4:1272:1-55:
  assertion satisfied
he-sachar-meshulav.l4:1273:1-63:
  assertion satisfied
he-sachar-meshulav.l4:1274:1-63:
  assertion satisfied
he-sachar-meshulav.l4:1275:1-109:
  assertion satisfied
he-sachar-meshulav.l4:1276:1-109:
  assertion satisfied
he-sachar-meshulav.l4:1280:1-57:
  assertion satisfied
he-sachar-meshulav.l4:1281:1-55:
  assertion satisfied
he-sachar-meshulav.l4:1282:1-43:
  assertion satisfied
he-sachar-meshulav.l4:1283:1-41:
  assertion satisfied
he-sachar-meshulav.l4:1284:1-47:
  assertion satisfied
he-sachar-meshulav.l4:1285:1-47:
  assertion satisfied
he-sachar-meshulav.l4:1288:1-60:
  assertion satisfied
he-sachar-meshulav.l4:1292:1-59:
  assertion satisfied
he-sachar-meshulav.l4:1293:1-98:
  assertion satisfied
he-sachar-meshulav.l4:1294:1-64:
  assertion satisfied
he-sachar-meshulav.l4:1295:1-64:
  assertion satisfied
he-sachar-meshulav.l4:1299:1-44:
  assertion satisfied
he-sachar-meshulav.l4:1300:1-52:
  assertion satisfied
he-sachar-meshulav.l4:1301:1-48:
  assertion satisfied
he-sachar-meshulav.l4:1302:1-54:
  assertion satisfied
he-sachar-meshulav.l4:1303:1-39:
  assertion satisfied
he-sachar-meshulav.l4:1304:1-47:
  assertion satisfied
he-sachar-meshulav.l4:1307:1-49:
  assertion satisfied
he-sachar-meshulav.l4:1308:1-49:
  assertion satisfied
he-sachar-meshulav.l4:1309:1-49:
  assertion satisfied
he-sachar-meshulav.l4:1310:1-47:
  assertion satisfied
he-sachar-meshulav.l4:1311:1-74:
  assertion satisfied
he-sachar-meshulav.l4:1312:1-81:
  assertion satisfied
he-sachar-meshulav.l4:1315:1-75:
  assertion satisfied
he-sachar-meshulav.l4:1316:1-76:
  assertion satisfied
he-sachar-meshulav.l4:1320:1-67:
  assertion satisfied
he-sachar-meshulav.l4:1321:1-67:
  assertion satisfied
he-sachar-meshulav.l4:1322:1-67:
  assertion satisfied
he-sachar-meshulav.l4:1323:1-72:
  assertion satisfied
he-sachar-meshulav.l4:1324:1-79:
  assertion satisfied
he-sachar-meshulav.l4:1325:1-78:
  assertion satisfied
he-sachar-meshulav.l4:1328:1-58:
  assertion satisfied
he-sachar-meshulav.l4:1331:1-51:
  assertion satisfied
he-sachar-meshulav.l4:1332:1-57:
  assertion satisfied
he-sachar-meshulav.l4:1333:1-63:
  assertion satisfied
he-sachar-meshulav.l4:1334:1-63:
  assertion satisfied
he-sachar-meshulav.l4:1335:1-55:
  assertion satisfied
he-sachar-meshulav.l4:1336:1-66:
  assertion satisfied
he-sachar-meshulav.l4:1337:1-79:
  assertion satisfied
he-sachar-meshulav.l4:1338:1-72:
  assertion satisfied
he-sachar-meshulav.l4:1339:1-79:
  assertion satisfied
he-sachar-meshulav.l4:1342:1-79:
  assertion satisfied
he-sachar-meshulav.l4:1345:1-64:
  assertion satisfied
he-sachar-meshulav.l4:1346:1-71:
  assertion satisfied
he-sachar-meshulav.l4:1347:1-71:
  assertion satisfied
he-sachar-meshulav.l4:1348:1-54:
  assertion satisfied
he-sachar-meshulav.l4:1351:1-75:
  assertion satisfied
he-sachar-meshulav.l4:1352:1-73:
  assertion satisfied
he-sachar-meshulav.l4:1353:1-56:
  assertion satisfied
he-sachar-meshulav.l4:1356:1-69:
  assertion satisfied
he-sachar-meshulav.l4:1357:1-71:
  assertion satisfied
he-sachar-meshulav.l4:1358:1-79:
  assertion satisfied
he-sachar-meshulav.l4:1359:1-79:
  assertion satisfied
he-sachar-meshulav.l4:1368:1-55:
  assertion satisfied
he-sachar-meshulav.l4:1369:1-55:
  assertion satisfied
he-sachar-meshulav.l4:1370:1-62:
  assertion satisfied
he-sachar-meshulav.l4:1373:1-60:
  assertion satisfied
he-sachar-meshulav.l4:1378:1-99:
  assertion satisfied
he-sachar-meshulav.l4:1379:1-63:
  assertion satisfied
he-sachar-meshulav.l4:1382:1-62:
  assertion satisfied
he-sachar-meshulav.l4:1383:1-69:
  assertion satisfied
he-sachar-meshulav.l4:1391:1-98:
  assertion satisfied
he-sachar-meshulav.l4:1396:1-110:
  assertion satisfied
he-sachar-meshulav.l4:1400:1-71:
  assertion satisfied
he-sachar-meshulav.l4:1404:1-62:
  assertion satisfied
he-sachar-meshulav.l4:1408:1-56:
  assertion satisfied
he-sachar-meshulav.l4:1411:1-43:
  assertion satisfied
he-sachar-meshulav.l4:1412:1-42:
  assertion satisfied
he-sachar-meshulav.l4:1416:1-41:
  assertion satisfied
he-sachar-meshulav.l4:1417:1-104:
  assertion satisfied
