`קוד הדירוג של` with `דנה` is equal to קוד דירוג 101 — תואר ראשון
`קוד הדירוג של` with `נועם` is equal to קוד דירוג 102 — תואר שני
`קוד הדירוג של` with `יונתן` is equal to קוד דירוג 102 — תואר שני
`קוד הדירוג של` with `רפאל` is equal to קוד דירוג 106 — מורה בלתי מוסמך
`קוד הדירוג של` with `יונתן` is equal to `קוד הדירוג של` with `נועם`
`משפחת הנספחים של` with `דנה` is equal to נספחי א'1 ו־א'2, המודפסים בדרגות שלמות
`משפחת הנספחים של` with `יונתן` is equal to נספחי א'1 ו־א'2, המודפסים בדרגות שלמות
`משפחת הנספחים של` with `אורית` is equal to נספחי א'3 עד א'7, המודפסים גם בחצאי דרגות
`משפחת הנספחים של` with `רפאל` is equal to נספחי א'3 עד א'7, המודפסים גם בחצאי דרגות
`השיבוץ של` with `אורית` 's `ותק השיבוץ` is equal to 20
`השיבוץ של` with `אורית` 's `דרגת השיבוץ` is equal to `דרגה 4.5`
`השיבוץ של` with `יונתן` 's `קוד הדירוג` is equal to קוד דירוג 102 — תואר שני
`דרגת השיבוץ הראשוני של מורה חדש אקדמאי בעל ותק` with 0 is equal to `דרגה 1`
`דרגת השיבוץ הראשוני של מורה חדש אקדמאי בעל ותק` with 3 is equal to `דרגה 1`
`ותק השיבוץ הראשוני של מורה חדש אקדמאי בעל ותק` with 0 is equal to 0
`ותק השיבוץ הראשוני של מורה חדש אקדמאי בעל ותק` with 3 is equal to 3
`שיעור תוספת תואר שלישי` is equal to 0.05
`חסום מהתקדמות בדרגות לפי סעיף 36(ה) _ כאשר הסמכתו היא _` with `יונתן` and `FALSE`
not `חסום מהתקדמות בדרגות לפי סעיף 36(ה) _ כאשר הסמכתו היא _` with `יונתן` and `TRUE`
not `חסום מהתקדמות בדרגות לפי סעיף 36(ה) _ כאשר הסמכתו היא _` with `דנה` and `FALSE`
`חודשי לימודי ההסמכה הנספרים _ עד לתקרת _` with 40 and 25 is equal to 25
`חודשי לימודי ההסמכה הנספרים _ עד לתקרת _` with 12 and 25 is equal to 12
`הוותק לפי סעיף 37(א) של` with `רכיבי ותק של אורית` is equal to 20
`הוותק המוכר של _ לפי רכיבי _` with `אורית` and `רכיבי ותק של אורית` is equal to 20
`מספר הדרגה של` with `דרגה 8.5` is equal to 8.5
`מספר הדרגה של` with `דרגה 9` is equal to 9
`חצי דרגה היא` with `דרגה 4.5`
not `חצי דרגה היא` with `דרגה 4`
`פרק השהייה הנדרש לקידום מ` with `דרגה 1` is equal to 25
`פרק השהייה הנדרש לקידום מ` with `דרגה 2` is equal to 25
`פרק השהייה הנדרש לקידום מ` with `דרגה 3` is equal to 37
`פרק השהייה הנדרש לקידום מ` with `דרגה 6` is equal to 37
`פרק השהייה הנדרש לקידום מ` with `דרגה 8` is equal to 37
`פרק השהייה לפי נוסח 2008 לקידום מ` with `דרגה 1` is equal to 24
`פרק השהייה לפי נוסח 2008 לקידום מ` with `דרגה 8` is equal to 36
the difference between `פרק השהייה לפי נוסח 2008 לקידום מ` with `דרגה 1` and `פרק השהייה הנדרש לקידום מ` with `דרגה 1` is equal to 1
the difference between `פרק השהייה לפי נוסח 2008 לקידום מ` with `דרגה 5` and `פרק השהייה הנדרש לקידום מ` with `דרגה 5` is equal to 1
the following must refuse: `פרק השהייה הנדרש לקידום מ` with `דרגה 4.5`
the following must refuse: `פרק השהייה הנדרש לקידום מ` with `דרגה 9`
the following must refuse: `הדרגה שאחרי` with `דרגה 4.5`
the following must refuse: `הדרגה שאחרי` with `דרגה 9`
`הדרגה שאחרי` with `דרגה 8` is equal to `דרגה 9`
`הדרגה שאחרי` with `דרגה 1` is equal to `דרגה 2`
`חודשי השהייה הנספרים ב` with `תקופות בלי חלת` is equal to 34
`חודשי השהייה הנספרים ב` with `תקופות עם חלת` is equal to 34
`חודשי השהייה הנספרים ב` with `תקופות עם חלת` is equal to `חודשי השהייה הנספרים ב` with `תקופות בלי חלת`
`חודשי השהייה שאינם נספרים ב` with `תקופות עם חלת` is equal to 28
`חודשי השהייה שאינם נספרים ב` with `תקופות בלי חלת` is equal to 0
`מילא את פרק זמן השהייה` with `בקשת דנה`
not `מילא את פרק זמן השהייה` with `בקשת יונתן`
`מתקיימים תנאי סעיף 38(א) ב` with `בקשת דנה`
not `מתקיימים תנאי סעיף 38(ה) ב` with `בקשת דנה`
`זכאי לקידום בדרגה` with `בקשת דנה`
not `זכאי לקידום בדרגה` with `בקשת יונתן`
`שיעור המכסה לדרגה` with `דרגה 7` is equal to 0.1
`שיעור המכסה לדרגה` with `דרגה 8` is equal to 0.05
`שיעור המכסה לדרגה` with `דרגה 9` is equal to 0.03
the following must refuse: `שיעור המכסה לדרגה` with `דרגה 6`
`יש מכסה פנויה בדרגה _ כאשר משובצים בה _ מתוך _` with `דרגה 7`, 900 and 10000
not `יש מכסה פנויה בדרגה _ כאשר משובצים בה _ מתוך _` with `דרגה 7`, 1000 and 10000
`כלל המשרות לעניין סעיף 38(ז) מבין _ לבין _` with 9000 and 10000 is equal to 10000
`כלל המשרות לעניין סעיף 38(ז) מבין _ לבין _` with 11000 and 10000 is equal to 11000
`מספר החודשים המרבי לעיכוב קידום לדרגה` with `דרגה 7` is equal to 37
`מספר החודשים המרבי לעיכוב קידום לדרגה` with `דרגה 8` is equal to 49
`מספר החודשים המרבי לעיכוב קידום לדרגה` with `דרגה 9` is equal to 61
`עבר את תקרת ההמתנה לדרגה _ לאחר _ כאשר המכסה _` with `דרגה 7`, 40 and `TRUE`
not `עבר את תקרת ההמתנה לדרגה _ לאחר _ כאשר המכסה _` with `דרגה 7`, 40 and `FALSE`
not `עבר את תקרת ההמתנה לדרגה _ לאחר _ כאשר המכסה _` with `דרגה 7`, 30 and `TRUE`
the following must refuse: `הנוהל השנתי לפי סעיף 38(ח) אינו בקורפוס`
`דרגה שממנה יש קידום משלים היא` with `דרגה 8.5`
not `דרגה שממנה יש קידום משלים היא` with `דרגה 5.5`
`דרגת היעד בקידום המשלים מ` with `דרגה 6.5` is equal to `דרגה 7`
`דרגת היעד בקידום המשלים מ` with `דרגה 8` is equal to `דרגה 9`
the following must refuse: `דרגת היעד בקידום המשלים מ` with `דרגה 5`
`זכאי לקידום משלים לפי סעיף 4(ג1)` with `קידום משלים של אורית`
not `זכאי לקידום משלים לפי סעיף 4(ג1)` with `קידום משלים של מי שכבר קודם`
not `זכאי לקידום משלים לפי סעיף 4(ג2)` with `קידום משלים של אורית`
not `זכאי לקידום משלים לפי סעיף 4(ג2)` with `קידום משלים של מי שכבר קודם`
the following must refuse: `זכאי לקידום משלים לפי סעיף 4(ג2)` with `קידום משלים שאינו מוכרע`
`תוספת שמירת השכר בטלה כאשר _ וגם _ וגם _` with `TRUE`, `TRUE` and `TRUE`
not `תוספת שמירת השכר בטלה כאשר _ וגם _ וגם _` with `TRUE`, `TRUE` and `FALSE`
not `תוספת שמירת השכר בטלה כאשר _ וגם _ וגם _` with `FALSE`, `TRUE` and `TRUE`
the following must refuse: `נוסחת תוספת שמירת השכר אינה בקורפוס`
`סדרת הנספחים בתקופה` with `התקופה בשנת הלימודים תשפו` is equal to נספחי ג'1 עד ג'7, מיום 1.9.2023
`סדרת הנספחים בתקופה` with התקופה שמיום 1.9.2022 עד יום 31.8.2023 is equal to נספחי ב'1 עד ב'7, מיום 1.9.2022
the following must refuse: `סדרת הנספחים בתקופה` with התקופה שלפני 1.9.2022
`מדרגת התוספת השקלית לדרגה` with `דרגה 1` is equal to המדרגה של דרגה 1
`מדרגת התוספת השקלית לדרגה` with `דרגה 4.5` is equal to המדרגה של דרגה 4.5
`מדרגת התוספת השקלית לדרגה` with `דרגה 5` is equal to המדרגה של יתר עובדי ההוראה
`מדרגת התוספת השקלית לדרגה` with `דרגה 9` is equal to המדרגה של יתר עובדי ההוראה
השכר המשולב לפי הטבלה, למשרה מלאה with `דנה` is equal to 6300
השכר המשולב לפי הטבלה, למשרה מלאה with `נועם` is equal to 6615
`השכר המשולב של _ בחלקיות משרה _` with `דנה` and 0.5 is equal to 3150
השכר המשולב לפי הטבלה, למשרה מלאה with `יונתן` is equal to 11466.29
`תוספת אופק 2022 במשרה מלאה של _ בתקופה _` with `אורית` and `התקופה בשנת הלימודים תשפו` is equal to 710.54
תוספת שקלית 2016, למשרה מלאה with `אורית` is equal to 749.54
תוספת שקלית 2016, למשרה מלאה with `דנה` is equal to 1280.34
`תוספת שקלית 2016 של _ בחלקיות משרה _` with `דנה` and 0.5 is equal to 640.17
`תוספת אופק 2022 במשרה מלאה של _ בתקופה _` with `דנה` and `התקופה בשנת הלימודים תשפו` is equal to 1585.54
`בסיס התוספות האחוזיות של _ בתקופה _ בחלקיות משרה _` with `דנה`, `התקופה בשנת הלימודים תשפו` and 1 is equal to 7885.54
`תוספת תואר שלישי של _ בחלקיות משרה _` with `יונתן` and 1 is equal to 573.3145
`תוספת תואר שלישי של _ בחלקיות משרה _` with `דנה` and 1 is equal to 0
the following must refuse: `נוסחת תוספת שמירת השכר אינה בקורפוס`
`המשובצים בהמרה נספרים לתוך המכסה`
`שיבוץ בהמרה אינו נמנע בשל המכסה`
חלקיות המשרה כמנה with `דנה` is equal to 1
`תוספת אופק 2022 של _ בתקופה _ לפי היקף משרתו` with `דנה` and `התקופה בשנת הלימודים תשפו` is equal to 1585.54
