36 is equal to `count` with `רשת נספח א'1`
36 is equal to `count` with `רשת נספח א'2`
36 is equal to `count` with `רשת נספח א'3`
36 is equal to `count` with `רשת נספח א'4`
36 is equal to `count` with `רשת נספח א'5`
36 is equal to `count` with `רשת נספח א'6`
36 is equal to `count` with `רשת נספח א'7`
1 is equal to `count` with `fromMaybe` with `EMPTY` and `שורת הוותק ברשת` with `רשת נספח א'1` and 1
2 is equal to `count` with `fromMaybe` with `EMPTY` and `שורת הוותק ברשת` with `רשת נספח א'1` and 3
3 is equal to `count` with `fromMaybe` with `EMPTY` and `שורת הוותק ברשת` with `רשת נספח א'1` and 6
4 is equal to `count` with `fromMaybe` with `EMPTY` and `שורת הוותק ברשת` with `רשת נספח א'1` and 8
5 is equal to `count` with `fromMaybe` with `EMPTY` and `שורת הוותק ברשת` with `רשת נספח א'1` and 11
6 is equal to `count` with `fromMaybe` with `EMPTY` and `שורת הוותק ברשת` with `רשת נספח א'1` and 14
7 is equal to `count` with `fromMaybe` with `EMPTY` and `שורת הוותק ברשת` with `רשת נספח א'1` and 18
8 is equal to `count` with `fromMaybe` with `EMPTY` and `שורת הוותק ברשת` with `רשת נספח א'1` and 22
9 is equal to `count` with `fromMaybe` with `EMPTY` and `שורת הוותק ברשת` with `רשת נספח א'1` and 26
9 is equal to `count` with `fromMaybe` with `EMPTY` and `שורת הוותק ברשת` with `רשת נספח א'1` and 36
1 is equal to `count` with `fromMaybe` with `EMPTY` and `שורת הוותק ברשת` with `רשת נספח א'2` and 1
9 is equal to `count` with `fromMaybe` with `EMPTY` and `שורת הוותק ברשת` with `רשת נספח א'2` and 26
17 is equal to `count` with `fromMaybe` with `EMPTY` and `שורת הוותק ברשת` with `רשת נספח א'3` and 1
17 is equal to `count` with `fromMaybe` with `EMPTY` and `שורת הוותק ברשת` with `רשת נספח א'5` and 36
17 is equal to `count` with `fromMaybe` with `EMPTY` and `שורת הוותק ברשת` with `רשת נספח א'7` and 36
6300 is equal to `שכר משולב לפי נספח` with נספח א'1 — טבלת השכר המשולב למורים בעלי תואר ראשון (קוד דירוג 101), `דרגה 1` and 1
6615 is equal to `שכר משולב לפי נספח` with נספח א'2 — טבלת השכר המשולב למורים בעלי תואר שני (קוד דירוג 102), `דרגה 1` and 1
8038.19 is equal to `שכר משולב לפי נספח` with נספח א'1 — טבלת השכר המשולב למורים בעלי תואר ראשון (קוד דירוג 101), `דרגה 3` and 6
9080.95 is equal to `שכר משולב לפי נספח` with נספח א'1 — טבלת השכר המשולב למורים בעלי תואר ראשון (קוד דירוג 101), `דרגה 4` and 10
10259.98 is equal to `שכר משולב לפי נספח` with נספח א'1 — טבלת השכר המשולב למורים בעלי תואר ראשון (קוד דירוג 101), `דרגה 5` and 15
11466.29 is equal to `שכר משולב לפי נספח` with נספח א'2 — טבלת השכר המשולב למורים בעלי תואר שני (קוד דירוג 102), `דרגה 6` and 14
16886.09 is equal to `שכר משולב לפי נספח` with נספח א'1 — טבלת השכר המשולב למורים בעלי תואר ראשון (קוד דירוג 101), `דרגה 9` and 36
10407.18 is equal to `שכר משולב לפי נספח` with נספח א'3 — טבלת המרה לשכר מורים קיימים, תואר ראשון (קוד דירוג 101), `דרגה 4.5` and 20
4306.05 is equal to `שכר משולב לפי נספח` with נספח א'6 — טבלת המרה לשכר מורים קיימים בדרגת מוסמך (קוד דירוג 105), `דרגה 1` and 1
3746.61 is equal to `שכר משולב לפי נספח` with נספח א'7 — טבלת המרה לשכר מורים קיימים בדרגת בלתי מוסמך (קוד דירוג 106), `דרגה 1` and 1
`שכר משולב לפי נספח` with נספח א'1 — טבלת השכר המשולב למורים בעלי תואר ראשון (קוד דירוג 101), `דרגה 1` and 1 is equal to `שכר משולב לפי נספח` with נספח א'3 — טבלת המרה לשכר מורים קיימים, תואר ראשון (קוד דירוג 101), `דרגה 1` and 1
`שכר משולב לפי נספח` with נספח א'1 — טבלת השכר המשולב למורים בעלי תואר ראשון (קוד דירוג 101), `דרגה 5` and 20 is equal to `שכר משולב לפי נספח` with נספח א'3 — טבלת המרה לשכר מורים קיימים, תואר ראשון (קוד דירוג 101), `דרגה 5` and 20
`שכר משולב לפי נספח` with נספח א'1 — טבלת השכר המשולב למורים בעלי תואר ראשון (קוד דירוג 101), `דרגה 9` and 36 is equal to `שכר משולב לפי נספח` with נספח א'3 — טבלת המרה לשכר מורים קיימים, תואר ראשון (קוד דירוג 101), `דרגה 9` and 36
`שכר משולב לפי נספח` with נספח א'2 — טבלת השכר המשולב למורים בעלי תואר שני (קוד דירוג 102), `דרגה 6` and 14 is equal to `שכר משולב לפי נספח` with נספח א'4 — טבלת המרה לשכר מורים קיימים, תואר שני (קוד דירוג 102), `דרגה 6` and 14
`TRUE` is equal to the difference between the product of `שכר משולב לפי נספח` with נספח א'1 — טבלת השכר המשולב למורים בעלי תואר ראשון (קוד דירוג 101), `דרגה 1` and 1 and 1.02 and `שכר משולב לפי נספח` with נספח א'1 — טבלת השכר המשולב למורים בעלי תואר ראשון (קוד דירוג 101), `דרגה 1` and 2 is less than 0.01
`TRUE` is equal to the difference between `שכר משולב לפי נספח` with נספח א'1 — טבלת השכר המשולב למורים בעלי תואר ראשון (קוד דירוג 101), `דרגה 1` and 2 and the product of `שכר משולב לפי נספח` with נספח א'1 — טבלת השכר המשולב למורים בעלי תואר ראשון (קוד דירוג 101), `דרגה 1` and 1 and 1.02 is less than 0.01
`TRUE` is equal to the difference between the product of `שכר משולב לפי נספח` with נספח א'1 — טבלת השכר המשולב למורים בעלי תואר ראשון (קוד דירוג 101), `דרגה 2` and 8 and 1.01 and `שכר משולב לפי נספח` with נספח א'1 — טבלת השכר המשולב למורים בעלי תואר ראשון (קוד דירוג 101), `דרגה 2` and 9 is less than 0.01
`TRUE` is equal to the difference between `שכר משולב לפי נספח` with נספח א'1 — טבלת השכר המשולב למורים בעלי תואר ראשון (קוד דירוג 101), `דרגה 2` and 9 and the product of `שכר משולב לפי נספח` with נספח א'1 — טבלת השכר המשולב למורים בעלי תואר ראשון (קוד דירוג 101), `דרגה 2` and 8 and 1.01 is less than 0.01
`TRUE` is equal to the difference between the product of `שכר משולב לפי נספח` with נספח א'2 — טבלת השכר המשולב למורים בעלי תואר שני (קוד דירוג 102), `דרגה 7` and 29 and 1.01 and `שכר משולב לפי נספח` with נספח א'2 — טבלת השכר המשולב למורים בעלי תואר שני (קוד דירוג 102), `דרגה 7` and 30 is less than 0.01
`TRUE` is equal to the difference between the product of `שכר משולב לפי נספח` with נספח א'1 — טבלת השכר המשולב למורים בעלי תואר ראשון (קוד דירוג 101), `דרגה 2` and 11 and 1.075 and `שכר משולב לפי נספח` with נספח א'1 — טבלת השכר המשולב למורים בעלי תואר ראשון (קוד דירוג 101), `דרגה 3` and 11 is less than 0.01
`TRUE` is equal to the difference between `שכר משולב לפי נספח` with נספח א'1 — טבלת השכר המשולב למורים בעלי תואר ראשון (קוד דירוג 101), `דרגה 3` and 11 and the product of `שכר משולב לפי נספח` with נספח א'1 — טבלת השכר המשולב למורים בעלי תואר ראשון (קוד דירוג 101), `דרגה 2` and 11 and 1.075 is less than 0.01
`TRUE` is equal to the difference between the product of `שכר משולב לפי נספח` with נספח א'3 — טבלת המרה לשכר מורים קיימים, תואר ראשון (קוד דירוג 101), `דרגה 4` and 20 and 1.075 and `שכר משולב לפי נספח` with נספח א'3 — טבלת המרה לשכר מורים קיימים, תואר ראשון (קוד דירוג 101), `דרגה 5` and 20 is less than 0.01
1585.54 is equal to `תוספת אופק 2022 לפי נספח` with נספח ג'1 — תוספת אופק 2022 מיום 1.9.2023, תואר ראשון (101) and `דרגה 1`
792.77 is equal to `תוספת אופק 2022 לפי נספח` with נספח ב'1 — תוספת אופק 2022 מיום 1.9.2022, תואר ראשון (101) and `דרגה 1`
1585.54 is equal to the product of 792.77 and 2
1664.87 is equal to the difference between 0.01 and the product of 832.44 and 2
710.54 is equal to `תוספת אופק 2022 לפי נספח` with נספח ג'3 — תוספת אופק 2022, מורים קיימים תואר ראשון (101); הכותרת גורסת 1.1.2023 and `דרגה 4.5`
0 is equal to `תוספת אופק 2022 לפי נספח` with נספח ג'2 — תוספת אופק 2022 מיום 1.9.2023, תואר שני (102) and `דרגה 9`
`תוספת אופק 2022 לפי נספח` with נספח ב'1 — תוספת אופק 2022 מיום 1.9.2022, תואר ראשון (101) and `דרגה 4` is equal to `תוספת אופק 2022 לפי נספח` with נספח ב'3 — תוספת אופק 2022 מיום 1.9.2022, מורים קיימים תואר ראשון (101) and `דרגה 4`
`תוספת אופק 2022 לפי נספח` with נספח ג'1 — תוספת אופק 2022 מיום 1.9.2023, תואר ראשון (101) and `דרגה 4` is equal to `תוספת אופק 2022 לפי נספח` with נספח ג'3 — תוספת אופק 2022, מורים קיימים תואר ראשון (101); הכותרת גורסת 1.1.2023 and `דרגה 4`
`תוספת אופק 2022 לפי נספח` with נספח ב'2 — תוספת אופק 2022 מיום 1.9.2022, תואר שני (102) and `דרגה 4` is equal to `תוספת אופק 2022 לפי נספח` with נספח ב'4 — תוספת אופק 2022 מיום 1.9.2022, מורים קיימים תואר שני (102) and `דרגה 4`
1280.34 is equal to `תוספת שקלית 2016 לדרגה` with `דרגה 1`
749.54 is equal to `תוספת שקלית 2016 לדרגה` with `דרגה 4.5`
647.49 is equal to `תוספת שקלית 2016 לדרגה` with `דרגה 5`
647.49 is equal to `תוספת שקלית 2016 לדרגה` with `דרגה 9`
511.6 is equal to ערך יום הבראה לשנת הלימודים תשפ"ו
7 is equal to `ימי הבראה לפי ותק` with 3
9 is equal to `ימי הבראה לפי ותק` with 4
10 is equal to `ימי הבראה לפי ותק` with 11
11 is equal to `ימי הבראה לפי ותק` with 17
12 is equal to `ימי הבראה לפי ותק` with 20
13 is equal to `ימי הבראה לפי ותק` with 25
5627.6 is equal to the product of `ימי הבראה לפי ותק` with 17 and ערך יום הבראה לשנת הלימודים תשפ"ו
`שכר משולב לפי נספח` with נספח א'1 — טבלת השכר המשולב למורים בעלי תואר ראשון (קוד דירוג 101), `דרגה 2` and 1
`שכר משולב לפי נספח` with נספח א'1 — טבלת השכר המשולב למורים בעלי תואר ראשון (קוד דירוג 101), `דרגה 1` and 37
`שכר משולב לפי נספח` with נספח א'1 — טבלת השכר המשולב למורים בעלי תואר ראשון (קוד דירוג 101), `דרגה 1.5` and 10
`שכר משולב לפי נספח` with נספח א'3 — טבלת המרה לשכר מורים קיימים, תואר ראשון (קוד דירוג 101), `דרגה 1.5` and 1
