Parsing successful
Typechecking successful
Evaluation successful
he-tavlaot.l4:751:1-39:
  assertion satisfied
he-tavlaot.l4:752:1-39:
  assertion satisfied
he-tavlaot.l4:753:1-39:
  assertion satisfied
he-tavlaot.l4:754:1-39:
  assertion satisfied
he-tavlaot.l4:755:1-39:
  assertion satisfied
he-tavlaot.l4:756:1-39:
  assertion satisfied
he-tavlaot.l4:757:1-39:
  assertion satisfied
he-tavlaot.l4:762:1-78:
  assertion satisfied
he-tavlaot.l4:763:1-78:
  assertion satisfied
he-tavlaot.l4:764:1-78:
  assertion satisfied
he-tavlaot.l4:765:1-78:
  assertion satisfied
he-tavlaot.l4:766:1-79:
  assertion satisfied
he-tavlaot.l4:767:1-79:
  assertion satisfied
he-tavlaot.l4:768:1-79:
  assertion satisfied
he-tavlaot.l4:769:1-79:
  assertion satisfied
he-tavlaot.l4:770:1-79:
  assertion satisfied
he-tavlaot.l4:771:1-79:
  assertion satisfied
he-tavlaot.l4:772:1-78:
  assertion satisfied
he-tavlaot.l4:773:1-79:
  assertion satisfied
he-tavlaot.l4:774:1-79:
  assertion satisfied
he-tavlaot.l4:775:1-80:
  assertion satisfied
he-tavlaot.l4:776:1-80:
  assertion satisfied
he-tavlaot.l4:779:1-66:
  assertion satisfied
he-tavlaot.l4:780:1-66:
  assertion satisfied
he-tavlaot.l4:781:1-66:
  assertion satisfied
he-tavlaot.l4:782:1-67:
  assertion satisfied
he-tavlaot.l4:783:1-68:
  assertion satisfied
he-tavlaot.l4:784:1-68:
  assertion satisfied
he-tavlaot.l4:785:1-68:
  assertion satisfied
he-tavlaot.l4:786:1-70:
  assertion satisfied
he-tavlaot.l4:787:1-66:
  assertion satisfied
he-tavlaot.l4:788:1-66:
  assertion satisfied
he-tavlaot.l4:793:1-101:
  assertion satisfied
he-tavlaot.l4:794:1-103:
  assertion satisfied
he-tavlaot.l4:795:1-103:
  assertion satisfied
he-tavlaot.l4:796:1-103:
  assertion satisfied
he-tavlaot.l4:800:1-140:
  assertion satisfied
he-tavlaot.l4:801:1-140:
  assertion satisfied
he-tavlaot.l4:802:1-140:
  assertion satisfied
he-tavlaot.l4:803:1-140:
  assertion satisfied
he-tavlaot.l4:804:1-142:
  assertion satisfied
he-tavlaot.l4:807:1-143:
  assertion satisfied
he-tavlaot.l4:808:1-143:
  assertion satisfied
he-tavlaot.l4:809:1-143:
  assertion satisfied
he-tavlaot.l4:814:1-70:
  assertion satisfied
he-tavlaot.l4:815:1-69:
  assertion satisfied
he-tavlaot.l4:816:1-38:
  assertion satisfied
he-tavlaot.l4:817:1-49:
  assertion satisfied
he-tavlaot.l4:818:1-71:
  assertion satisfied
he-tavlaot.l4:819:1-64:
  assertion satisfied
he-tavlaot.l4:824:1-109:
  assertion satisfied
he-tavlaot.l4:825:1-109:
  assertion satisfied
he-tavlaot.l4:826:1-109:
  assertion satisfied
he-tavlaot.l4:829:1-57:
  assertion satisfied
he-tavlaot.l4:830:1-58:
  assertion satisfied
he-tavlaot.l4:831:1-56:
  assertion satisfied
he-tavlaot.l4:832:1-56:
  assertion satisfied
he-tavlaot.l4:833:1-37:
  assertion satisfied
he-tavlaot.l4:834:1-39:
  assertion satisfied
he-tavlaot.l4:835:1-39:
  assertion satisfied
he-tavlaot.l4:836:1-41:
  assertion satisfied
he-tavlaot.l4:837:1-41:
  assertion satisfied
he-tavlaot.l4:838:1-41:
  assertion satisfied
he-tavlaot.l4:839:1-41:
  assertion satisfied
he-tavlaot.l4:840:1-67:
  assertion satisfied
he-tavlaot.l4:851:1-49:
  The model refuses to answer:
    בשורת הוותק הזאת אין תא מודפס לדרגה שביקשו; בנספחים א'1 וא'2 דרגה נפתחת רק בשורות ותק 1, 3, 6, 8, 11, 14, 18, 22 ו־26
he-tavlaot.l4:854:1-50:
  The model refuses to answer:
    טבלאות השכר מודפסות לשורות ותק 1 עד 36 בלבד; לוותק שביקשו אין שורה מודפסת
he-tavlaot.l4:857:1-52:
  The model refuses to answer:
    חצי דרגה אינה מופיעה בכותרת של נספח בן תשע עמודות; נספחי א'1, א'2, ב'1, ב'2, ג'1 וג'2 מדפיסים דרגות שלמות בלבד
he-tavlaot.l4:860:1-51:
  6536.25
